Archive member included to satisfy reference by file (symbol)

C:/ST/STM32CubeIDE_1.18.0/STM32CubeIDE/plugins/com.st.stm32cube.ide.mcu.externaltools.gnu-tools-for-stm32.13.3.rel1.win32_1.0.0.202411081344/tools/bin/../lib/gcc/arm-none-eabi/13.3.1/../../../../arm-none-eabi/lib/thumb/v8-m.main+fp/hard\libc_nano.a(libc_a-exit.o)
                              C:/ST/STM32CubeIDE_1.18.0/STM32CubeIDE/plugins/com.st.stm32cube.ide.mcu.externaltools.gnu-tools-for-stm32.13.3.rel1.win32_1.0.0.202411081344/tools/bin/../lib/gcc/arm-none-eabi/13.3.1/../../../../arm-none-eabi/lib/thumb/v8-m.main+fp/hard/crt0.o (exit)
C:/ST/STM32CubeIDE_1.18.0/STM32CubeIDE/plugins/com.st.stm32cube.ide.mcu.externaltools.gnu-tools-for-stm32.13.3.rel1.win32_1.0.0.202411081344/tools/bin/../lib/gcc/arm-none-eabi/13.3.1/../../../../arm-none-eabi/lib/thumb/v8-m.main+fp/hard\libc_nano.a(libc_a-findfp.o)
                              C:/ST/STM32CubeIDE_1.18.0/STM32CubeIDE/plugins/com.st.stm32cube.ide.mcu.externaltools.gnu-tools-for-stm32.13.3.rel1.win32_1.0.0.202411081344/tools/bin/../lib/gcc/arm-none-eabi/13.3.1/../../../../arm-none-eabi/lib/thumb/v8-m.main+fp/hard\libc_nano.a(libc_a-exit.o) (__stdio_exit_handler)
C:/ST/STM32CubeIDE_1.18.0/STM32CubeIDE/plugins/com.st.stm32cube.ide.mcu.externaltools.gnu-tools-for-stm32.13.3.rel1.win32_1.0.0.202411081344/tools/bin/../lib/gcc/arm-none-eabi/13.3.1/../../../../arm-none-eabi/lib/thumb/v8-m.main+fp/hard\libc_nano.a(libc_a-fwalk.o)
                              C:/ST/STM32CubeIDE_1.18.0/STM32CubeIDE/plugins/com.st.stm32cube.ide.mcu.externaltools.gnu-tools-for-stm32.13.3.rel1.win32_1.0.0.202411081344/tools/bin/../lib/gcc/arm-none-eabi/13.3.1/../../../../arm-none-eabi/lib/thumb/v8-m.main+fp/hard\libc_nano.a(libc_a-findfp.o) (_fwalk_sglue)
C:/ST/STM32CubeIDE_1.18.0/STM32CubeIDE/plugins/com.st.stm32cube.ide.mcu.externaltools.gnu-tools-for-stm32.13.3.rel1.win32_1.0.0.202411081344/tools/bin/../lib/gcc/arm-none-eabi/13.3.1/../../../../arm-none-eabi/lib/thumb/v8-m.main+fp/hard\libc_nano.a(libc_a-stdio.o)
                              C:/ST/STM32CubeIDE_1.18.0/STM32CubeIDE/plugins/com.st.stm32cube.ide.mcu.externaltools.gnu-tools-for-stm32.13.3.rel1.win32_1.0.0.202411081344/tools/bin/../lib/gcc/arm-none-eabi/13.3.1/../../../../arm-none-eabi/lib/thumb/v8-m.main+fp/hard\libc_nano.a(libc_a-findfp.o) (__sread)
C:/ST/STM32CubeIDE_1.18.0/STM32CubeIDE/plugins/com.st.stm32cube.ide.mcu.externaltools.gnu-tools-for-stm32.13.3.rel1.win32_1.0.0.202411081344/tools/bin/../lib/gcc/arm-none-eabi/13.3.1/../../../../arm-none-eabi/lib/thumb/v8-m.main+fp/hard\libc_nano.a(libc_a-memset.o)
                              C:/ST/STM32CubeIDE_1.18.0/STM32CubeIDE/plugins/com.st.stm32cube.ide.mcu.externaltools.gnu-tools-for-stm32.13.3.rel1.win32_1.0.0.202411081344/tools/bin/../lib/gcc/arm-none-eabi/13.3.1/../../../../arm-none-eabi/lib/thumb/v8-m.main+fp/hard/crt0.o (memset)
C:/ST/STM32CubeIDE_1.18.0/STM32CubeIDE/plugins/com.st.stm32cube.ide.mcu.externaltools.gnu-tools-for-stm32.13.3.rel1.win32_1.0.0.202411081344/tools/bin/../lib/gcc/arm-none-eabi/13.3.1/../../../../arm-none-eabi/lib/thumb/v8-m.main+fp/hard\libc_nano.a(libc_a-closer.o)
                              C:/ST/STM32CubeIDE_1.18.0/STM32CubeIDE/plugins/com.st.stm32cube.ide.mcu.externaltools.gnu-tools-for-stm32.13.3.rel1.win32_1.0.0.202411081344/tools/bin/../lib/gcc/arm-none-eabi/13.3.1/../../../../arm-none-eabi/lib/thumb/v8-m.main+fp/hard\libc_nano.a(libc_a-stdio.o) (_close_r)
C:/ST/STM32CubeIDE_1.18.0/STM32CubeIDE/plugins/com.st.stm32cube.ide.mcu.externaltools.gnu-tools-for-stm32.13.3.rel1.win32_1.0.0.202411081344/tools/bin/../lib/gcc/arm-none-eabi/13.3.1/../../../../arm-none-eabi/lib/thumb/v8-m.main+fp/hard\libc_nano.a(libc_a-reent.o)
                              C:/ST/STM32CubeIDE_1.18.0/STM32CubeIDE/plugins/com.st.stm32cube.ide.mcu.externaltools.gnu-tools-for-stm32.13.3.rel1.win32_1.0.0.202411081344/tools/bin/../lib/gcc/arm-none-eabi/13.3.1/../../../../arm-none-eabi/lib/thumb/v8-m.main+fp/hard\libc_nano.a(libc_a-closer.o) (errno)
C:/ST/STM32CubeIDE_1.18.0/STM32CubeIDE/plugins/com.st.stm32cube.ide.mcu.externaltools.gnu-tools-for-stm32.13.3.rel1.win32_1.0.0.202411081344/tools/bin/../lib/gcc/arm-none-eabi/13.3.1/../../../../arm-none-eabi/lib/thumb/v8-m.main+fp/hard\libc_nano.a(libc_a-impure.o)
                              C:/ST/STM32CubeIDE_1.18.0/STM32CubeIDE/plugins/com.st.stm32cube.ide.mcu.externaltools.gnu-tools-for-stm32.13.3.rel1.win32_1.0.0.202411081344/tools/bin/../lib/gcc/arm-none-eabi/13.3.1/../../../../arm-none-eabi/lib/thumb/v8-m.main+fp/hard\libc_nano.a(libc_a-reent.o) (_impure_ptr)
C:/ST/STM32CubeIDE_1.18.0/STM32CubeIDE/plugins/com.st.stm32cube.ide.mcu.externaltools.gnu-tools-for-stm32.13.3.rel1.win32_1.0.0.202411081344/tools/bin/../lib/gcc/arm-none-eabi/13.3.1/../../../../arm-none-eabi/lib/thumb/v8-m.main+fp/hard\libc_nano.a(libc_a-lseekr.o)
[...]
Memory Configuration

Name             Origin             Length             Attributes
RAM              0x20000000         0x000c0000         xrw
SRAM4            0x28000000         0x00004000         xrw
FLASH            0x08000000         0x00100000         xr
*default*        0x00000000         0xffffffff

Linker script and memory map

LOAD C:/ST/STM32CubeIDE_1.18.0/STM32CubeIDE/plugins/com.st.stm32cube.ide.mcu.externaltools.gnu-tools-for-stm32.13.3.rel1.win32_1.0.0.202411081344/tools/bin/../lib/gcc/arm-none-eabi/13.3.1/thumb/v8-m.main+fp/hard/crti.o
LOAD C:/ST/STM32CubeIDE_1.18.0/STM32CubeIDE/plugins/com.st.stm32cube.ide.mcu.externaltools.gnu-tools-for-stm32.13.3.rel1.win32_1.0.0.202411081344/tools/bin/../lib/gcc/arm-none-eabi/13.3.1/thumb/v8-m.main+fp/hard/crtbegin.o
LOAD C:/ST/STM32CubeIDE_1.18.0/STM32CubeIDE/plugins/com.st.stm32cube.ide.mcu.externaltools.gnu-tools-for-stm32.13.3.rel1.win32_1.0.0.202411081344/tools/bin/../lib/gcc/arm-none-eabi/13.3.1/../../../../arm-none-eabi/lib/thumb/v8-m.main+fp/hard/crt0.o
LOAD ./BlueNRG_2/Target/hci_tl_interface.o
LOAD ./Core/Src/custom_bus.o
LOAD ./Core/Src/main.o
LOAD ./Core/Src/stm32u5xx_hal_msp.o
LOAD ./Core/Src/stm32u5xx_it.o
LOAD ./Core/Src/syscalls.o
LOAD ./Core/Src/sysmem.o
LOAD ./Core/Src/system_stm32u5xx.o
LOAD ./Core/Startup/startup_stm32u575rgtx.o
LOAD ./Drivers/STM32U5xx_HAL_Driver/Src/stm32u5xx_hal.o
LOAD ./Drivers/STM32U5xx_HAL_Driver/Src/stm32u5xx_hal_adc.o
LOAD ./Drivers/STM32U5xx_HAL_Driver/Src/stm32u5xx_hal_adc_ex.o
LOAD ./Drivers/STM32U5xx_HAL_Driver/Src/stm32u5xx_hal_cortex.o
LOAD ./Drivers/STM32U5xx_HAL_Driver/Src/stm32u5xx_hal_dac.o
LOAD ./Drivers/STM32U5xx_HAL_Driver/Src/stm32u5xx_hal_dac_ex.o
LOAD ./Drivers/STM32U5xx_HAL_Driver/Src/stm32u5xx_hal_dma.o
LOAD ./Drivers/STM32U5xx_HAL_Driver/Src/stm32u5xx_hal_dma_ex.o
LOAD ./Drivers/STM32U5xx_HAL_Driver/Src/stm32u5xx_hal_exti.o
LOAD ./Drivers/STM32U5xx_HAL_Driver/Src/stm32u5xx_hal_fdcan.o
LOAD ./Drivers/STM32U5xx_HAL_Driver/Src/stm32u5xx_hal_flash.o
LOAD ./Drivers/STM32U5xx_HAL_Driver/Src/stm32u5xx_hal_flash_ex.o
LOAD ./Drivers/STM32U5xx_HAL_Driver/Src/stm32u5xx_hal_gpio.o
LOAD ./Drivers/STM32U5xx_HAL_Driver/Src/stm32u5xx_hal_gtzc.o
LOAD ./Drivers/STM32U5xx_HAL_Driver/Src/stm32u5xx_hal_i2c.o
LOAD ./Drivers/STM32U5xx_HAL_Driver/Src/stm32u5xx_hal_i2c_ex.o
LOAD ./Drivers/STM32U5xx_HAL_Driver/Src/stm32u5xx_hal_icache.o
LOAD ./Drivers/STM32U5xx_HAL_Driver/Src/stm32u5xx_hal_pwr.o
LOAD ./Drivers/STM32U5xx_HAL_Driver/Src/stm32u5xx_hal_pwr_ex.o
LOAD ./Drivers/STM32U5xx_HAL_Driver/Src/stm32u5xx_hal_rcc.o
LOAD ./Drivers/STM32U5xx_HAL_Driver/Src/stm32u5xx_hal_rcc_ex.o
LOAD ./Drivers/STM32U5xx_HAL_Driver/Src/stm32u5xx_hal_spi.o
LOAD ./Drivers/STM32U5xx_HAL_Driver/Src/stm32u5xx_hal_spi_ex.o
LOAD ./Middlewares/ST/BlueNRG-2/hci/bluenrg1_devConfig.o
LOAD ./Middlewares/ST/BlueNRG-2/hci/bluenrg1_events.o
LOAD ./Middlewares/ST/BlueNRG-2/hci/bluenrg1_events_cb.o
LOAD ./Middlewares/ST/BlueNRG-2/hci/bluenrg1_hci_le.o
LOAD ./Middlewares/ST/BlueNRG-2/hci/controller/bluenrg1_gap_aci.o
LOAD ./Middlewares/ST/BlueNRG-2/hci/controller/bluenrg1_gatt_aci.o
LOAD ./Middlewares/ST/BlueNRG-2/hci/controller/bluenrg1_hal_aci.o
LOAD ./Middlewares/ST/BlueNRG-2/hci/controller/bluenrg1_l2cap_aci.o
LOAD ./Middlewares/ST/BlueNRG-2/hci/hci_tl_patterns/Basic/hci_tl.o
LOAD ./Middlewares/ST/BlueNRG-2/utils/ble_list.o
START GROUP
LOAD C:/ST/STM32CubeIDE_1.18.0/STM32CubeIDE/plugins/com.st.stm32cube.ide.mcu.externaltools.gnu-tools-for-stm32.13.3.rel1.win32_1.0.0.202411081344/tools/bin/../lib/gcc/arm-none-eabi/13.3.1/../../../../arm-none-eabi/lib/thumb/v8-m.main+fp/hard\libc_nano.a
LOAD C:/ST/STM32CubeIDE_1.18.0/STM32CubeIDE/plugins/com.st.stm32cube.ide.mcu.externaltools.gnu-tools-for-stm32.13.3.rel1.win32_1.0.0.202411081344/tools/bin/../lib/gcc/arm-none-eabi/13.3.1/../../../../arm-none-eabi/lib/thumb/v8-m.main+fp/hard\libm.a
END GROUP
START GROUP
LOAD C:/ST/STM32CubeIDE_1.18.0/STM32CubeIDE/plugins/com.st.stm32cube.ide.mcu.externaltools.gnu-tools-for-stm32.13.3.rel1.win32_1.0.0.202411081344/tools/bin/../lib/gcc/arm-none-eabi/13.3.1/thumb/v8-m.main+fp/hard\libgcc.a
LOAD C:/ST/STM32CubeIDE_1.18.0/STM32CubeIDE/plugins/com.st.stm32cube.ide.mcu.externaltools.gnu-tools-for-stm32.13.3.rel1.win32_1.0.0.202411081344/tools/bin/../lib/gcc/arm-none-eabi/13.3.1/../../../../arm-none-eabi/lib/thumb/v8-m.main+fp/hard\libc_nano.a
END GROUP
START GROUP
LOAD C:/ST/STM32CubeIDE_1.18.0/STM32CubeIDE/plugins/com.st.stm32cube.ide.mcu.externaltools.gnu-tools-for-stm32.13.3.rel1.win32_1.0.0.202411081344/tools/bin/../lib/gcc/arm-none-eabi/13.3.1/thumb/v8-m.main+fp/hard\libgcc.a
LOAD C:/ST/STM32CubeIDE_1.18.0/STM32CubeIDE/plugins/com.st.stm32cube.ide.mcu.externaltools.gnu-tools-for-stm32.13.3.rel1.win32_1.0.0.202411081344/tools/bin/../lib/gcc/arm-none-eabi/13.3.1/../../../../arm-none-eabi/lib/thumb/v8-m.main+fp/hard\libc_nano.a
LOAD C:/ST/STM32CubeIDE_1.18.0/STM32CubeIDE/plugins/com.st.stm32cube.ide.mcu.externaltools.gnu-tools-for-stm32.13.3.rel1.win32_1.0.0.202411081344/tools/bin/../lib/gcc/arm-none-eabi/13.3.1/../../../../arm-none-eabi/lib/thumb/v8-m.main+fp/hard\libnosys.a
END GROUP
START GROUP
LOAD C:/ST/STM32CubeIDE_1.18.0/STM32CubeIDE/plugins/com.st.stm32cube.ide.mcu.externaltools.gnu-tools-for-stm32.13.3.rel1.win32_1.0.0.202411081344/tools/bin/../lib/gcc/arm-none-eabi/13.3.1/thumb/v8-m.main+fp/hard\libgcc.a
LOAD C:/ST/STM32CubeIDE_1.18.0/STM32CubeIDE/plugins/com.st.stm32cube.ide.mcu.externaltools.gnu-tools-for-stm32.13.3.rel1.win32_1.0.0.202411081344/tools/bin/../lib/gcc/arm-none-eabi/13.3.1/../../../../arm-none-eabi/lib/thumb/v8-m.main+fp/hard\libc_nano.a
LOAD C:/ST/STM32CubeIDE_1.18.0/STM32CubeIDE/plugins/com.st.stm32cube.ide.mcu.externaltools.gnu-tools-for-stm32.13.3.rel1.win32_1.0.0.202411081344/tools/bin/../lib/gcc/arm-none-eabi/13.3.1/../../../../arm-none-eabi/lib/thumb/v8-m.main+fp/hard\libnosys.a
END GROUP
LOAD C:/ST/STM32CubeIDE_1.18.0/STM32CubeIDE/plugins/com.st.stm32cube.ide.mcu.externaltools.gnu-tools-for-stm32.13.3.rel1.win32_1.0.0.202411081344/tools/bin/../lib/gcc/arm-none-eabi/13.3.1/thumb/v8-m.main+fp/hard/crtend.o
LOAD C:/ST/STM32CubeIDE_1.18.0/STM32CubeIDE/plugins/com.st.stm32cube.ide.mcu.externaltools.gnu-tools-for-stm32.13.3.rel1.win32_1.0.0.202411081344/tools/bin/../lib/gcc/arm-none-eabi/13.3.1/thumb/v8-m.main+fp/hard/crtn.o
                0x200c0000                        _estack = (ORIGIN (RAM) + LENGTH (RAM))
                0x00000200                        _Min_Heap_Size = 0x200
                0x00000400                        _Min_Stack_Size = 0x400

.isr_vector     0x08000000      0x238
 *(.isr_vector)
 .isr_vector    0x08000000      0x238 ./Core/Startup/startup_stm32u575rgtx.o
                0x08000000                g_pfnVectors

.text           0x08000238     0x66a0
 *(.text)
 .text          0x08000238       0x40 C:/ST/STM32CubeIDE_1.18.0/STM32CubeIDE/plugins/com.st.stm32cube.ide.mcu.externaltools.gnu-tools-for-stm32.13.3.rel1.win32_1.0.0.202411081344/tools/bin/../lib/gcc/arm-none-eabi/13.3.1/thumb/v8-m.main+fp/hard/crtbegin.o
 *(.text*)
 .text.main     0x08000278       0x2c ./Core/Src/main.o
                0x08000278                main
 .text.SystemClock_Config
                0x080002a4       0xd0 ./Core/Src/main.o
                0x080002a4                SystemClock_Config
 .text.MX_ADC1_Init
                0x08000374       0x88 ./Core/Src/main.o
 .text.MX_DAC1_Init
                0x080003fc       0xa8 ./Core/Src/main.o
 .text.MX_FDCAN1_Init
                0x080004a4       0x8c ./Core/Src/main.o
 .text.MX_GPDMA1_Init
                0x08000530       0x40 ./Core/Src/main.o
 .text.MX_ICACHE_Init
                0x08000570       0x26 ./Core/Src/main.o
 *fill*         0x08000596        0x2 
 .text.MX_SPI2_Init
                0x08000598       0xe0 ./Core/Src/main.o
 .text.MX_GPIO_Init
                0x08000678      0x244 ./Core/Src/main.o
 .text.Error_Handler
                0x080008bc        0xc ./Core/Src/main.o
                0x080008bc                Error_Handler
 .text.HAL_MspInit
                0x080008c8       0x34 ./Core/Src/stm32u5xx_hal_msp.o
                0x080008c8                HAL_MspInit
 .text.HAL_ADC_MspInit
                0x080008fc      0x1e4 ./Core/Src/stm32u5xx_hal_msp.o
                0x080008fc                HAL_ADC_MspInit
 .text.HAL_DAC_MspInit
                0x08000ae0       0xd0 ./Core/Src/stm32u5xx_hal_msp.o
                0x08000ae0                HAL_DAC_MspInit
 .text.HAL_FDCAN_MspInit
                0x08000bb0       0xf4 ./Core/Src/stm32u5xx_hal_msp.o
                0x08000bb0                HAL_FDCAN_MspInit
 .text.HAL_SPI_MspInit
                0x08000ca4       0xe4 ./Core/Src/stm32u5xx_hal_msp.o
                0x08000ca4                HAL_SPI_MspInit
 .text.NMI_Handler
                0x08000d88        0x8 ./Core/Src/stm32u5xx_it.o
                0x08000d88                NMI_Handler
 .text.HardFault_Handler
                0x08000d90        0x8 ./Core/Src/stm32u5xx_it.o
                0x08000d90                HardFault_Handler
 .text.MemManage_Handler
                0x08000d98        0x8 ./Core/Src/stm32u5xx_it.o
                0x08000d98                MemManage_Handler
 .text.BusFault_Handler
                0x08000da0        0x8 ./Core/Src/stm32u5xx_it.o
                0x08000da0                BusFault_Handler
 .text.UsageFault_Handler
                0x08000da8        0x8 ./Core/Src/stm32u5xx_it.o
                0x08000da8                UsageFault_Handler
 .text.SVC_Handler
                0x08000db0        0xe ./Core/Src/stm32u5xx_it.o
                0x08000db0                SVC_Handler
 .text.DebugMon_Handler
                0x08000dbe        0xe ./Core/Src/stm32u5xx_it.o
                0x08000dbe                DebugMon_Handler
 .text.PendSV_Handler
                0x08000dcc        0xe ./Core/Src/stm32u5xx_it.o
                0x08000dcc                PendSV_Handler
 .text.SysTick_Handler
                0x08000dda        0xc ./Core/Src/stm32u5xx_it.o
                0x08000dda                SysTick_Handler
 *fill*         0x08000de6        0x2 
 .text.EXTI2_IRQHandler
                0x08000de8       0x14 ./Core/Src/stm32u5xx_it.o
                0x08000de8                EXTI2_IRQHandler
 .text.EXTI8_IRQHandler
                0x08000dfc       0x10 ./Core/Src/stm32u5xx_it.o
                0x08000dfc                EXTI8_IRQHandler
 .text.EXTI9_IRQHandler
                0x08000e0c       0x10 ./Core/Src/stm32u5xx_it.o
                0x08000e0c                EXTI9_IRQHandler
 .text.EXTI10_IRQHandler
                0x08000e1c       0x10 ./Core/Src/stm32u5xx_it.o
                0x08000e1c                EXTI10_IRQHandler
 .text.GPDMA1_Channel0_IRQHandler
                0x08000e2c       0x14 ./Core/Src/stm32u5xx_it.o
                0x08000e2c                GPDMA1_Channel0_IRQHandler
 .text.ADC1_IRQHandler
                0x08000e40       0x14 ./Core/Src/stm32u5xx_it.o
                0x08000e40                ADC1_IRQHandler
 .text.FDCAN1_IT0_IRQHandler
                0x08000e54       0x14 ./Core/Src/stm32u5xx_it.o
                0x08000e54                FDCAN1_IT0_IRQHandler
 .text.FDCAN1_IT1_IRQHandler
                0x08000e68       0x14 ./Core/Src/stm32u5xx_it.o
                0x08000e68                FDCAN1_IT1_IRQHandler
 .text.SPI1_IRQHandler
                0x08000e7c       0x14 ./Core/Src/stm32u5xx_it.o
                0x08000e7c                SPI1_IRQHandler
 .text.SPI2_IRQHandler
                0x08000e90       0x14 ./Core/Src/stm32u5xx_it.o
                0x08000e90                SPI2_IRQHandler
 .text.SystemInit
                0x08000ea4       0x70 ./Core/Src/system_stm32u5xx.o
                0x08000ea4                SystemInit
 .text.Reset_Handler
                0x08000f14       0x50 ./Core/Startup/startup_stm32u575rgtx.o
                0x08000f14                Reset_Handler
 .text.Default_Handler
                0x08000f64        0x2 ./Core/Startup/startup_stm32u575rgtx.o
                0x08000f64                TIM8_TRG_COM_IRQHandler
                0x08000f64                TIM8_CC_IRQHandler
                0x08000f64                EXTI5_IRQHandler
                0x08000f64                FLASH_S_IRQHandler
                0x08000f64                EXTI13_IRQHandler
                0x08000f64                TIM1_CC_IRQHandler
                0x08000f64                TSC_IRQHandler
                0x08000f64                TAMP_IRQHandler
                0x08000f64                TIM6_IRQHandler
                0x08000f64                EXTI12_IRQHandler
                0x08000f64                CORDIC_IRQHandler
                0x08000f64                EXTI3_IRQHandler
                0x08000f64                LPTIM4_IRQHandler
                0x08000f64                GPDMA1_Channel5_IRQHandler
                0x08000f64                LPTIM2_IRQHandler
                0x08000f64                I2C3_ER_IRQHandler
                0x08000f64                PWR_S3WU_IRQHandler
                0x08000f64                MDF1_FLT2_IRQHandler
                0x08000f64                LPDMA1_Channel3_IRQHandler
                0x08000f64                LPTIM3_IRQHandler
                0x08000f64                EXTI0_IRQHandler
                0x08000f64                I2C2_EV_IRQHandler
                0x08000f64                FPU_IRQHandler
                0x08000f64                GPDMA1_Channel3_IRQHandler
                0x08000f64                GPDMA1_Channel7_IRQHandler
                0x08000f64                MDF1_FLT4_IRQHandler
                0x08000f64                RAMCFG_IRQHandler
                0x08000f64                GPDMA1_Channel9_IRQHandler
                0x08000f64                DCACHE1_IRQHandler
                0x08000f64                OCTOSPI1_IRQHandler
                0x08000f64                GPDMA1_Channel2_IRQHandler
                0x08000f64                TIM8_UP_IRQHandler
                0x08000f64                RCC_S_IRQHandler
                0x08000f64                OCTOSPI2_IRQHandler
                0x08000f64                SAI2_IRQHandler
                0x08000f64                MDF1_FLT1_IRQHandler
                0x08000f64                MDF1_FLT5_IRQHandler
                0x08000f64                EXTI15_IRQHandler
                0x08000f64                TIM17_IRQHandler
                0x08000f64                USART3_IRQHandler
                0x08000f64                RTC_IRQHandler
                0x08000f64                UART5_IRQHandler
                0x08000f64                TIM4_IRQHandler
                0x08000f64                I2C1_EV_IRQHandler
                0x08000f64                GPDMA1_Channel12_IRQHandler
                0x08000f64                GPDMA1_Channel1_IRQHandler
                0x08000f64                TIM16_IRQHandler
                0x08000f64                GPDMA1_Channel15_IRQHandler
                0x08000f64                UART4_IRQHandler
                0x08000f64                SecureFault_Handler
                0x08000f64                TIM3_IRQHandler
                0x08000f64                RCC_IRQHandler
                0x08000f64                TIM1_TRG_COM_IRQHandler
                0x08000f64                Default_Handler
                0x08000f64                GPDMA1_Channel8_IRQHandler
                0x08000f64                FMAC_IRQHandler
                0x08000f64                GPDMA1_Channel11_IRQHandler
                0x08000f64                TIM7_IRQHandler
                0x08000f64                SDMMC1_IRQHandler
                0x08000f64                TIM5_IRQHandler
                0x08000f64                UCPD1_IRQHandler
                0x08000f64                TIM15_IRQHandler
                0x08000f64                I2C3_EV_IRQHandler
                0x08000f64                LPDMA1_Channel0_IRQHandler
                0x08000f64                PVD_PVM_IRQHandler
                0x08000f64                LPDMA1_Channel1_IRQHandler
                0x08000f64                EXTI14_IRQHandler
                0x08000f64                EXTI11_IRQHandler
                0x08000f64                CRS_IRQHandler
                0x08000f64                GPDMA1_Channel14_IRQHandler
                0x08000f64                LSECSSD_IRQHandler
                0x08000f64                EXTI4_IRQHandler
                0x08000f64                RTC_S_IRQHandler
                0x08000f64                GPDMA1_Channel13_IRQHandler
                0x08000f64                RNG_IRQHandler
                0x08000f64                COMP_IRQHandler
                0x08000f64                TIM1_UP_IRQHandler
                0x08000f64                ADC4_IRQHandler
                0x08000f64                WWDG_IRQHandler
                0x08000f64                I2C4_EV_IRQHandler
                0x08000f64                ADF1_IRQHandler
                0x08000f64                IWDG_IRQHandler
                0x08000f64                LPUART1_IRQHandler
                0x08000f64                MDF1_FLT0_IRQHandler
                0x08000f64                TIM2_IRQHandler
                0x08000f64                GPDMA1_Channel4_IRQHandler
                0x08000f64                EXTI7_IRQHandler
                0x08000f64                DMA2D_IRQHandler
                0x08000f64                TIM1_BRK_IRQHandler
                0x08000f64                EXTI1_IRQHandler
                0x08000f64                SDMMC2_IRQHandler
                0x08000f64                DAC1_IRQHandler
                0x08000f64                GTZC_IRQHandler
                0x08000f64                MDF1_FLT3_IRQHandler
                0x08000f64                USART2_IRQHandler
                0x08000f64                GPDMA1_Channel6_IRQHandler
                0x08000f64                I2C2_ER_IRQHandler
                0x08000f64                TIM8_BRK_IRQHandler
                0x08000f64                FLASH_IRQHandler
                0x08000f64                USART1_IRQHandler
                0x08000f64                OTG_FS_IRQHandler
                0x08000f64                SPI3_IRQHandler
                0x08000f64                LPDMA1_Channel2_IRQHandler
                0x08000f64                I2C1_ER_IRQHandler
                0x08000f64                FMC_IRQHandler
                0x08000f64                EXTI6_IRQHandler
                0x08000f64                LPTIM1_IRQHandler
                0x08000f64                DCMI_PSSI_IRQHandler
                0x08000f64                I2C4_ER_IRQHandler
                0x08000f64                GPDMA1_Channel10_IRQHandler
                0x08000f64                ICACHE_IRQHandler
                0x08000f64                SAI1_IRQHandler
                0x08000f64                HASH_IRQHandler
 *fill*         0x08000f66        0x2 
 .text.HAL_Init
                0x08000f68       0x60 ./Drivers/STM32U5xx_HAL_Driver/Src/stm32u5xx_hal.o
                0x08000f68                HAL_Init
 .text.HAL_InitTick
                0x08000fc8       0xec ./Drivers/STM32U5xx_HAL_Driver/Src/stm32u5xx_hal.o
                0x08000fc8                HAL_InitTick
 .text.HAL_IncTick
                0x080010b4       0x28 ./Drivers/STM32U5xx_HAL_Driver/Src/stm32u5xx_hal.o
                0x080010b4                HAL_IncTick
 .text.HAL_GetTick
                0x080010dc       0x18 ./Drivers/STM32U5xx_HAL_Driver/Src/stm32u5xx_hal.o
                0x080010dc                HAL_GetTick
 .text.LL_ADC_SetCommonClock
                0x080010f4       0x26 ./Drivers/STM32U5xx_HAL_Driver/Src/stm32u5xx_hal_adc.o
 *fill*         0x0800111a        0x2 
 .text.LL_ADC_SetResolution
                0x0800111c       0x40 ./Drivers/STM32U5xx_HAL_Driver/Src/stm32u5xx_hal_adc.o
 .text.LL_ADC_SetGainCompensation
                0x0800115c       0x46 ./Drivers/STM32U5xx_HAL_Driver/Src/stm32u5xx_hal_adc.o
 .text.LL_ADC_SetSamplingTimeCommonChannels
                0x080011a2       0x3e ./Drivers/STM32U5xx_HAL_Driver/Src/stm32u5xx_hal_adc.o
 .text.LL_ADC_REG_IsTriggerSourceSWStart
                0x080011e0       0x26 ./Drivers/STM32U5xx_HAL_Driver/Src/stm32u5xx_hal_adc.o
 .text.LL_ADC_REG_GetDMATransfer
                0x08001206       0x1c ./Drivers/STM32U5xx_HAL_Driver/Src/stm32u5xx_hal_adc.o
 .text.LL_ADC_INJ_IsTriggerSourceSWStart
                0x08001222       0x26 ./Drivers/STM32U5xx_HAL_Driver/Src/stm32u5xx_hal_adc.o
 .text.LL_ADC_DisableDeepPowerDown
                0x08001248       0x24 ./Drivers/STM32U5xx_HAL_Driver/Src/stm32u5xx_hal_adc.o
 .text.LL_ADC_IsDeepPowerDownEnabled
                0x0800126c       0x28 ./Drivers/STM32U5xx_HAL_Driver/Src/stm32u5xx_hal_adc.o
 .text.LL_ADC_EnableInternalRegulator
                0x08001294       0x28 ./Drivers/STM32U5xx_HAL_Driver/Src/stm32u5xx_hal_adc.o
 .text.LL_ADC_IsInternalRegulatorEnabled
                0x080012bc       0x28 ./Drivers/STM32U5xx_HAL_Driver/Src/stm32u5xx_hal_adc.o
 .text.LL_ADC_IsEnabled
                0x080012e4       0x26 ./Drivers/STM32U5xx_HAL_Driver/Src/stm32u5xx_hal_adc.o
 .text.LL_ADC_REG_IsConversionOngoing
                0x0800130a       0x26 ./Drivers/STM32U5xx_HAL_Driver/Src/stm32u5xx_hal_adc.o
 .text.LL_ADC_INJ_IsConversionOngoing
                0x08001330       0x26 ./Drivers/STM32U5xx_HAL_Driver/Src/stm32u5xx_hal_adc.o
 *fill*         0x08001356        0x2 
 .text.HAL_ADC_Init
                0x08001358      0x594 ./Drivers/STM32U5xx_HAL_Driver/Src/stm32u5xx_hal_adc.o
                0x08001358                HAL_ADC_Init
 .text.HAL_ADC_IRQHandler
                0x080018ec      0x464 ./Drivers/STM32U5xx_HAL_Driver/Src/stm32u5xx_hal_adc.o
                0x080018ec                HAL_ADC_IRQHandler
 .text.HAL_ADC_ConvCpltCallback
                0x08001d50       0x14 ./Drivers/STM32U5xx_HAL_Driver/Src/stm32u5xx_hal_adc.o
                0x08001d50                HAL_ADC_ConvCpltCallback
 .text.HAL_ADC_LevelOutOfWindowCallback
                0x08001d64       0x14 ./Drivers/STM32U5xx_HAL_Driver/Src/stm32u5xx_hal_adc.o
                0x08001d64                HAL_ADC_LevelOutOfWindowCallback
 .text.HAL_ADC_ErrorCallback
                0x08001d78       0x14 ./Drivers/STM32U5xx_HAL_Driver/Src/stm32u5xx_hal_adc.o
                0x08001d78                HAL_ADC_ErrorCallback
 .text.HAL_ADC_CalibrationCpltCallback
                0x08001d8c       0x14 ./Drivers/STM32U5xx_HAL_Driver/Src/stm32u5xx_hal_adc.o
                0x08001d8c                HAL_ADC_CalibrationCpltCallback
 .text.HAL_ADC_VoltageRegulatorCallback
                0x08001da0       0x14 ./Drivers/STM32U5xx_HAL_Driver/Src/stm32u5xx_hal_adc.o
                0x08001da0                HAL_ADC_VoltageRegulatorCallback
 .text.HAL_ADC_ADCReadyCallback
                0x08001db4       0x14 ./Drivers/STM32U5xx_HAL_Driver/Src/stm32u5xx_hal_adc.o
                0x08001db4                HAL_ADC_ADCReadyCallback
 .text.HAL_ADCEx_InjectedConvCpltCallback
                0x08001dc8       0x14 ./Drivers/STM32U5xx_HAL_Driver/Src/stm32u5xx_hal_adc_ex.o
                0x08001dc8                HAL_ADCEx_InjectedConvCpltCallback
 .text.HAL_ADCEx_LevelOutOfWindow2Callback
                0x08001ddc       0x14 ./Drivers/STM32U5xx_HAL_Driver/Src/stm32u5xx_hal_adc_ex.o
                0x08001ddc                HAL_ADCEx_LevelOutOfWindow2Callback
 .text.HAL_ADCEx_LevelOutOfWindow3Callback
                0x08001df0       0x14 ./Drivers/STM32U5xx_HAL_Driver/Src/stm32u5xx_hal_adc_ex.o
                0x08001df0                HAL_ADCEx_LevelOutOfWindow3Callback
 .text.HAL_ADCEx_EndOfSamplingCallback
                0x08001e04       0x14 ./Drivers/STM32U5xx_HAL_Driver/Src/stm32u5xx_hal_adc_ex.o
                0x08001e04                HAL_ADCEx_EndOfSamplingCallback
 .text.__NVIC_SetPriorityGrouping
                0x08001e18       0x48 ./Drivers/STM32U5xx_HAL_Driver/Src/stm32u5xx_hal_cortex.o
 .text.__NVIC_GetPriorityGrouping
                0x08001e60       0x1c ./Drivers/STM32U5xx_HAL_Driver/Src/stm32u5xx_hal_cortex.o
 .text.__NVIC_EnableIRQ
                0x08001e7c       0x3c ./Drivers/STM32U5xx_HAL_Driver/Src/stm32u5xx_hal_cortex.o
 .text.__NVIC_SetPriority
                0x08001eb8       0x54 ./Drivers/STM32U5xx_HAL_Driver/Src/stm32u5xx_hal_cortex.o
 .text.NVIC_EncodePriority
                0x08001f0c       0x66 ./Drivers/STM32U5xx_HAL_Driver/Src/stm32u5xx_hal_cortex.o
 .text.HAL_NVIC_SetPriorityGrouping
                0x08001f72       0x16 ./Drivers/STM32U5xx_HAL_Driver/Src/stm32u5xx_hal_cortex.o
                0x08001f72                HAL_NVIC_SetPriorityGrouping
 .text.HAL_NVIC_SetPriority
                0x08001f88       0x34 ./Drivers/STM32U5xx_HAL_Driver/Src/stm32u5xx_hal_cortex.o
                0x08001f88                HAL_NVIC_SetPriority
 .text.HAL_NVIC_EnableIRQ
                0x08001fbc       0x1c ./Drivers/STM32U5xx_HAL_Driver/Src/stm32u5xx_hal_cortex.o
                0x08001fbc                HAL_NVIC_EnableIRQ
 .text.HAL_SYSTICK_Config
                0x08001fd8       0x44 ./Drivers/STM32U5xx_HAL_Driver/Src/stm32u5xx_hal_cortex.o
                0x08001fd8                HAL_SYSTICK_Config
 .text.HAL_SYSTICK_CLKSourceConfig
                0x0800201c       0xb0 ./Drivers/STM32U5xx_HAL_Driver/Src/stm32u5xx_hal_cortex.o
                0x0800201c                HAL_SYSTICK_CLKSourceConfig
 .text.HAL_SYSTICK_GetCLKSourceConfig
                0x080020cc       0x74 ./Drivers/STM32U5xx_HAL_Driver/Src/stm32u5xx_hal_cortex.o
                0x080020cc                HAL_SYSTICK_GetCLKSourceConfig
 .text.HAL_DAC_Init
                0x08002140       0x44 ./Drivers/STM32U5xx_HAL_Driver/Src/stm32u5xx_hal_dac.o
                0x08002140                HAL_DAC_Init
 .text.HAL_DAC_ConfigChannel
                0x08002184      0x340 ./Drivers/STM32U5xx_HAL_Driver/Src/stm32u5xx_hal_dac.o
                0x08002184                HAL_DAC_ConfigChannel
 .text.HAL_DACEx_SetConfigAutonomousMode
                0x080024c4       0x70 ./Drivers/STM32U5xx_HAL_Driver/Src/stm32u5xx_hal_dac_ex.o
                0x080024c4                HAL_DACEx_SetConfigAutonomousMode
 .text.HAL_DMA_Init
                0x08002534      0x284 ./Drivers/STM32U5xx_HAL_Driver/Src/stm32u5xx_hal_dma.o
                0x08002534                HAL_DMA_Init
 .text.HAL_DMA_Abort_IT
                0x080027b8       0x52 ./Drivers/STM32U5xx_HAL_Driver/Src/stm32u5xx_hal_dma.o
                0x080027b8                HAL_DMA_Abort_IT
 .text.HAL_DMA_IRQHandler
                0x0800280a      0x2c2 ./Drivers/STM32U5xx_HAL_Driver/Src/stm32u5xx_hal_dma.o
                0x0800280a                HAL_DMA_IRQHandler
 .text.HAL_DMA_ConfigChannelAttributes
                0x08002acc       0x78 ./Drivers/STM32U5xx_HAL_Driver/Src/stm32u5xx_hal_dma.o
                0x08002acc                HAL_DMA_ConfigChannelAttributes
 .text.DMA_Init
                0x08002b44      0x500 ./Drivers/STM32U5xx_HAL_Driver/Src/stm32u5xx_hal_dma.o
 .text.HAL_EXTI_IRQHandler
                0x08003044       0x90 ./Drivers/STM32U5xx_HAL_Driver/Src/stm32u5xx_hal_exti.o
                0x08003044                HAL_EXTI_IRQHandler
 .text.HAL_FDCAN_Init
                0x080030d4      0x2a4 ./Drivers/STM32U5xx_HAL_Driver/Src/stm32u5xx_hal_fdcan.o
                0x080030d4                HAL_FDCAN_Init
 .text.HAL_FDCAN_IRQHandler
                0x08003378      0x266 ./Drivers/STM32U5xx_HAL_Driver/Src/stm32u5xx_hal_fdcan.o
                0x08003378                HAL_FDCAN_IRQHandler
 .text.HAL_FDCAN_TxEventFifoCallback
                0x080035de       0x16 ./Drivers/STM32U5xx_HAL_Driver/Src/stm32u5xx_hal_fdcan.o
                0x080035de                HAL_FDCAN_TxEventFifoCallback
 .text.HAL_FDCAN_RxFifo0Callback
                0x080035f4       0x16 ./Drivers/STM32U5xx_HAL_Driver/Src/stm32u5xx_hal_fdcan.o
                0x080035f4                HAL_FDCAN_RxFifo0Callback
 .text.HAL_FDCAN_RxFifo1Callback
                0x0800360a       0x16 ./Drivers/STM32U5xx_HAL_Driver/Src/stm32u5xx_hal_fdcan.o
                0x0800360a                HAL_FDCAN_RxFifo1Callback
 .text.HAL_FDCAN_TxFifoEmptyCallback
                0x08003620       0x14 ./Drivers/STM32U5xx_HAL_Driver/Src/stm32u5xx_hal_fdcan.o
                0x08003620                HAL_FDCAN_TxFifoEmptyCallback
 .text.HAL_FDCAN_TxBufferCompleteCallback
                0x08003634       0x16 ./Drivers/STM32U5xx_HAL_Driver/Src/stm32u5xx_hal_fdcan.o
                0x08003634                HAL_FDCAN_TxBufferCompleteCallback
 .text.HAL_FDCAN_TxBufferAbortCallback
                0x0800364a       0x16 ./Drivers/STM32U5xx_HAL_Driver/Src/stm32u5xx_hal_fdcan.o
                0x0800364a                HAL_FDCAN_TxBufferAbortCallback
 .text.HAL_FDCAN_TimestampWraparoundCallback
                0x08003660       0x14 ./Drivers/STM32U5xx_HAL_Driver/Src/stm32u5xx_hal_fdcan.o
                0x08003660                HAL_FDCAN_TimestampWraparoundCallback
 .text.HAL_FDCAN_TimeoutOccurredCallback
                0x08003674       0x14 ./Drivers/STM32U5xx_HAL_Driver/Src/stm32u5xx_hal_fdcan.o
                0x08003674                HAL_FDCAN_TimeoutOccurredCallback
 .text.HAL_FDCAN_HighPriorityMessageCallback
                0x08003688       0x14 ./Drivers/STM32U5xx_HAL_Driver/Src/stm32u5xx_hal_fdcan.o
                0x08003688                HAL_FDCAN_HighPriorityMessageCallback
 .text.HAL_FDCAN_ErrorCallback
                0x0800369c       0x14 ./Drivers/STM32U5xx_HAL_Driver/Src/stm32u5xx_hal_fdcan.o
                0x0800369c                HAL_FDCAN_ErrorCallback
 .text.HAL_FDCAN_ErrorStatusCallback
                0x080036b0       0x16 ./Drivers/STM32U5xx_HAL_Driver/Src/stm32u5xx_hal_fdcan.o
                0x080036b0                HAL_FDCAN_ErrorStatusCallback
 *fill*         0x080036c6        0x2 
 .text.FDCAN_CalcultateRamBlockAddresses
                0x080036c8       0xac ./Drivers/STM32U5xx_HAL_Driver/Src/stm32u5xx_hal_fdcan.o
 .text.HAL_GPIO_Init
                0x08003774      0x3c0 ./Drivers/STM32U5xx_HAL_Driver/Src/stm32u5xx_hal_gpio.o
                0x08003774                HAL_GPIO_Init
 .text.HAL_GPIO_WritePin
                0x08003b34       0x30 ./Drivers/STM32U5xx_HAL_Driver/Src/stm32u5xx_hal_gpio.o
                0x08003b34                HAL_GPIO_WritePin
 .text.HAL_GPIO_EXTI_IRQHandler
                0x08003b64       0x4c ./Drivers/STM32U5xx_HAL_Driver/Src/stm32u5xx_hal_gpio.o
                0x08003b64                HAL_GPIO_EXTI_IRQHandler
 .text.HAL_GPIO_EXTI_Rising_Callback
                0x08003bb0       0x16 ./Drivers/STM32U5xx_HAL_Driver/Src/stm32u5xx_hal_gpio.o
                0x08003bb0                HAL_GPIO_EXTI_Rising_Callback
 .text.HAL_GPIO_EXTI_Falling_Callback
                0x08003bc6       0x16 ./Drivers/STM32U5xx_HAL_Driver/Src/stm32u5xx_hal_gpio.o
                0x08003bc6                HAL_GPIO_EXTI_Falling_Callback
 .text.HAL_ICACHE_ConfigAssociativityMode
                0x08003bdc       0x40 ./Drivers/STM32U5xx_HAL_Driver/Src/stm32u5xx_hal_icache.o
                0x08003bdc                HAL_ICACHE_ConfigAssociativityMode
 .text.HAL_ICACHE_Enable
                0x08003c1c       0x20 ./Drivers/STM32U5xx_HAL_Driver/Src/stm32u5xx_hal_icache.o
                0x08003c1c                HAL_ICACHE_Enable
 .text.HAL_PWREx_ControlVoltageScaling
                0x08003c3c       0xfc ./Drivers/STM32U5xx_HAL_Driver/Src/stm32u5xx_hal_pwr_ex.o
                0x08003c3c                HAL_PWREx_ControlVoltageScaling
 .text.HAL_PWREx_GetVoltageRange
                0x08003d38       0x1c ./Drivers/STM32U5xx_HAL_Driver/Src/stm32u5xx_hal_pwr_ex.o
                0x08003d38                HAL_PWREx_GetVoltageRange
 .text.HAL_PWREx_EnableVddA
                0x08003d54       0x20 ./Drivers/STM32U5xx_HAL_Driver/Src/stm32u5xx_hal_pwr_ex.o
                0x08003d54                HAL_PWREx_EnableVddA
 .text.HAL_RCC_OscConfig
                0x08003d74      0xdb8 ./Drivers/STM32U5xx_HAL_Driver/Src/stm32u5xx_hal_rcc.o
                0x08003d74                HAL_RCC_OscConfig
 .text.HAL_RCC_ClockConfig
                0x08004b2c      0x3e4 ./Drivers/STM32U5xx_HAL_Driver/Src/stm32u5xx_hal_rcc.o
                0x08004b2c                HAL_RCC_ClockConfig
 .text.HAL_RCC_GetSysClockFreq
                0x08004f10      0x20c ./Drivers/STM32U5xx_HAL_Driver/Src/stm32u5xx_hal_rcc.o
                0x08004f10                HAL_RCC_GetSysClockFreq
 .text.HAL_RCC_GetHCLKFreq
                0x0800511c       0x34 ./Drivers/STM32U5xx_HAL_Driver/Src/stm32u5xx_hal_rcc.o
                0x0800511c                HAL_RCC_GetHCLKFreq
 .text.RCC_SetFlashLatencyFromMSIRange
                0x08005150      0x10c ./Drivers/STM32U5xx_HAL_Driver/Src/stm32u5xx_hal_rcc.o
 .text.HAL_RCCEx_PeriphCLKConfig
                0x0800525c      0xb48 ./Drivers/STM32U5xx_HAL_Driver/Src/stm32u5xx_hal_rcc_ex.o
                0x0800525c                HAL_RCCEx_PeriphCLKConfig
 .text.RCCEx_PLL2_Config
                0x08005da4      0x130 ./Drivers/STM32U5xx_HAL_Driver/Src/stm32u5xx_hal_rcc_ex.o
 .text.RCCEx_PLL3_Config
                0x08005ed4      0x130 ./Drivers/STM32U5xx_HAL_Driver/Src/stm32u5xx_hal_rcc_ex.o
 .text.HAL_SPI_Init
                0x08006004      0x22c ./Drivers/STM32U5xx_HAL_Driver/Src/stm32u5xx_hal_spi.o
                0x08006004                HAL_SPI_Init
 .text.HAL_SPI_IRQHandler
                0x08006230      0x3a8 ./Drivers/STM32U5xx_HAL_Driver/Src/stm32u5xx_hal_spi.o
                0x08006230                HAL_SPI_IRQHandler
 .text.HAL_SPI_TxCpltCallback
                0x080065d8       0x14 ./Drivers/STM32U5xx_HAL_Driver/Src/stm32u5xx_hal_spi.o
                0x080065d8                HAL_SPI_TxCpltCallback
 .text.HAL_SPI_RxCpltCallback
                0x080065ec       0x14 ./Drivers/STM32U5xx_HAL_Driver/Src/stm32u5xx_hal_spi.o
                0x080065ec                HAL_SPI_RxCpltCallback
 .text.HAL_SPI_TxRxCpltCallback
                0x08006600       0x14 ./Drivers/STM32U5xx_HAL_Driver/Src/stm32u5xx_hal_spi.o
                0x08006600                HAL_SPI_TxRxCpltCallback
 .text.HAL_SPI_ErrorCallback
                0x08006614       0x14 ./Drivers/STM32U5xx_HAL_Driver/Src/stm32u5xx_hal_spi.o
                0x08006614                HAL_SPI_ErrorCallback
 .text.HAL_SPI_SuspendCallback
                0x08006628       0x14 ./Drivers/STM32U5xx_HAL_Driver/Src/stm32u5xx_hal_spi.o
                0x08006628                HAL_SPI_SuspendCallback
 .text.SPI_DMAAbortOnError
                0x0800663c       0x34 ./Drivers/STM32U5xx_HAL_Driver/Src/stm32u5xx_hal_spi.o
 .text.SPI_CloseTransfer
                0x08006670      0x140 ./Drivers/STM32U5xx_HAL_Driver/Src/stm32u5xx_hal_spi.o
 .text.SPI_GetPacketSize
                0x080067b0       0x36 ./Drivers/STM32U5xx_HAL_Driver/Src/stm32u5xx_hal_spi.o
 .text.HAL_SPIEx_SetConfigAutonomousMode
                0x080067e6       0x82 ./Drivers/STM32U5xx_HAL_Driver/Src/stm32u5xx_hal_spi_ex.o
                0x080067e6                HAL_SPIEx_SetConfigAutonomousMode
 .text.memset   0x08006868       0x10 C:/ST/STM32CubeIDE_1.18.0/STM32CubeIDE/plugins/com.st.stm32cube.ide.mcu.externaltools.gnu-tools-for-stm32.13.3.rel1.win32_1.0.0.202411081344/tools/bin/../lib/gcc/arm-none-eabi/13.3.1/../../../../arm-none-eabi/lib/thumb/v8-m.main+fp/hard\libc_nano.a(libc_a-memset.o)
                0x08006868                memset
 .text.__libc_init_array
                0x08006878       0x48 C:/ST/STM32CubeIDE_1.18.0/STM32CubeIDE/plugins/com.st.stm32cube.ide.mcu.externaltools.gnu-tools-for-stm32.13.3.rel1.win32_1.0.0.202411081344/tools/bin/../lib/gcc/arm-none-eabi/13.3.1/../../../../arm-none-eabi/lib/thumb/v8-m.main+fp/hard\libc_nano.a(libc_a-init.o)
                0x08006878                __libc_init_array
 *(.glue_7)
 .glue_7        0x080068c0        0x0 linker stubs
 *(.glue_7t)
 .glue_7t       0x080068c0        0x0 linker stubs
 *(.eh_frame)
 .eh_frame      0x080068c0        0x0 C:/ST/STM32CubeIDE_1.18.0/STM32CubeIDE/plugins/com.st.stm32cube.ide.mcu.externaltools.gnu-tools-for-stm32.13.3.rel1.win32_1.0.0.202411081344/tools/bin/../lib/gcc/arm-none-eabi/13.3.1/thumb/v8-m.main+fp/hard/crtbegin.o
 *(.init)
 .init          0x080068c0        0x4 C:/ST/STM32CubeIDE_1.18.0/STM32CubeIDE/plugins/com.st.stm32cube.ide.mcu.externaltools.gnu-tools-for-stm32.13.3.rel1.win32_1.0.0.202411081344/tools/bin/../lib/gcc/arm-none-eabi/13.3.1/thumb/v8-m.main+fp/hard/crti.o
                0x080068c0                _init
 .init          0x080068c4        0x8 C:/ST/STM32CubeIDE_1.18.0/STM32CubeIDE/plugins/com.st.stm32cube.ide.mcu.externaltools.gnu-tools-for-stm32.13.3.rel1.win32_1.0.0.202411081344/tools/bin/../lib/gcc/arm-none-eabi/13.3.1/thumb/v8-m.main+fp/hard/crtn.o
 *(.fini)
 .fini          0x080068cc        0x4 C:/ST/STM32CubeIDE_1.18.0/STM32CubeIDE/plugins/com.st.stm32cube.ide.mcu.externaltools.gnu-tools-for-stm32.13.3.rel1.win32_1.0.0.202411081344/tools/bin/../lib/gcc/arm-none-eabi/13.3.1/thumb/v8-m.main+fp/hard/crti.o
                0x080068cc                _fini
 .fini          0x080068d0        0x8 C:/ST/STM32CubeIDE_1.18.0/STM32CubeIDE/plugins/com.st.stm32cube.ide.mcu.externaltools.gnu-tools-for-stm32.13.3.rel1.win32_1.0.0.202411081344/tools/bin/../lib/gcc/arm-none-eabi/13.3.1/thumb/v8-m.main+fp/hard/crtn.o
                0x080068d8                        _etext = .

.vfp11_veneer   0x080068d8        0x0
 .vfp11_veneer  0x080068d8        0x0 linker stubs

.v4_bx          0x080068d8        0x0
 .v4_bx         0x080068d8        0x0 linker stubs

.iplt           0x080068d8        0x0
 .iplt          0x080068d8        0x0 C:/ST/STM32CubeIDE_1.18.0/STM32CubeIDE/plugins/com.st.stm32cube.ide.mcu.externaltools.gnu-tools-for-stm32.13.3.rel1.win32_1.0.0.202411081344/tools/bin/../lib/gcc/arm-none-eabi/13.3.1/thumb/v8-m.main+fp/hard/crtbegin.o

.rodata         0x080068d8       0xd0
 *(.rodata)
 *(.rodata*)
 .rodata.AHBPrescTable
                0x080068d8       0x10 ./Core/Src/system_stm32u5xx.o
                0x080068d8                AHBPrescTable
 .rodata.MSIRangeTable
                0x080068e8       0x40 ./Core/Src/system_stm32u5xx.o
                0x080068e8                MSIRangeTable
 .rodata.LPGPIO_Map
                0x08006928       0x80 ./Drivers/STM32U5xx_HAL_Driver/Src/stm32u5xx_hal_gpio.o

.ARM.extab
 *(.ARM.extab* .gnu.linkonce.armextab.*)

.ARM            0x080069a8        0x0
                0x080069a8                        __exidx_start = .
 *(.ARM.exidx*)
                0x080069a8                        __exidx_end = .

.preinit_array  0x080069a8        0x0
                0x080069a8                        PROVIDE (__preinit_array_start = .)
 *(.preinit_array*)
                0x080069a8                        PROVIDE (__preinit_array_end = .)

.init_array     0x080069a8        0x4
                0x080069a8                        PROVIDE (__init_array_start = .)
 *(SORT_BY_NAME(.init_array.*))
 *(.init_array*)
 .init_array    0x080069a8        0x4 C:/ST/STM32CubeIDE_1.18.0/STM32CubeIDE/plugins/com.st.stm32cube.ide.mcu.externaltools.gnu-tools-for-stm32.13.3.rel1.win32_1.0.0.202411081344/tools/bin/../lib/gcc/arm-none-eabi/13.3.1/thumb/v8-m.main+fp/hard/crtbegin.o
                0x080069ac                        PROVIDE (__init_array_end = .)

.fini_array     0x080069ac        0x4
                [!provide]                        PROVIDE (__fini_array_start = .)
 *(SORT_BY_NAME(.fini_array.*))
 *(.fini_array*)
 .fini_array    0x080069ac        0x4 C:/ST/STM32CubeIDE_1.18.0/STM32CubeIDE/plugins/com.st.stm32cube.ide.mcu.externaltools.gnu-tools-for-stm32.13.3.rel1.win32_1.0.0.202411081344/tools/bin/../lib/gcc/arm-none-eabi/13.3.1/thumb/v8-m.main+fp/hard/crtbegin.o
                [!provide]                        PROVIDE (__fini_array_end = .)
                0x080069b0                        _sidata = LOADADDR (.data)

.rel.dyn        0x080069b0        0x0
 .rel.iplt      0x080069b0        0x0 C:/ST/STM32CubeIDE_1.18.0/STM32CubeIDE/plugins/com.st.stm32cube.ide.mcu.externaltools.gnu-tools-for-stm32.13.3.rel1.win32_1.0.0.202411081344/tools/bin/../lib/gcc/arm-none-eabi/13.3.1/thumb/v8-m.main+fp/hard/crtbegin.o

.data           0x20000000        0x9 load address 0x080069b0
                0x20000000                        _sdata = .
 *(.data)
 *(.data*)
 .data.SystemCoreClock
                0x20000000        0x4 ./Core/Src/system_stm32u5xx.o
                0x20000000                SystemCoreClock
 .data.uwTickPrio
                0x20000004        0x4 ./Drivers/STM32U5xx_HAL_Driver/Src/stm32u5xx_hal.o
                0x20000004                uwTickPrio
 .data.uwTickFreq
                0x20000008        0x1 ./Drivers/STM32U5xx_HAL_Driver/Src/stm32u5xx_hal.o
                0x20000008                uwTickFreq
 *(.RamFunc)
 *(.RamFunc*)
                0x20000009                        _edata = .

.igot.plt       0x2000000c        0x0 load address 0x080069b9
 .igot.plt      0x2000000c        0x0 C:/ST/STM32CubeIDE_1.18.0/STM32CubeIDE/plugins/com.st.stm32cube.ide.mcu.externaltools.gnu-tools-for-stm32.13.3.rel1.win32_1.0.0.202411081344/tools/bin/../lib/gcc/arm-none-eabi/13.3.1/thumb/v8-m.main+fp/hard/crtbegin.o

.bss            0x2000000c      0x2c8 load address 0x080069b9
                0x2000000c                        _sbss = .
                0x2000000c                        __bss_start__ = _sbss
 *(.bss)
 .bss           0x2000000c       0x1c C:/ST/STM32CubeIDE_1.18.0/STM32CubeIDE/plugins/com.st.stm32cube.ide.mcu.externaltools.gnu-tools-for-stm32.13.3.rel1.win32_1.0.0.202411081344/tools/bin/../lib/gcc/arm-none-eabi/13.3.1/thumb/v8-m.main+fp/hard/crtbegin.o
 *(.bss*)
 .bss.hexti2    0x20000028        0xc ./BlueNRG_2/Target/hci_tl_interface.o
                0x20000028                hexti2
 .bss.hspi1     0x20000034       0x90 ./Core/Src/custom_bus.o
                0x20000034                hspi1
 .bss.hadc1     0x200000c4       0x8c ./Core/Src/main.o
                0x200000c4                hadc1
 .bss.handle_GPDMA1_Channel0
                0x20000150       0x78 ./Core/Src/main.o
                0x20000150                handle_GPDMA1_Channel0
 .bss.hdac1     0x200001c8       0x14 ./Core/Src/main.o
                0x200001c8                hdac1
 .bss.hfdcan1   0x200001dc       0x64 ./Core/Src/main.o
                0x200001dc                hfdcan1
 .bss.hspi2     0x20000240       0x90 ./Core/Src/main.o
                0x20000240                hspi2
 .bss.uwTick    0x200002d0        0x4 ./Drivers/STM32U5xx_HAL_Driver/Src/stm32u5xx_hal.o
                0x200002d0                uwTick
 *(COMMON)
                0x200002d4                        _ebss = .
                0x200002d4                        __bss_end__ = _ebss

._user_heap_stack
                0x200002d4      0x604 load address 0x080069b9
                0x200002d8                        . = ALIGN (0x8)
 *fill*         0x200002d4        0x4 
                [!provide]                        PROVIDE (end = .)
                0x200002d8                        PROVIDE (_end = .)
                0x200004d8                        . = (. + _Min_Heap_Size)
 *fill*         0x200002d8      0x200 
                0x200008d8                        . = (. + _Min_Stack_Size)
 *fill*         0x200004d8      0x400 
                0x200008d8                        . = ALIGN (0x8)

/DISCARD/
 libc.a(*)
 libm.a(*)
 libgcc.a(*)

.ARM.attributes
                0x00000000       0x36
 *(.ARM.attributes)
 .ARM.attributes
                0x00000000       0x26 C:/ST/STM32CubeIDE_1.18.0/STM32CubeIDE/plugins/com.st.stm32cube.ide.mcu.externaltools.gnu-tools-for-stm32.13.3.rel1.win32_1.0.0.202411081344/tools/bin/../lib/gcc/arm-none-eabi/13.3.1/thumb/v8-m.main+fp/hard/crti.o
 .ARM.attributes
                0x00000026       0x38 C:/ST/STM32CubeIDE_1.18.0/STM32CubeIDE/plugins/com.st.stm32cube.ide.mcu.externaltools.gnu-tools-for-stm32.13.3.rel1.win32_1.0.0.202411081344/tools/bin/../lib/gcc/arm-none-eabi/13.3.1/thumb/v8-m.main+fp/hard/crtbegin.o
 .ARM.attributes
                0x0000005e       0x3a ./BlueNRG_2/Target/hci_tl_interface.o
 .ARM.attributes
                0x00000098       0x3a ./Core/Src/custom_bus.o
 .ARM.attributes
                0x000000d2       0x3a ./Core/Src/main.o
 .ARM.attributes
                0x0000010c       0x3a ./Core/Src/stm32u5xx_hal_msp.o
 .ARM.attributes
                0x00000146       0x3a ./Core/Src/stm32u5xx_it.o
 .ARM.attributes
                0x00000180       0x3a ./Core/Src/system_stm32u5xx.o
 .ARM.attributes
                0x000001ba       0x24 ./Core/Startup/startup_stm32u575rgtx.o
 .ARM.attributes
                0x000001de       0x3a ./Drivers/STM32U5xx_HAL_Driver/Src/stm32u5xx_hal.o
 .ARM.attributes
                0x00000218       0x3a ./Drivers/STM32U5xx_HAL_Driver/Src/stm32u5xx_hal_adc.o
 .ARM.attributes
                0x00000252       0x3a ./Drivers/STM32U5xx_HAL_Driver/Src/stm32u5xx_hal_adc_ex.o
 .ARM.attributes
                0x0000028c       0x3a ./Drivers/STM32U5xx_HAL_Driver/Src/stm32u5xx_hal_cortex.o
 .ARM.attributes
                0x000002c6       0x3a ./Drivers/STM32U5xx_HAL_Driver/Src/stm32u5xx_hal_dac.o
 .ARM.attributes
                0x00000300       0x3a ./Drivers/STM32U5xx_HAL_Driver/Src/stm32u5xx_hal_dac_ex.o
 .ARM.attributes
                0x0000033a       0x3a ./Drivers/STM32U5xx_HAL_Driver/Src/stm32u5xx_hal_dma.o
 .ARM.attributes
                0x00000374       0x3a ./Drivers/STM32U5xx_HAL_Driver/Src/stm32u5xx_hal_exti.o
 .ARM.attributes
                0x000003ae       0x3a ./Drivers/STM32U5xx_HAL_Driver/Src/stm32u5xx_hal_fdcan.o
 .ARM.attributes
                0x000003e8       0x3a ./Drivers/STM32U5xx_HAL_Driver/Src/stm32u5xx_hal_gpio.o
 .ARM.attributes
                0x00000422       0x3a ./Drivers/STM32U5xx_HAL_Driver/Src/stm32u5xx_hal_icache.o
 .ARM.attributes
                0x0000045c       0x3a ./Drivers/STM32U5xx_HAL_Driver/Src/stm32u5xx_hal_pwr_ex.o
 .ARM.attributes
                0x00000496       0x3a ./Drivers/STM32U5xx_HAL_Driver/Src/stm32u5xx_hal_rcc.o
 .ARM.attributes
                0x000004d0       0x3a ./Drivers/STM32U5xx_HAL_Driver/Src/stm32u5xx_hal_rcc_ex.o
 .ARM.attributes
                0x0000050a       0x3a ./Drivers/STM32U5xx_HAL_Driver/Src/stm32u5xx_hal_spi.o
 .ARM.attributes
                0x00000544       0x3a ./Drivers/STM32U5xx_HAL_Driver/Src/stm32u5xx_hal_spi_ex.o
 .ARM.attributes
                0x0000057e       0x38 C:/ST/STM32CubeIDE_1.18.0/STM32CubeIDE/plugins/com.st.stm32cube.ide.mcu.externaltools.gnu-tools-for-stm32.13.3.rel1.win32_1.0.0.202411081344/tools/bin/../lib/gcc/arm-none-eabi/13.3.1/../../../../arm-none-eabi/lib/thumb/v8-m.main+fp/hard\libc_nano.a(libc_a-memset.o)
 .ARM.attributes
                0x000005b6       0x38 C:/ST/STM32CubeIDE_1.18.0/STM32CubeIDE/plugins/com.st.stm32cube.ide.mcu.externaltools.gnu-tools-for-stm32.13.3.rel1.win32_1.0.0.202411081344/tools/bin/../lib/gcc/arm-none-eabi/13.3.1/../../../../arm-none-eabi/lib/thumb/v8-m.main+fp/hard\libc_nano.a(libc_a-init.o)
 .ARM.attributes
                0x000005ee       0x26 C:/ST/STM32CubeIDE_1.18.0/STM32CubeIDE/plugins/com.st.stm32cube.ide.mcu.externaltools.gnu-tools-for-stm32.13.3.rel1.win32_1.0.0.202411081344/tools/bin/../lib/gcc/arm-none-eabi/13.3.1/thumb/v8-m.main+fp/hard/crtn.o
OUTPUT(Insole_data_acquisition_MCU.elf elf32-littlearm)
LOAD linker stubs
LOAD C:/ST/STM32CubeIDE_1.18.0/STM32CubeIDE/plugins/com.st.stm32cube.ide.mcu.externaltools.gnu-tools-for-stm32.13.3.rel1.win32_1.0.0.202411081344/tools/bin/../lib/gcc/arm-none-eabi/13.3.1/../../../../arm-none-eabi/lib/thumb/v8-m.main+fp/hard\libc.a
LOAD C:/ST/STM32CubeIDE_1.18.0/STM32CubeIDE/plugins/com.st.stm32cube.ide.mcu.externaltools.gnu-tools-for-stm32.13.3.rel1.win32_1.0.0.202411081344/tools/bin/../lib/gcc/arm-none-eabi/13.3.1/../../../../arm-none-eabi/lib/thumb/v8-m.main+fp/hard\libm.a
LOAD C:/ST/STM32CubeIDE_1.18.0/STM32CubeIDE/plugins/com.st.stm32cube.ide.mcu.externaltools.gnu-tools-for-stm32.13.3.rel1.win32_1.0.0.202411081344/tools/bin/../lib/gcc/arm-none-eabi/13.3.1/thumb/v8-m.main+fp/hard\libgcc.a

.debug_info     0x00000000    0x1a2d7
 .debug_info    0x00000000      0xddc ./BlueNRG_2/Target/hci_tl_interface.o
 .debug_info    0x00000ddc     0x1816 ./Core/Src/custom_bus.o
 .debug_info    0x000025f2     0x23c5 ./Core/Src/main.o
 .debug_info    0x000049b7     0x233e ./Core/Src/stm32u5xx_hal_msp.o
 .debug_info    0x00006cf5     0x1490 ./Core/Src/stm32u5xx_it.o
 .debug_info    0x00008185      0x929 ./Core/Src/system_stm32u5xx.o
 .debug_info    0x00008aae       0x30 ./Core/Startup/startup_stm32u575rgtx.o
 .debug_info    0x00008ade     0x11ec ./Drivers/STM32U5xx_HAL_Driver/Src/stm32u5xx_hal.o
 .debug_info    0x00009cca     0x2679 ./Drivers/STM32U5xx_HAL_Driver/Src/stm32u5xx_hal_adc.o
 .debug_info    0x0000c343     0x1d41 ./Drivers/STM32U5xx_HAL_Driver/Src/stm32u5xx_hal_adc_ex.o
 .debug_info    0x0000e084     0x163a ./Drivers/STM32U5xx_HAL_Driver/Src/stm32u5xx_hal_cortex.o
 .debug_info    0x0000f6be      0xf5d ./Drivers/STM32U5xx_HAL_Driver/Src/stm32u5xx_hal_dac.o
 .debug_info    0x0001061b      0xe50 ./Drivers/STM32U5xx_HAL_Driver/Src/stm32u5xx_hal_dac_ex.o
 .debug_info    0x0001146b      0xadc ./Drivers/STM32U5xx_HAL_Driver/Src/stm32u5xx_hal_dma.o
 .debug_info    0x00011f47      0x736 ./Drivers/STM32U5xx_HAL_Driver/Src/stm32u5xx_hal_exti.o
 .debug_info    0x0001267d     0x1920 ./Drivers/STM32U5xx_HAL_Driver/Src/stm32u5xx_hal_fdcan.o
 .debug_info    0x00013f9d      0x859 ./Drivers/STM32U5xx_HAL_Driver/Src/stm32u5xx_hal_gpio.o
 .debug_info    0x000147f6      0x4d6 ./Drivers/STM32U5xx_HAL_Driver/Src/stm32u5xx_hal_icache.o
 .debug_info    0x00014ccc      0xe3e ./Drivers/STM32U5xx_HAL_Driver/Src/stm32u5xx_hal_pwr_ex.o
 .debug_info    0x00015b0a     0x11f0 ./Drivers/STM32U5xx_HAL_Driver/Src/stm32u5xx_hal_rcc.o
 .debug_info    0x00016cfa     0x157f ./Drivers/STM32U5xx_HAL_Driver/Src/stm32u5xx_hal_rcc_ex.o
 .debug_info    0x00018279     0x15c7 ./Drivers/STM32U5xx_HAL_Driver/Src/stm32u5xx_hal_spi.o
 .debug_info    0x00019840      0xa97 ./Drivers/STM32U5xx_HAL_Driver/Src/stm32u5xx_hal_spi_ex.o

.debug_abbrev   0x00000000     0x33ed
 .debug_abbrev  0x00000000      0x2e8 ./BlueNRG_2/Target/hci_tl_interface.o
 .debug_abbrev  0x000002e8      0x2d4 ./Core/Src/custom_bus.o
 .debug_abbrev  0x000005bc      0x2de ./Core/Src/main.o
 .debug_abbrev  0x0000089a      0x263 ./Core/Src/stm32u5xx_hal_msp.o
 .debug_abbrev  0x00000afd      0x1b6 ./Core/Src/stm32u5xx_it.o
 .debug_abbrev  0x00000cb3      0x129 ./Core/Src/system_stm32u5xx.o
 .debug_abbrev  0x00000ddc       0x24 ./Core/Startup/startup_stm32u575rgtx.o
 .debug_abbrev  0x00000e00      0x2a5 ./Drivers/STM32U5xx_HAL_Driver/Src/stm32u5xx_hal.o
 .debug_abbrev  0x000010a5      0x2ce ./Drivers/STM32U5xx_HAL_Driver/Src/stm32u5xx_hal_adc.o
 .debug_abbrev  0x00001373      0x2f3 ./Drivers/STM32U5xx_HAL_Driver/Src/stm32u5xx_hal_adc_ex.o
 .debug_abbrev  0x00001666      0x311 ./Drivers/STM32U5xx_HAL_Driver/Src/stm32u5xx_hal_cortex.o
 .debug_abbrev  0x00001977      0x234 ./Drivers/STM32U5xx_HAL_Driver/Src/stm32u5xx_hal_dac.o
 .debug_abbrev  0x00001bab      0x27e ./Drivers/STM32U5xx_HAL_Driver/Src/stm32u5xx_hal_dac_ex.o
 .debug_abbrev  0x00001e29      0x1ff ./Drivers/STM32U5xx_HAL_Driver/Src/stm32u5xx_hal_dma.o
 .debug_abbrev  0x00002028      0x198 ./Drivers/STM32U5xx_HAL_Driver/Src/stm32u5xx_hal_exti.o
 .debug_abbrev  0x000021c0      0x20b ./Drivers/STM32U5xx_HAL_Driver/Src/stm32u5xx_hal_fdcan.o
 .debug_abbrev  0x000023cb      0x25a ./Drivers/STM32U5xx_HAL_Driver/Src/stm32u5xx_hal_gpio.o
 .debug_abbrev  0x00002625      0x228 ./Drivers/STM32U5xx_HAL_Driver/Src/stm32u5xx_hal_icache.o
 .debug_abbrev  0x0000284d      0x215 ./Drivers/STM32U5xx_HAL_Driver/Src/stm32u5xx_hal_pwr_ex.o
 .debug_abbrev  0x00002a62      0x2cb ./Drivers/STM32U5xx_HAL_Driver/Src/stm32u5xx_hal_rcc.o
 .debug_abbrev  0x00002d2d      0x23d ./Drivers/STM32U5xx_HAL_Driver/Src/stm32u5xx_hal_rcc_ex.o
 .debug_abbrev  0x00002f6a      0x2bc ./Drivers/STM32U5xx_HAL_Driver/Src/stm32u5xx_hal_spi.o
 .debug_abbrev  0x00003226      0x1c7 ./Drivers/STM32U5xx_HAL_Driver/Src/stm32u5xx_hal_spi_ex.o

.debug_aranges  0x00000000     0x14b0
 .debug_aranges
                0x00000000       0x68 ./BlueNRG_2/Target/hci_tl_interface.o
 .debug_aranges
                0x00000068       0x60 ./Core/Src/custom_bus.o
 .debug_aranges
                0x000000c8       0x68 ./Core/Src/main.o
 .debug_aranges
                0x00000130       0x60 ./Core/Src/stm32u5xx_hal_msp.o
 .debug_aranges
                0x00000190       0xb0 ./Core/Src/stm32u5xx_it.o
 .debug_aranges
                0x00000240       0x28 ./Core/Src/system_stm32u5xx.o
 .debug_aranges
                0x00000268       0x28 ./Core/Startup/startup_stm32u575rgtx.o
 .debug_aranges
                0x00000290      0x148 ./Drivers/STM32U5xx_HAL_Driver/Src/stm32u5xx_hal.o
 .debug_aranges
                0x000003d8      0x270 ./Drivers/STM32U5xx_HAL_Driver/Src/stm32u5xx_hal_adc.o
 .debug_aranges
                0x00000648      0x178 ./Drivers/STM32U5xx_HAL_Driver/Src/stm32u5xx_hal_adc_ex.o
 .debug_aranges
                0x000007c0      0x140 ./Drivers/STM32U5xx_HAL_Driver/Src/stm32u5xx_hal_cortex.o
 .debug_aranges
                0x00000900       0xc0 ./Drivers/STM32U5xx_HAL_Driver/Src/stm32u5xx_hal_dac.o
 .debug_aranges
                0x000009c0       0xc0 ./Drivers/STM32U5xx_HAL_Driver/Src/stm32u5xx_hal_dac_ex.o
 .debug_aranges
                0x00000a80       0xa0 ./Drivers/STM32U5xx_HAL_Driver/Src/stm32u5xx_hal_dma.o
 .debug_aranges
                0x00000b20       0x70 ./Drivers/STM32U5xx_HAL_Driver/Src/stm32u5xx_hal_exti.o
 .debug_aranges
                0x00000b90      0x208 ./Drivers/STM32U5xx_HAL_Driver/Src/stm32u5xx_hal_fdcan.o
 .debug_aranges
                0x00000d98       0x78 ./Drivers/STM32U5xx_HAL_Driver/Src/stm32u5xx_hal_gpio.o
 .debug_aranges
                0x00000e10       0xa8 ./Drivers/STM32U5xx_HAL_Driver/Src/stm32u5xx_hal_icache.o
 .debug_aranges
                0x00000eb8      0x200 ./Drivers/STM32U5xx_HAL_Driver/Src/stm32u5xx_hal_pwr_ex.o
 .debug_aranges
                0x000010b8       0xa8 ./Drivers/STM32U5xx_HAL_Driver/Src/stm32u5xx_hal_rcc.o
 .debug_aranges
                0x00001160      0x160 ./Drivers/STM32U5xx_HAL_Driver/Src/stm32u5xx_hal_rcc_ex.o
 .debug_aranges
                0x000012c0      0x1a8 ./Drivers/STM32U5xx_HAL_Driver/Src/stm32u5xx_hal_spi.o
 .debug_aranges
                0x00001468       0x48 ./Drivers/STM32U5xx_HAL_Driver/Src/stm32u5xx_hal_spi_ex.o

.debug_rnglists
                0x00000000      0xfa5
 .debug_rnglists
                0x00000000       0x4c ./BlueNRG_2/Target/hci_tl_interface.o
 .debug_rnglists
                0x0000004c       0x45 ./Core/Src/custom_bus.o
 .debug_rnglists
                0x00000091       0x4f ./Core/Src/main.o
 .debug_rnglists
                0x000000e0       0x47 ./Core/Src/stm32u5xx_hal_msp.o
 .debug_rnglists
                0x00000127       0x7f ./Core/Src/stm32u5xx_it.o
 .debug_rnglists
                0x000001a6       0x1a ./Core/Src/system_stm32u5xx.o
 .debug_rnglists
                0x000001c0       0x19 ./Core/Startup/startup_stm32u575rgtx.o
 .debug_rnglists
                0x000001d9       0xf3 ./Drivers/STM32U5xx_HAL_Driver/Src/stm32u5xx_hal.o
 .debug_rnglists
                0x000002cc      0x1e2 ./Drivers/STM32U5xx_HAL_Driver/Src/stm32u5xx_hal_adc.o
 .debug_rnglists
                0x000004ae      0x124 ./Drivers/STM32U5xx_HAL_Driver/Src/stm32u5xx_hal_adc_ex.o
 .debug_rnglists
                0x000005d2       0xec ./Drivers/STM32U5xx_HAL_Driver/Src/stm32u5xx_hal_cortex.o
 .debug_rnglists
                0x000006be       0x90 ./Drivers/STM32U5xx_HAL_Driver/Src/stm32u5xx_hal_dac.o
 .debug_rnglists
                0x0000074e       0x90 ./Drivers/STM32U5xx_HAL_Driver/Src/stm32u5xx_hal_dac_ex.o
 .debug_rnglists
                0x000007de       0x7e ./Drivers/STM32U5xx_HAL_Driver/Src/stm32u5xx_hal_dma.o
 .debug_rnglists
                0x0000085c       0x53 ./Drivers/STM32U5xx_HAL_Driver/Src/stm32u5xx_hal_exti.o
 .debug_rnglists
                0x000008af      0x18d ./Drivers/STM32U5xx_HAL_Driver/Src/stm32u5xx_hal_fdcan.o
 .debug_rnglists
                0x00000a3c       0x5a ./Drivers/STM32U5xx_HAL_Driver/Src/stm32u5xx_hal_gpio.o
 .debug_rnglists
                0x00000a96       0x7a ./Drivers/STM32U5xx_HAL_Driver/Src/stm32u5xx_hal_icache.o
 .debug_rnglists
                0x00000b10      0x186 ./Drivers/STM32U5xx_HAL_Driver/Src/stm32u5xx_hal_pwr_ex.o
 .debug_rnglists
                0x00000c96       0x7f ./Drivers/STM32U5xx_HAL_Driver/Src/stm32u5xx_hal_rcc.o
 .debug_rnglists
                0x00000d15      0x113 ./Drivers/STM32U5xx_HAL_Driver/Src/stm32u5xx_hal_rcc_ex.o
 .debug_rnglists
                0x00000e28      0x148 ./Drivers/STM32U5xx_HAL_Driver/Src/stm32u5xx_hal_spi.o
 .debug_rnglists
                0x00000f70       0x35 ./Drivers/STM32U5xx_HAL_Driver/Src/stm32u5xx_hal_spi_ex.o

.debug_macro    0x00000000    0x3554c
 .debug_macro   0x00000000      0x35c ./BlueNRG_2/Target/hci_tl_interface.o
 .debug_macro   0x0000035c      0xade ./BlueNRG_2/Target/hci_tl_interface.o
 .debug_macro   0x00000e3a       0x16 ./BlueNRG_2/Target/hci_tl_interface.o
 .debug_macro   0x00000e50      0x20d ./BlueNRG_2/Target/hci_tl_interface.o
 .debug_macro   0x0000105d       0x2e ./BlueNRG_2/Target/hci_tl_interface.o
 .debug_macro   0x0000108b       0x42 ./BlueNRG_2/Target/hci_tl_interface.o
 .debug_macro   0x000010cd       0x22 ./BlueNRG_2/Target/hci_tl_interface.o
 .debug_macro   0x000010ef       0x8e ./BlueNRG_2/Target/hci_tl_interface.o
 .debug_macro   0x0000117d       0x51 ./BlueNRG_2/Target/hci_tl_interface.o
 .debug_macro   0x000011ce      0x103 ./BlueNRG_2/Target/hci_tl_interface.o
 .debug_macro   0x000012d1       0x6a ./BlueNRG_2/Target/hci_tl_interface.o
 .debug_macro   0x0000133b      0x1df ./BlueNRG_2/Target/hci_tl_interface.o
 .debug_macro   0x0000151a       0x1c ./BlueNRG_2/Target/hci_tl_interface.o
 .debug_macro   0x00001536       0x29 ./BlueNRG_2/Target/hci_tl_interface.o
 .debug_macro   0x0000155f       0xfb ./BlueNRG_2/Target/hci_tl_interface.o
 .debug_macro   0x0000165a     0x1685 ./BlueNRG_2/Target/hci_tl_interface.o
 .debug_macro   0x00002cdf       0x5e ./BlueNRG_2/Target/hci_tl_interface.o
 .debug_macro   0x00002d3d    0x227a9 ./BlueNRG_2/Target/hci_tl_interface.o
 .debug_macro   0x000254e6       0x6d ./BlueNRG_2/Target/hci_tl_interface.o
 .debug_macro   0x00025553     0x393e ./BlueNRG_2/Target/hci_tl_interface.o
 .debug_macro   0x00028e91      0x190 ./BlueNRG_2/Target/hci_tl_interface.o
 .debug_macro   0x00029021       0x61 ./BlueNRG_2/Target/hci_tl_interface.o
 .debug_macro   0x00029082       0x2a ./BlueNRG_2/Target/hci_tl_interface.o
 .debug_macro   0x000290ac       0x43 ./BlueNRG_2/Target/hci_tl_interface.o
 .debug_macro   0x000290ef       0x34 ./BlueNRG_2/Target/hci_tl_interface.o
 .debug_macro   0x00029123      0x370 ./BlueNRG_2/Target/hci_tl_interface.o
 .debug_macro   0x00029493       0x16 ./BlueNRG_2/Target/hci_tl_interface.o
 .debug_macro   0x000294a9       0x4a ./BlueNRG_2/Target/hci_tl_interface.o
 .debug_macro   0x000294f3       0x34 ./BlueNRG_2/Target/hci_tl_interface.o
 .debug_macro   0x00029527       0x10 ./BlueNRG_2/Target/hci_tl_interface.o
 .debug_macro   0x00029537       0x58 ./BlueNRG_2/Target/hci_tl_interface.o
 .debug_macro   0x0002958f       0x8e ./BlueNRG_2/Target/hci_tl_interface.o
 .debug_macro   0x0002961d       0x1c ./BlueNRG_2/Target/hci_tl_interface.o
 .debug_macro   0x00029639      0x185 ./BlueNRG_2/Target/hci_tl_interface.o
 .debug_macro   0x000297be      0x19b ./BlueNRG_2/Target/hci_tl_interface.o
 .debug_macro   0x00029959       0x5d ./BlueNRG_2/Target/hci_tl_interface.o
 .debug_macro   0x000299b6     0x1ae5 ./BlueNRG_2/Target/hci_tl_interface.o
 .debug_macro   0x0002b49b      0x7dc ./BlueNRG_2/Target/hci_tl_interface.o
 .debug_macro   0x0002bc77      0x166 ./BlueNRG_2/Target/hci_tl_interface.o
 .debug_macro   0x0002bddd      0x2aa ./BlueNRG_2/Target/hci_tl_interface.o
 .debug_macro   0x0002c087       0xc9 ./BlueNRG_2/Target/hci_tl_interface.o
 .debug_macro   0x0002c150      0x5a5 ./BlueNRG_2/Target/hci_tl_interface.o
 .debug_macro   0x0002c6f5      0x439 ./BlueNRG_2/Target/hci_tl_interface.o
 .debug_macro   0x0002cb2e       0xd6 ./BlueNRG_2/Target/hci_tl_interface.o
 .debug_macro   0x0002cc04      0x1cd ./BlueNRG_2/Target/hci_tl_interface.o
 .debug_macro   0x0002cdd1     0x1415 ./BlueNRG_2/Target/hci_tl_interface.o
 .debug_macro   0x0002e1e6      0x950 ./BlueNRG_2/Target/hci_tl_interface.o
 .debug_macro   0x0002eb36      0x2cd ./BlueNRG_2/Target/hci_tl_interface.o
 .debug_macro   0x0002ee03      0x1ca ./BlueNRG_2/Target/hci_tl_interface.o
 .debug_macro   0x0002efcd       0xe5 ./BlueNRG_2/Target/hci_tl_interface.o
 .debug_macro   0x0002f0b2      0x432 ./BlueNRG_2/Target/hci_tl_interface.o
 .debug_macro   0x0002f4e4       0x95 ./BlueNRG_2/Target/hci_tl_interface.o
 .debug_macro   0x0002f579      0x11c ./BlueNRG_2/Target/hci_tl_interface.o
 .debug_macro   0x0002f695      0x525 ./BlueNRG_2/Target/hci_tl_interface.o
 .debug_macro   0x0002fbba      0x4bf ./BlueNRG_2/Target/hci_tl_interface.o
 .debug_macro   0x00030079      0x5cf ./BlueNRG_2/Target/hci_tl_interface.o
 .debug_macro   0x00030648       0xee ./BlueNRG_2/Target/hci_tl_interface.o
 .debug_macro   0x00030736       0xeb ./BlueNRG_2/Target/hci_tl_interface.o
 .debug_macro   0x00030821      0x1c0 ./BlueNRG_2/Target/hci_tl_interface.o
 .debug_macro   0x000309e1      0x6bd ./BlueNRG_2/Target/hci_tl_interface.o
 .debug_macro   0x0003109e      0x361 ./BlueNRG_2/Target/hci_tl_interface.o
 .debug_macro   0x000313ff       0x28 ./BlueNRG_2/Target/hci_tl_interface.o
 .debug_macro   0x00031427       0x82 ./BlueNRG_2/Target/hci_tl_interface.o
 .debug_macro   0x000314a9       0x6a ./BlueNRG_2/Target/hci_tl_interface.o
 .debug_macro   0x00031513       0x40 ./BlueNRG_2/Target/hci_tl_interface.o
 .debug_macro   0x00031553       0x46 ./BlueNRG_2/Target/hci_tl_interface.o
 .debug_macro   0x00031599       0x16 ./BlueNRG_2/Target/hci_tl_interface.o
 .debug_macro   0x000315af       0x3c ./BlueNRG_2/Target/hci_tl_interface.o
 .debug_macro   0x000315eb       0x20 ./BlueNRG_2/Target/hci_tl_interface.o
 .debug_macro   0x0003160b       0xa0 ./BlueNRG_2/Target/hci_tl_interface.o
 .debug_macro   0x000316ab      0x2d0 ./Core/Src/custom_bus.o
 .debug_macro   0x0003197b      0x2e8 ./Core/Src/main.o
 .debug_macro   0x00031c63       0x2e ./Core/Src/main.o
 .debug_macro   0x00031c91      0x13c ./Core/Src/main.o
 .debug_macro   0x00031dcd      0x2e8 ./Core/Src/stm32u5xx_hal_msp.o
 .debug_macro   0x000320b5      0x2f2 ./Core/Src/stm32u5xx_it.o
 .debug_macro   0x000323a7      0x2b0 ./Core/Src/system_stm32u5xx.o
 .debug_macro   0x00032657      0x2cd ./Drivers/STM32U5xx_HAL_Driver/Src/stm32u5xx_hal.o
 .debug_macro   0x00032924      0x2cd ./Drivers/STM32U5xx_HAL_Driver/Src/stm32u5xx_hal_adc.o
 .debug_macro   0x00032bf1      0x2b5 ./Drivers/STM32U5xx_HAL_Driver/Src/stm32u5xx_hal_adc_ex.o
 .debug_macro   0x00032ea6      0x2a9 ./Drivers/STM32U5xx_HAL_Driver/Src/stm32u5xx_hal_cortex.o
 .debug_macro   0x0003314f      0x2bf ./Drivers/STM32U5xx_HAL_Driver/Src/stm32u5xx_hal_dac.o
 .debug_macro   0x0003340e      0x2af ./Drivers/STM32U5xx_HAL_Driver/Src/stm32u5xx_hal_dac_ex.o
 .debug_macro   0x000336bd      0x2aa ./Drivers/STM32U5xx_HAL_Driver/Src/stm32u5xx_hal_dma.o
 .debug_macro   0x00033967      0x2c1 ./Drivers/STM32U5xx_HAL_Driver/Src/stm32u5xx_hal_exti.o
 .debug_macro   0x00033c28      0x3bb ./Drivers/STM32U5xx_HAL_Driver/Src/stm32u5xx_hal_fdcan.o
 .debug_macro   0x00033fe3      0x2de ./Drivers/STM32U5xx_HAL_Driver/Src/stm32u5xx_hal_gpio.o
 .debug_macro   0x000342c1      0x2db ./Drivers/STM32U5xx_HAL_Driver/Src/stm32u5xx_hal_icache.o
 .debug_macro   0x0003459c      0x2d4 ./Drivers/STM32U5xx_HAL_Driver/Src/stm32u5xx_hal_pwr_ex.o
 .debug_macro   0x00034870      0x3af ./Drivers/STM32U5xx_HAL_Driver/Src/stm32u5xx_hal_rcc.o
 .debug_macro   0x00034c1f      0x3d3 ./Drivers/STM32U5xx_HAL_Driver/Src/stm32u5xx_hal_rcc_ex.o
 .debug_macro   0x00034ff2      0x2b1 ./Drivers/STM32U5xx_HAL_Driver/Src/stm32u5xx_hal_spi.o
 .debug_macro   0x000352a3      0x2a9 ./Drivers/STM32U5xx_HAL_Driver/Src/stm32u5xx_hal_spi_ex.o

.debug_line     0x00000000    0x19540
 .debug_line    0x00000000      0xc67 ./BlueNRG_2/Target/hci_tl_interface.o
 .debug_line    0x00000c67      0xb00 ./Core/Src/custom_bus.o
 .debug_line    0x00001767      0xc61 ./Core/Src/main.o
 .debug_line    0x000023c8      0xb47 ./Core/Src/stm32u5xx_hal_msp.o
 .debug_line    0x00002f0f      0xaee ./Core/Src/stm32u5xx_it.o
 .debug_line    0x000039fd      0x9f6 ./Core/Src/system_stm32u5xx.o
 .debug_line    0x000043f3       0x79 ./Core/Startup/startup_stm32u575rgtx.o
 .debug_line    0x0000446c      0xd9b ./Drivers/STM32U5xx_HAL_Driver/Src/stm32u5xx_hal.o
 .debug_line    0x00005207     0x2864 ./Drivers/STM32U5xx_HAL_Driver/Src/stm32u5xx_hal_adc.o
 .debug_line    0x00007a6b     0x18db ./Drivers/STM32U5xx_HAL_Driver/Src/stm32u5xx_hal_adc_ex.o
 .debug_line    0x00009346      0xf45 ./Drivers/STM32U5xx_HAL_Driver/Src/stm32u5xx_hal_cortex.o
 .debug_line    0x0000a28b      0xfc8 ./Drivers/STM32U5xx_HAL_Driver/Src/stm32u5xx_hal_dac.o
 .debug_line    0x0000b253      0xec2 ./Drivers/STM32U5xx_HAL_Driver/Src/stm32u5xx_hal_dac_ex.o
 .debug_line    0x0000c115     0x1384 ./Drivers/STM32U5xx_HAL_Driver/Src/stm32u5xx_hal_dma.o
 .debug_line    0x0000d499      0xd3a ./Drivers/STM32U5xx_HAL_Driver/Src/stm32u5xx_hal_exti.o
 .debug_line    0x0000e1d3     0x1a64 ./Drivers/STM32U5xx_HAL_Driver/Src/stm32u5xx_hal_fdcan.o
 .debug_line    0x0000fc37      0xea4 ./Drivers/STM32U5xx_HAL_Driver/Src/stm32u5xx_hal_gpio.o
 .debug_line    0x00010adb      0xbe8 ./Drivers/STM32U5xx_HAL_Driver/Src/stm32u5xx_hal_icache.o
 .debug_line    0x000116c3     0x1270 ./Drivers/STM32U5xx_HAL_Driver/Src/stm32u5xx_hal_pwr_ex.o
 .debug_line    0x00012933     0x1783 ./Drivers/STM32U5xx_HAL_Driver/Src/stm32u5xx_hal_rcc.o
 .debug_line    0x000140b6     0x23aa ./Drivers/STM32U5xx_HAL_Driver/Src/stm32u5xx_hal_rcc_ex.o
 .debug_line    0x00016460     0x260b ./Drivers/STM32U5xx_HAL_Driver/Src/stm32u5xx_hal_spi.o
 .debug_line    0x00018a6b      0xad5 ./Drivers/STM32U5xx_HAL_Driver/Src/stm32u5xx_hal_spi_ex.o

.debug_str      0x00000000   0x153ab9
 .debug_str     0x00000000   0x153ab9 ./BlueNRG_2/Target/hci_tl_interface.o
                             0x149d8d (size before relaxing)
 .debug_str     0x00153ab9   0x14a124 ./Core/Src/custom_bus.o
 .debug_str     0x00153ab9   0x14aed6 ./Core/Src/main.o
 .debug_str     0x00153ab9   0x14ade4 ./Core/Src/stm32u5xx_hal_msp.o
 .debug_str     0x00153ab9   0x14a0a0 ./Core/Src/stm32u5xx_it.o
 .debug_str     0x00153ab9   0x14894d ./Core/Src/system_stm32u5xx.o
 .debug_str     0x00153ab9       0x93 ./Core/Startup/startup_stm32u575rgtx.o
 .debug_str     0x00153ab9   0x1497c3 ./Drivers/STM32U5xx_HAL_Driver/Src/stm32u5xx_hal.o
 .debug_str     0x00153ab9   0x149c48 ./Drivers/STM32U5xx_HAL_Driver/Src/stm32u5xx_hal_adc.o
 .debug_str     0x00153ab9   0x14979f ./Drivers/STM32U5xx_HAL_Driver/Src/stm32u5xx_hal_adc_ex.o
 .debug_str     0x00153ab9   0x149592 ./Drivers/STM32U5xx_HAL_Driver/Src/stm32u5xx_hal_cortex.o
 .debug_str     0x00153ab9   0x1490c0 ./Drivers/STM32U5xx_HAL_Driver/Src/stm32u5xx_hal_dac.o
 .debug_str     0x00153ab9   0x148f85 ./Drivers/STM32U5xx_HAL_Driver/Src/stm32u5xx_hal_dac_ex.o
 .debug_str     0x00153ab9   0x148cd1 ./Drivers/STM32U5xx_HAL_Driver/Src/stm32u5xx_hal_dma.o
 .debug_str     0x00153ab9   0x1488c5 ./Drivers/STM32U5xx_HAL_Driver/Src/stm32u5xx_hal_exti.o
 .debug_str     0x00153ab9   0x149d41 ./Drivers/STM32U5xx_HAL_Driver/Src/stm32u5xx_hal_fdcan.o
 .debug_str     0x00153ab9   0x148972 ./Drivers/STM32U5xx_HAL_Driver/Src/stm32u5xx_hal_gpio.o
 .debug_str     0x00153ab9   0x148c6f ./Drivers/STM32U5xx_HAL_Driver/Src/stm32u5xx_hal_icache.o
 .debug_str     0x00153ab9   0x14908d ./Drivers/STM32U5xx_HAL_Driver/Src/stm32u5xx_hal_pwr_ex.o
 .debug_str     0x00153ab9   0x14a042 ./Drivers/STM32U5xx_HAL_Driver/Src/stm32u5xx_hal_rcc.o
 .debug_str     0x00153ab9   0x14b2a5 ./Drivers/STM32U5xx_HAL_Driver/Src/stm32u5xx_hal_rcc_ex.o
 .debug_str     0x00153ab9   0x149241 ./Drivers/STM32U5xx_HAL_Driver/Src/stm32u5xx_hal_spi.o
 .debug_str     0x00153ab9   0x148db1 ./Drivers/STM32U5xx_HAL_Driver/Src/stm32u5xx_hal_spi_ex.o

.comment        0x00000000       0x43
 .comment       0x00000000       0x43 ./BlueNRG_2/Target/hci_tl_interface.o
                                 0x44 (size before relaxing)
 .comment       0x00000043       0x44 ./Core/Src/custom_bus.o
 .comment       0x00000043       0x44 ./Core/Src/main.o
 .comment       0x00000043       0x44 ./Core/Src/stm32u5xx_hal_msp.o
 .comment       0x00000043       0x44 ./Core/Src/stm32u5xx_it.o
 .comment       0x00000043       0x44 ./Core/Src/system_stm32u5xx.o
 .comment       0x00000043       0x44 ./Drivers/STM32U5xx_HAL_Driver/Src/stm32u5xx_hal.o
 .comment       0x00000043       0x44 ./Drivers/STM32U5xx_HAL_Driver/Src/stm32u5xx_hal_adc.o
 .comment       0x00000043       0x44 ./Drivers/STM32U5xx_HAL_Driver/Src/stm32u5xx_hal_adc_ex.o
 .comment       0x00000043       0x44 ./Drivers/STM32U5xx_HAL_Driver/Src/stm32u5xx_hal_cortex.o
 .comment       0x00000043       0x44 ./Drivers/STM32U5xx_HAL_Driver/Src/stm32u5xx_hal_dac.o
 .comment       0x00000043       0x44 ./Drivers/STM32U5xx_HAL_Driver/Src/stm32u5xx_hal_dac_ex.o
 .comment       0x00000043       0x44 ./Drivers/STM32U5xx_HAL_Driver/Src/stm32u5xx_hal_dma.o
 .comment       0x00000043       0x44 ./Drivers/STM32U5xx_HAL_Driver/Src/stm32u5xx_hal_exti.o
 .comment       0x00000043       0x44 ./Drivers/STM32U5xx_HAL_Driver/Src/stm32u5xx_hal_fdcan.o
 .comment       0x00000043       0x44 ./Drivers/STM32U5xx_HAL_Driver/Src/stm32u5xx_hal_gpio.o
 .comment       0x00000043       0x44 ./Drivers/STM32U5xx_HAL_Driver/Src/stm32u5xx_hal_icache.o
 .comment       0x00000043       0x44 ./Drivers/STM32U5xx_HAL_Driver/Src/stm32u5xx_hal_pwr_ex.o
 .comment       0x00000043       0x44 ./Drivers/STM32U5xx_HAL_Driver/Src/stm32u5xx_hal_rcc.o
 .comment       0x00000043       0x44 ./Drivers/STM32U5xx_HAL_Driver/Src/stm32u5xx_hal_rcc_ex.o
 .comment       0x00000043       0x44 ./Drivers/STM32U5xx_HAL_Driver/Src/stm32u5xx_hal_spi.o
 .comment       0x00000043       0x44 ./Drivers/STM32U5xx_HAL_Driver/Src/stm32u5xx_hal_spi_ex.o

.debug_frame    0x00000000     0x5748
 .debug_frame   0x00000000      0x148 ./BlueNRG_2/Target/hci_tl_interface.o
 .debug_frame   0x00000148      0x150 ./Core/Src/custom_bus.o
 .debug_frame   0x00000298      0x154 ./Core/Src/main.o
 .debug_frame   0x000003ec      0x164 ./Core/Src/stm32u5xx_hal_msp.o
 .debug_frame   0x00000550      0x21c ./Core/Src/stm32u5xx_it.o
 .debug_frame   0x0000076c       0x58 ./Core/Src/system_stm32u5xx.o
 .debug_frame   0x000007c4      0x500 ./Drivers/STM32U5xx_HAL_Driver/Src/stm32u5xx_hal.o
 .debug_frame   0x00000cc4      0xb94 ./Drivers/STM32U5xx_HAL_Driver/Src/stm32u5xx_hal_adc.o
 .debug_frame   0x00001858      0x6b8 ./Drivers/STM32U5xx_HAL_Driver/Src/stm32u5xx_hal_adc_ex.o
 .debug_frame   0x00001f10      0x560 ./Drivers/STM32U5xx_HAL_Driver/Src/stm32u5xx_hal_cortex.o
 .debug_frame   0x00002470      0x33c ./Drivers/STM32U5xx_HAL_Driver/Src/stm32u5xx_hal_dac.o
 .debug_frame   0x000027ac      0x348 ./Drivers/STM32U5xx_HAL_Driver/Src/stm32u5xx_hal_dac_ex.o
 .debug_frame   0x00002af4      0x2a0 ./Drivers/STM32U5xx_HAL_Driver/Src/stm32u5xx_hal_dma.o
 .debug_frame   0x00002d94      0x1c4 ./Drivers/STM32U5xx_HAL_Driver/Src/stm32u5xx_hal_exti.o
 .debug_frame   0x00002f58      0x9b0 ./Drivers/STM32U5xx_HAL_Driver/Src/stm32u5xx_hal_fdcan.o
 .debug_frame   0x00003908      0x1ec ./Drivers/STM32U5xx_HAL_Driver/Src/stm32u5xx_hal_gpio.o
 .debug_frame   0x00003af4      0x298 ./Drivers/STM32U5xx_HAL_Driver/Src/stm32u5xx_hal_icache.o
 .debug_frame   0x00003d8c      0x84c ./Drivers/STM32U5xx_HAL_Driver/Src/stm32u5xx_hal_pwr_ex.o
 .debug_frame   0x000045d8      0x288 ./Drivers/STM32U5xx_HAL_Driver/Src/stm32u5xx_hal_rcc.o
 .debug_frame   0x00004860      0x5f0 ./Drivers/STM32U5xx_HAL_Driver/Src/stm32u5xx_hal_rcc_ex.o
 .debug_frame   0x00004e50      0x7ac ./Drivers/STM32U5xx_HAL_Driver/Src/stm32u5xx_hal_spi.o
 .debug_frame   0x000055fc      0x100 ./Drivers/STM32U5xx_HAL_Driver/Src/stm32u5xx_hal_spi_ex.o
 .debug_frame   0x000056fc       0x20 C:/ST/STM32CubeIDE_1.18.0/STM32CubeIDE/plugins/com.st.stm32cube.ide.mcu.externaltools.gnu-tools-for-stm32.13.3.rel1.win32_1.0.0.202411081344/tools/bin/../lib/gcc/arm-none-eabi/13.3.1/../../../../arm-none-eabi/lib/thumb/v8-m.main+fp/hard\libc_nano.a(libc_a-memset.o)
 .debug_frame   0x0000571c       0x2c C:/ST/STM32CubeIDE_1.18.0/STM32CubeIDE/plugins/com.st.stm32cube.ide.mcu.externaltools.gnu-tools-for-stm32.13.3.rel1.win32_1.0.0.202411081344/tools/bin/../lib/gcc/arm-none-eabi/13.3.1/../../../../arm-none-eabi/lib/thumb/v8-m.main+fp/hard\libc_nano.a(libc_a-init.o)

.debug_line_str
                0x00000000       0x77
 .debug_line_str
                0x00000000       0x77 ./Core/Startup/startup_stm32u575rgtx.o
