Archive member included to satisfy reference by file (symbol)

C:/ST/STM32CubeIDE_1.18.0/STM32CubeIDE/plugins/com.st.stm32cube.ide.mcu.externaltools.gnu-tools-for-stm32.13.3.rel1.win32_1.0.0.202411081344/tools/bin/../lib/gcc/arm-none-eabi/13.3.1/../../../../arm-none-eabi/lib/thumb/v8-m.main+fp/hard\libc_nano.a(libc_a-exit.o)
                              C:/ST/STM32CubeIDE_1.18.0/STM32CubeIDE/plugins/com.st.stm32cube.ide.mcu.externaltools.gnu-tools-for-stm32.13.3.rel1.win32_1.0.0.202411081344/tools/bin/../lib/gcc/arm-none-eabi/13.3.1/../../../../arm-none-eabi/lib/thumb/v8-m.main+fp/hard/crt0.o (exit)
C:/ST/STM32CubeIDE_1.18.0/STM32CubeIDE/plugins/com.st.stm32cube.ide.mcu.externaltools.gnu-tools-for-stm32.13.3.rel1.win32_1.0.0.202411081344/tools/bin/../lib/gcc/arm-none-eabi/13.3.1/../../../../arm-none-eabi/lib/thumb/v8-m.main+fp/hard\libc_nano.a(libc_a-findfp.o)
                              C:/ST/STM32CubeIDE_1.18.0/STM32CubeIDE/plugins/com.st.stm32cube.ide.mcu.externaltools.gnu-tools-for-stm32.13.3.rel1.win32_1.0.0.202411081344/tools/bin/../lib/gcc/arm-none-eabi/13.3.1/../../../../arm-none-eabi/lib/thumb/v8-m.main+fp/hard\libc_nano.a(libc_a-exit.o) (__stdio_exit_handler)
C:/ST/STM32CubeIDE_1.18.0/STM32CubeIDE/plugins/com.st.stm32cube.ide.mcu.externaltools.gnu-tools-for-stm32.13.3.rel1.win32_1.0.0.202411081344/tools/bin/../lib/gcc/arm-none-eabi/13.3.1/../../../../arm-none-eabi/lib/thumb/v8-m.main+fp/hard\libc_nano.a(libc_a-fwalk.o)
                              C:/ST/STM32CubeIDE_1.18.0/STM32CubeIDE/plugins/com.st.stm32cube.ide.mcu.externaltools.gnu-tools-for-stm32.13.3.rel1.win32_1.0.0.202411081344/tools/bin/../lib/gcc/arm-none-eabi/13.3.1/../../../../arm-none-eabi/lib/thumb/v8-m.main+fp/hard\libc_nano.a(libc_a-findfp.o) (_fwalk_sglue)
C:/ST/STM32CubeIDE_1.18.0/STM32CubeIDE/plugins/com.st.stm32cube.ide.mcu.externaltools.gnu-tools-for-stm32.13.3.rel1.win32_1.0.0.202411081344/tools/bin/../lib/gcc/arm-none-eabi/13.3.1/../../../../arm-none-eabi/lib/thumb/v8-m.main+fp/hard\libc_nano.a(libc_a-stdio.o)
                              C:/ST/STM32CubeIDE_1.18.0/STM32CubeIDE/plugins/com.st.stm32cube.ide.mcu.externaltools.gnu-tools-for-stm32.13.3.rel1.win32_1.0.0.202411081344/tools/bin/../lib/gcc/arm-none-eabi/13.3.1/../../../../arm-none-eabi/lib/thumb/v8-m.main+fp/hard\libc_nano.a(libc_a-findfp.o) (__sread)
C:/ST/STM32CubeIDE_1.18.0/STM32CubeIDE/plugins/com.st.stm32cube.ide.mcu.externaltools.gnu-tools-for-stm32.13.3.rel1.win32_1.0.0.202411081344/tools/bin/../lib/gcc/arm-none-eabi/13.3.1/../../../../arm-none-eabi/lib/thumb/v8-m.main+fp/hard\libc_nano.a(libc_a-memset.o)
                              C:/ST/STM32CubeIDE_1.18.0/STM32CubeIDE/plugins/com.st.stm32cube.ide.mcu.externaltools.gnu-tools-for-stm32.13.3.rel1.win32_1.0.0.202411081344/tools/bin/../lib/gcc/arm-none-eabi/13.3.1/../../../../arm-none-eabi/lib/thumb/v8-m.main+fp/hard/crt0.o (memset)
C:/ST/STM32CubeIDE_1.18.0/STM32CubeIDE/plugins/com.st.stm32cube.ide.mcu.externaltools.gnu-tools-for-stm32.13.3.rel1.win32_1.0.0.202411081344/tools/bin/../lib/gcc/arm-none-eabi/13.3.1/../../../../arm-none-eabi/lib/thumb/v8-m.main+fp/hard\libc_nano.a(libc_a-closer.o)
                              C:/ST/STM32CubeIDE_1.18.0/STM32CubeIDE/plugins/com.st.stm32cube.ide.mcu.externaltools.gnu-tools-for-stm32.13.3.rel1.win32_1.0.0.202411081344/tools/bin/../lib/gcc/arm-none-eabi/13.3.1/../../../../arm-none-eabi/lib/thumb/v8-m.main+fp/hard\libc_nano.a(libc_a-stdio.o) (_close_r)
C:/ST/STM32CubeIDE_1.18.0/STM32CubeIDE/plugins/com.st.stm32cube.ide.mcu.externaltools.gnu-tools-for-stm32.13.3.rel1.win32_1.0.0.202411081344/tools/bin/../lib/gcc/arm-none-eabi/13.3.1/../../../../arm-none-eabi/lib/thumb/v8-m.main+fp/hard\libc_nano.a(libc_a-reent.o)
                              C:/ST/STM32CubeIDE_1.18.0/STM32CubeIDE/plugins/com.st.stm32cube.ide.mcu.externaltools.gnu-tools-for-stm32.13.3.rel1.win32_1.0.0.202411081344/tools/bin/../lib/gcc/arm-none-eabi/13.3.1/../../../../arm-none-eabi/lib/thumb/v8-m.main+fp/hard\libc_nano.a(libc_a-closer.o) (errno)
C:/ST/STM32CubeIDE_1.18.0/STM32CubeIDE/plugins/com.st.stm32cube.ide.mcu.externaltools.gnu-tools-for-stm32.13.3.rel1.win32_1.0.0.202411081344/tools/bin/../lib/gcc/arm-none-eabi/13.3.1/../../../../arm-none-eabi/lib/thumb/v8-m.main+fp/hard\libc_nano.a(libc_a-impure.o)
                              C:/ST/STM32CubeIDE_1.18.0/STM32CubeIDE/plugins/com.st.stm32cube.ide.mcu.externaltools.gnu-tools-for-stm32.13.3.rel1.win32_1.0.0.202411081344/tools/bin/../lib/gcc/arm-none-eabi/13.3.1/../../../../arm-none-eabi/lib/thumb/v8-m.main+fp/hard\libc_nano.a(libc_a-reent.o) (_impure_ptr)
C:/ST/STM32CubeIDE_1.18.0/STM32CubeIDE/plugins/com.st.stm32cube.ide.mcu.externaltools.gnu-tools-for-stm32.13.3.rel1.win32_1.0.0.202411081344/tools/bin/../lib/gcc/arm-none-eabi/13.3.1/../../../../arm-none-eabi/lib/thumb/v8-m.main+fp/hard\libc_nano.a(libc_a-lseekr.o)
[...]
Memory Configuration

Name             Origin             Length             Attributes
RAM              0x20000000         0x000c0000         xrw
SRAM4            0x28000000         0x00004000         xrw
FLASH            0x08000000         0x00100000         xr
*default*        0x00000000         0xffffffff

Linker script and memory map

LOAD C:/ST/STM32CubeIDE_1.18.0/STM32CubeIDE/plugins/com.st.stm32cube.ide.mcu.externaltools.gnu-tools-for-stm32.13.3.rel1.win32_1.0.0.202411081344/tools/bin/../lib/gcc/arm-none-eabi/13.3.1/thumb/v8-m.main+fp/hard/crti.o
LOAD C:/ST/STM32CubeIDE_1.18.0/STM32CubeIDE/plugins/com.st.stm32cube.ide.mcu.externaltools.gnu-tools-for-stm32.13.3.rel1.win32_1.0.0.202411081344/tools/bin/../lib/gcc/arm-none-eabi/13.3.1/thumb/v8-m.main+fp/hard/crtbegin.o
LOAD C:/ST/STM32CubeIDE_1.18.0/STM32CubeIDE/plugins/com.st.stm32cube.ide.mcu.externaltools.gnu-tools-for-stm32.13.3.rel1.win32_1.0.0.202411081344/tools/bin/../lib/gcc/arm-none-eabi/13.3.1/../../../../arm-none-eabi/lib/thumb/v8-m.main+fp/hard/crt0.o
LOAD ./BlueNRG_2/Custom_App/app_bluenrg_2.o
LOAD ./BlueNRG_2/Custom_App/gatt_db.o
LOAD ./BlueNRG_2/Custom_App/sensor.o
LOAD ./BlueNRG_2/Target/hci_tl_interface.o
LOAD ./Core/Src/custom_bus.o
LOAD ./Core/Src/main.o
LOAD ./Core/Src/stm32u5xx_hal_msp.o
LOAD ./Core/Src/stm32u5xx_it.o
LOAD ./Core/Src/syscalls.o
LOAD ./Core/Src/sysmem.o
LOAD ./Core/Src/system_stm32u5xx.o
LOAD ./Core/Startup/startup_stm32u575rgtx.o
LOAD ./Drivers/STM32U5xx_HAL_Driver/Src/stm32u5xx_hal.o
LOAD ./Drivers/STM32U5xx_HAL_Driver/Src/stm32u5xx_hal_adc.o
LOAD ./Drivers/STM32U5xx_HAL_Driver/Src/stm32u5xx_hal_adc_ex.o
LOAD ./Drivers/STM32U5xx_HAL_Driver/Src/stm32u5xx_hal_cortex.o
LOAD ./Drivers/STM32U5xx_HAL_Driver/Src/stm32u5xx_hal_dac.o
LOAD ./Drivers/STM32U5xx_HAL_Driver/Src/stm32u5xx_hal_dac_ex.o
LOAD ./Drivers/STM32U5xx_HAL_Driver/Src/stm32u5xx_hal_dma.o
LOAD ./Drivers/STM32U5xx_HAL_Driver/Src/stm32u5xx_hal_dma_ex.o
LOAD ./Drivers/STM32U5xx_HAL_Driver/Src/stm32u5xx_hal_exti.o
LOAD ./Drivers/STM32U5xx_HAL_Driver/Src/stm32u5xx_hal_fdcan.o
LOAD ./Drivers/STM32U5xx_HAL_Driver/Src/stm32u5xx_hal_flash.o
LOAD ./Drivers/STM32U5xx_HAL_Driver/Src/stm32u5xx_hal_flash_ex.o
LOAD ./Drivers/STM32U5xx_HAL_Driver/Src/stm32u5xx_hal_gpio.o
LOAD ./Drivers/STM32U5xx_HAL_Driver/Src/stm32u5xx_hal_gtzc.o
LOAD ./Drivers/STM32U5xx_HAL_Driver/Src/stm32u5xx_hal_i2c.o
LOAD ./Drivers/STM32U5xx_HAL_Driver/Src/stm32u5xx_hal_i2c_ex.o
LOAD ./Drivers/STM32U5xx_HAL_Driver/Src/stm32u5xx_hal_icache.o
LOAD ./Drivers/STM32U5xx_HAL_Driver/Src/stm32u5xx_hal_pwr.o
LOAD ./Drivers/STM32U5xx_HAL_Driver/Src/stm32u5xx_hal_pwr_ex.o
LOAD ./Drivers/STM32U5xx_HAL_Driver/Src/stm32u5xx_hal_rcc.o
LOAD ./Drivers/STM32U5xx_HAL_Driver/Src/stm32u5xx_hal_rcc_ex.o
LOAD ./Drivers/STM32U5xx_HAL_Driver/Src/stm32u5xx_hal_spi.o
LOAD ./Drivers/STM32U5xx_HAL_Driver/Src/stm32u5xx_hal_spi_ex.o
LOAD ./Drivers/STM32U5xx_HAL_Driver/Src/stm32u5xx_hal_tim.o
LOAD ./Drivers/STM32U5xx_HAL_Driver/Src/stm32u5xx_hal_tim_ex.o
LOAD ./Middlewares/ST/BlueNRG-2/hci/bluenrg1_devConfig.o
LOAD ./Middlewares/ST/BlueNRG-2/hci/bluenrg1_events.o
LOAD ./Middlewares/ST/BlueNRG-2/hci/bluenrg1_events_cb.o
LOAD ./Middlewares/ST/BlueNRG-2/hci/bluenrg1_hci_le.o
LOAD ./Middlewares/ST/BlueNRG-2/hci/controller/bluenrg1_gap_aci.o
LOAD ./Middlewares/ST/BlueNRG-2/hci/controller/bluenrg1_gatt_aci.o
LOAD ./Middlewares/ST/BlueNRG-2/hci/controller/bluenrg1_hal_aci.o
LOAD ./Middlewares/ST/BlueNRG-2/hci/controller/bluenrg1_l2cap_aci.o
LOAD ./Middlewares/ST/BlueNRG-2/hci/hci_tl_patterns/Basic/hci_tl.o
LOAD ./Middlewares/ST/BlueNRG-2/utils/ble_list.o
LOAD ./PCAP04/user_spi_interface.o
START GROUP
LOAD C:/ST/STM32CubeIDE_1.18.0/STM32CubeIDE/plugins/com.st.stm32cube.ide.mcu.externaltools.gnu-tools-for-stm32.13.3.rel1.win32_1.0.0.202411081344/tools/bin/../lib/gcc/arm-none-eabi/13.3.1/../../../../arm-none-eabi/lib/thumb/v8-m.main+fp/hard\libc_nano.a
LOAD C:/ST/STM32CubeIDE_1.18.0/STM32CubeIDE/plugins/com.st.stm32cube.ide.mcu.externaltools.gnu-tools-for-stm32.13.3.rel1.win32_1.0.0.202411081344/tools/bin/../lib/gcc/arm-none-eabi/13.3.1/../../../../arm-none-eabi/lib/thumb/v8-m.main+fp/hard\libm.a
END GROUP
START GROUP
LOAD C:/ST/STM32CubeIDE_1.18.0/STM32CubeIDE/plugins/com.st.stm32cube.ide.mcu.externaltools.gnu-tools-for-stm32.13.3.rel1.win32_1.0.0.202411081344/tools/bin/../lib/gcc/arm-none-eabi/13.3.1/thumb/v8-m.main+fp/hard\libgcc.a
LOAD C:/ST/STM32CubeIDE_1.18.0/STM32CubeIDE/plugins/com.st.stm32cube.ide.mcu.externaltools.gnu-tools-for-stm32.13.3.rel1.win32_1.0.0.202411081344/tools/bin/../lib/gcc/arm-none-eabi/13.3.1/../../../../arm-none-eabi/lib/thumb/v8-m.main+fp/hard\libc_nano.a
END GROUP
START GROUP
LOAD C:/ST/STM32CubeIDE_1.18.0/STM32CubeIDE/plugins/com.st.stm32cube.ide.mcu.externaltools.gnu-tools-for-stm32.13.3.rel1.win32_1.0.0.202411081344/tools/bin/../lib/gcc/arm-none-eabi/13.3.1/thumb/v8-m.main+fp/hard\libgcc.a
LOAD C:/ST/STM32CubeIDE_1.18.0/STM32CubeIDE/plugins/com.st.stm32cube.ide.mcu.externaltools.gnu-tools-for-stm32.13.3.rel1.win32_1.0.0.202411081344/tools/bin/../lib/gcc/arm-none-eabi/13.3.1/../../../../arm-none-eabi/lib/thumb/v8-m.main+fp/hard\libc_nano.a
LOAD C:/ST/STM32CubeIDE_1.18.0/STM32CubeIDE/plugins/com.st.stm32cube.ide.mcu.externaltools.gnu-tools-for-stm32.13.3.rel1.win32_1.0.0.202411081344/tools/bin/../lib/gcc/arm-none-eabi/13.3.1/../../../../arm-none-eabi/lib/thumb/v8-m.main+fp/hard\libnosys.a
END GROUP
START GROUP
LOAD C:/ST/STM32CubeIDE_1.18.0/STM32CubeIDE/plugins/com.st.stm32cube.ide.mcu.externaltools.gnu-tools-for-stm32.13.3.rel1.win32_1.0.0.202411081344/tools/bin/../lib/gcc/arm-none-eabi/13.3.1/thumb/v8-m.main+fp/hard\libgcc.a
LOAD C:/ST/STM32CubeIDE_1.18.0/STM32CubeIDE/plugins/com.st.stm32cube.ide.mcu.externaltools.gnu-tools-for-stm32.13.3.rel1.win32_1.0.0.202411081344/tools/bin/../lib/gcc/arm-none-eabi/13.3.1/../../../../arm-none-eabi/lib/thumb/v8-m.main+fp/hard\libc_nano.a
LOAD C:/ST/STM32CubeIDE_1.18.0/STM32CubeIDE/plugins/com.st.stm32cube.ide.mcu.externaltools.gnu-tools-for-stm32.13.3.rel1.win32_1.0.0.202411081344/tools/bin/../lib/gcc/arm-none-eabi/13.3.1/../../../../arm-none-eabi/lib/thumb/v8-m.main+fp/hard\libnosys.a
END GROUP
LOAD C:/ST/STM32CubeIDE_1.18.0/STM32CubeIDE/plugins/com.st.stm32cube.ide.mcu.externaltools.gnu-tools-for-stm32.13.3.rel1.win32_1.0.0.202411081344/tools/bin/../lib/gcc/arm-none-eabi/13.3.1/thumb/v8-m.main+fp/hard/crtend.o
LOAD C:/ST/STM32CubeIDE_1.18.0/STM32CubeIDE/plugins/com.st.stm32cube.ide.mcu.externaltools.gnu-tools-for-stm32.13.3.rel1.win32_1.0.0.202411081344/tools/bin/../lib/gcc/arm-none-eabi/13.3.1/thumb/v8-m.main+fp/hard/crtn.o
                0x200c0000                        _estack = (ORIGIN (RAM) + LENGTH (RAM))
                0x00000200                        _Min_Heap_Size = 0x200
                0x00000400                        _Min_Stack_Size = 0x400

.isr_vector     0x08000000      0x238
 *(.isr_vector)
 .isr_vector    0x08000000      0x238 ./Core/Startup/startup_stm32u575rgtx.o
                0x08000000                g_pfnVectors

.text           0x08000238     0xdd48
 *(.text)
 .text          0x08000238       0x40 C:/ST/STM32CubeIDE_1.18.0/STM32CubeIDE/plugins/com.st.stm32cube.ide.mcu.externaltools.gnu-tools-for-stm32.13.3.rel1.win32_1.0.0.202411081344/tools/bin/../lib/gcc/arm-none-eabi/13.3.1/thumb/v8-m.main+fp/hard/crtbegin.o
 *(.text*)
 .text.MX_BlueNRG_2_Init
                0x08000278       0x34 ./BlueNRG_2/Custom_App/app_bluenrg_2.o
                0x08000278                MX_BlueNRG_2_Init
 .text.MX_BlueNRG_2_UpdateData
                0x080002ac       0x26 ./BlueNRG_2/Custom_App/app_bluenrg_2.o
                0x080002ac                MX_BlueNRG_2_UpdateData
 *fill*         0x080002d2        0x2 
 .text.Sensor_DeviceInit
                0x080002d4      0x140 ./BlueNRG_2/Custom_App/app_bluenrg_2.o
 .text.Update_Data
                0x08000414       0xa8 ./BlueNRG_2/Custom_App/app_bluenrg_2.o
 .text.getBlueNRGVersion
                0x080004bc       0x84 ./BlueNRG_2/Custom_App/app_bluenrg_2.o
                0x080004bc                getBlueNRGVersion
 .text.hci_le_connection_complete_event
                0x08000540       0x50 ./BlueNRG_2/Custom_App/app_bluenrg_2.o
                0x08000540                hci_le_connection_complete_event
 .text.hci_disconnection_complete_event
                0x08000590       0x50 ./BlueNRG_2/Custom_App/app_bluenrg_2.o
                0x08000590                hci_disconnection_complete_event
 .text.aci_gatt_read_permit_req_event
                0x080005e0       0x22 ./BlueNRG_2/Custom_App/app_bluenrg_2.o
                0x080005e0                aci_gatt_read_permit_req_event
 .text.aci_gatt_attribute_modified_event
                0x08000602       0x3a ./BlueNRG_2/Custom_App/app_bluenrg_2.o
                0x08000602                aci_gatt_attribute_modified_event
 .text.aci_gap_pass_key_req_event
                0x0800063c       0x2c ./BlueNRG_2/Custom_App/app_bluenrg_2.o
                0x0800063c                aci_gap_pass_key_req_event
 .text.aci_gap_pairing_complete_event
                0x08000668       0x30 ./BlueNRG_2/Custom_App/app_bluenrg_2.o
                0x08000668                aci_gap_pairing_complete_event
 .text.Add_HWServW2ST_Service
                0x08000698      0x1ac ./BlueNRG_2/Custom_App/gatt_db.o
                0x08000698                Add_HWServW2ST_Service
 .text.Res_Update
                0x08000844       0xc0 ./BlueNRG_2/Custom_App/gatt_db.o
                0x08000844                Res_Update
 .text.Cap_Update
                0x08000904       0xf8 ./BlueNRG_2/Custom_App/gatt_db.o
                0x08000904                Cap_Update
 .text.Read_Request_CB
                0x080009fc       0x68 ./BlueNRG_2/Custom_App/gatt_db.o
                0x080009fc                Read_Request_CB
 .text.Attribute_Modified_Request_CB
                0x08000a64       0x90 ./BlueNRG_2/Custom_App/gatt_db.o
                0x08000a64                Attribute_Modified_Request_CB
 .text.Set_DeviceConnectable
                0x08000af4       0xe8 ./BlueNRG_2/Custom_App/sensor.o
                0x08000af4                Set_DeviceConnectable
 .text.APP_UserEvtRx
                0x08000bdc       0xf0 ./BlueNRG_2/Custom_App/sensor.o
                0x08000bdc                APP_UserEvtRx
 .text.HCI_TL_SPI_Enable_IRQ
                0x08000ccc        0xe ./BlueNRG_2/Target/hci_tl_interface.o
 .text.HCI_TL_SPI_Disable_IRQ
                0x08000cda        0xe ./BlueNRG_2/Target/hci_tl_interface.o
 .text.HCI_TL_SPI_Init
                0x08000ce8       0xa0 ./BlueNRG_2/Target/hci_tl_interface.o
                0x08000ce8                HCI_TL_SPI_Init
 .text.HCI_TL_SPI_DeInit
                0x08000d88       0x2c ./BlueNRG_2/Target/hci_tl_interface.o
                0x08000d88                HCI_TL_SPI_DeInit
 .text.HCI_TL_SPI_Reset
                0x08000db4       0x3c ./BlueNRG_2/Target/hci_tl_interface.o
                0x08000db4                HCI_TL_SPI_Reset
 .text.HCI_TL_SPI_Receive
                0x08000df0       0xdc ./BlueNRG_2/Target/hci_tl_interface.o
                0x08000df0                HCI_TL_SPI_Receive
 .text.HCI_TL_SPI_Send
                0x08000ecc      0x110 ./BlueNRG_2/Target/hci_tl_interface.o
                0x08000ecc                HCI_TL_SPI_Send
 .text.IsDataAvailable
                0x08000fdc       0x20 ./BlueNRG_2/Target/hci_tl_interface.o
 .text.hci_tl_lowlevel_init
                0x08000ffc       0x74 ./BlueNRG_2/Target/hci_tl_interface.o
                0x08000ffc                hci_tl_lowlevel_init
 .text.hci_tl_lowlevel_isr
                0x08001070       0x22 ./BlueNRG_2/Target/hci_tl_interface.o
                0x08001070                hci_tl_lowlevel_isr
 *fill*         0x08001092        0x2 
 .text.BSP_SPI1_Init
                0x08001094       0x60 ./Core/Src/custom_bus.o
                0x08001094                BSP_SPI1_Init
 .text.BSP_SPI1_SendRecv
                0x080010f4       0x40 ./Core/Src/custom_bus.o
                0x080010f4                BSP_SPI1_SendRecv
 .text.BSP_GetTick
                0x08001134        0xe ./Core/Src/custom_bus.o
                0x08001134                BSP_GetTick
 *fill*         0x08001142        0x2 
 .text.MX_SPI1_Init
                0x08001144       0xe8 ./Core/Src/custom_bus.o
                0x08001144                MX_SPI1_Init
 .text.SPI1_MspInit
                0x0800122c      0x110 ./Core/Src/custom_bus.o
 .text.main     0x0800133c       0xc0 ./Core/Src/main.o
                0x0800133c                main
 .text.SystemClock_Config
                0x080013fc       0xc4 ./Core/Src/main.o
                0x080013fc                SystemClock_Config
 .text.MX_ADC1_Init
                0x080014c0      0x2b0 ./Core/Src/main.o
 .text.MX_DAC1_Init
                0x08001770       0xb4 ./Core/Src/main.o
 .text.MX_FDCAN1_Init
                0x08001824       0x8c ./Core/Src/main.o
 .text.MX_GPDMA1_Init
                0x080018b0       0x40 ./Core/Src/main.o
 .text.MX_ICACHE_Init
                0x080018f0       0x16 ./Core/Src/main.o
 *fill*         0x08001906        0x2 
 .text.MX_SPI2_Init
                0x08001908       0xe0 ./Core/Src/main.o
 .text.MX_TIM17_Init
                0x080019e8       0x50 ./Core/Src/main.o
 .text.MX_GPIO_Init
                0x08001a38      0x290 ./Core/Src/main.o
 .text.P_Charger_Init
                0x08001cc8       0x40 ./Core/Src/main.o
 .text.CAN_Transceiver_Init
                0x08001d08       0x18 ./Core/Src/main.o
 .text.HAL_ADC_ConvCpltCallback
                0x08001d20       0x4c ./Core/Src/main.o
                0x08001d20                HAL_ADC_ConvCpltCallback
 .text.Error_Handler
                0x08001d6c        0xc ./Core/Src/main.o
                0x08001d6c                Error_Handler
 .text.HAL_MspInit
                0x08001d78       0x34 ./Core/Src/stm32u5xx_hal_msp.o
                0x08001d78                HAL_MspInit
 .text.HAL_ADC_MspInit
                0x08001dac      0x1e4 ./Core/Src/stm32u5xx_hal_msp.o
                0x08001dac                HAL_ADC_MspInit
 .text.HAL_DAC_MspInit
                0x08001f90       0xd0 ./Core/Src/stm32u5xx_hal_msp.o
                0x08001f90                HAL_DAC_MspInit
 .text.HAL_FDCAN_MspInit
                0x08002060       0xf4 ./Core/Src/stm32u5xx_hal_msp.o
                0x08002060                HAL_FDCAN_MspInit
 .text.HAL_SPI_MspInit
                0x08002154       0xe4 ./Core/Src/stm32u5xx_hal_msp.o
                0x08002154                HAL_SPI_MspInit
 .text.HAL_TIM_Base_MspInit
                0x08002238       0x50 ./Core/Src/stm32u5xx_hal_msp.o
                0x08002238                HAL_TIM_Base_MspInit
 .text.NMI_Handler
                0x08002288        0x8 ./Core/Src/stm32u5xx_it.o
                0x08002288                NMI_Handler
 .text.HardFault_Handler
                0x08002290        0x8 ./Core/Src/stm32u5xx_it.o
                0x08002290                HardFault_Handler
 .text.MemManage_Handler
                0x08002298        0x8 ./Core/Src/stm32u5xx_it.o
                0x08002298                MemManage_Handler
 .text.BusFault_Handler
                0x080022a0        0x8 ./Core/Src/stm32u5xx_it.o
                0x080022a0                BusFault_Handler
 .text.UsageFault_Handler
                0x080022a8        0x8 ./Core/Src/stm32u5xx_it.o
                0x080022a8                UsageFault_Handler
 .text.SVC_Handler
                0x080022b0        0xe ./Core/Src/stm32u5xx_it.o
                0x080022b0                SVC_Handler
 .text.DebugMon_Handler
                0x080022be        0xe ./Core/Src/stm32u5xx_it.o
                0x080022be                DebugMon_Handler
 .text.PendSV_Handler
                0x080022cc        0xe ./Core/Src/stm32u5xx_it.o
                0x080022cc                PendSV_Handler
 .text.SysTick_Handler
                0x080022da        0xc ./Core/Src/stm32u5xx_it.o
                0x080022da                SysTick_Handler
 *fill*         0x080022e6        0x2 
 .text.EXTI6_IRQHandler
                0x080022e8       0x14 ./Core/Src/stm32u5xx_it.o
                0x080022e8                EXTI6_IRQHandler
 .text.EXTI8_IRQHandler
                0x080022fc       0x10 ./Core/Src/stm32u5xx_it.o
                0x080022fc                EXTI8_IRQHandler
 .text.EXTI9_IRQHandler
                0x0800230c       0x10 ./Core/Src/stm32u5xx_it.o
                0x0800230c                EXTI9_IRQHandler
 .text.EXTI10_IRQHandler
                0x0800231c       0x10 ./Core/Src/stm32u5xx_it.o
                0x0800231c                EXTI10_IRQHandler
 .text.GPDMA1_Channel0_IRQHandler
                0x0800232c       0x14 ./Core/Src/stm32u5xx_it.o
                0x0800232c                GPDMA1_Channel0_IRQHandler
 .text.ADC1_IRQHandler
                0x08002340       0x14 ./Core/Src/stm32u5xx_it.o
                0x08002340                ADC1_IRQHandler
 .text.FDCAN1_IT0_IRQHandler
                0x08002354       0x14 ./Core/Src/stm32u5xx_it.o
                0x08002354                FDCAN1_IT0_IRQHandler
 .text.FDCAN1_IT1_IRQHandler
                0x08002368       0x14 ./Core/Src/stm32u5xx_it.o
                0x08002368                FDCAN1_IT1_IRQHandler
 .text.SPI1_IRQHandler
                0x0800237c       0x14 ./Core/Src/stm32u5xx_it.o
                0x0800237c                SPI1_IRQHandler
 .text.SPI2_IRQHandler
                0x08002390       0x14 ./Core/Src/stm32u5xx_it.o
                0x08002390                SPI2_IRQHandler
 .text.TIM17_IRQHandler
                0x080023a4       0x14 ./Core/Src/stm32u5xx_it.o
                0x080023a4                TIM17_IRQHandler
 .text.SystemInit
                0x080023b8       0x70 ./Core/Src/system_stm32u5xx.o
                0x080023b8                SystemInit
 .text.Reset_Handler
                0x08002428       0x50 ./Core/Startup/startup_stm32u575rgtx.o
                0x08002428                Reset_Handler
 .text.Default_Handler
                0x08002478        0x2 ./Core/Startup/startup_stm32u575rgtx.o
                0x08002478                EXTI2_IRQHandler
                0x08002478                TIM8_TRG_COM_IRQHandler
                0x08002478                TIM8_CC_IRQHandler
                0x08002478                EXTI5_IRQHandler
                0x08002478                FLASH_S_IRQHandler
                0x08002478                EXTI13_IRQHandler
                0x08002478                TIM1_CC_IRQHandler
                0x08002478                TSC_IRQHandler
                0x08002478                TAMP_IRQHandler
                0x08002478                TIM6_IRQHandler
                0x08002478                EXTI12_IRQHandler
                0x08002478                CORDIC_IRQHandler
                0x08002478                EXTI3_IRQHandler
                0x08002478                LPTIM4_IRQHandler
                0x08002478                GPDMA1_Channel5_IRQHandler
                0x08002478                LPTIM2_IRQHandler
                0x08002478                I2C3_ER_IRQHandler
                0x08002478                PWR_S3WU_IRQHandler
                0x08002478                MDF1_FLT2_IRQHandler
                0x08002478                LPDMA1_Channel3_IRQHandler
                0x08002478                LPTIM3_IRQHandler
                0x08002478                EXTI0_IRQHandler
                0x08002478                I2C2_EV_IRQHandler
                0x08002478                FPU_IRQHandler
                0x08002478                GPDMA1_Channel3_IRQHandler
                0x08002478                GPDMA1_Channel7_IRQHandler
                0x08002478                MDF1_FLT4_IRQHandler
                0x08002478                RAMCFG_IRQHandler
                0x08002478                GPDMA1_Channel9_IRQHandler
                0x08002478                DCACHE1_IRQHandler
                0x08002478                OCTOSPI1_IRQHandler
                0x08002478                GPDMA1_Channel2_IRQHandler
                0x08002478                TIM8_UP_IRQHandler
                0x08002478                RCC_S_IRQHandler
                0x08002478                OCTOSPI2_IRQHandler
                0x08002478                SAI2_IRQHandler
                0x08002478                MDF1_FLT1_IRQHandler
                0x08002478                MDF1_FLT5_IRQHandler
                0x08002478                EXTI15_IRQHandler
                0x08002478                USART3_IRQHandler
                0x08002478                RTC_IRQHandler
                0x08002478                UART5_IRQHandler
                0x08002478                TIM4_IRQHandler
                0x08002478                I2C1_EV_IRQHandler
                0x08002478                GPDMA1_Channel12_IRQHandler
                0x08002478                GPDMA1_Channel1_IRQHandler
                0x08002478                TIM16_IRQHandler
                0x08002478                GPDMA1_Channel15_IRQHandler
                0x08002478                UART4_IRQHandler
                0x08002478                SecureFault_Handler
                0x08002478                TIM3_IRQHandler
                0x08002478                RCC_IRQHandler
                0x08002478                TIM1_TRG_COM_IRQHandler
                0x08002478                Default_Handler
                0x08002478                GPDMA1_Channel8_IRQHandler
                0x08002478                FMAC_IRQHandler
                0x08002478                GPDMA1_Channel11_IRQHandler
                0x08002478                TIM7_IRQHandler
                0x08002478                SDMMC1_IRQHandler
                0x08002478                TIM5_IRQHandler
                0x08002478                UCPD1_IRQHandler
                0x08002478                TIM15_IRQHandler
                0x08002478                I2C3_EV_IRQHandler
                0x08002478                LPDMA1_Channel0_IRQHandler
                0x08002478                PVD_PVM_IRQHandler
                0x08002478                LPDMA1_Channel1_IRQHandler
                0x08002478                EXTI14_IRQHandler
                0x08002478                EXTI11_IRQHandler
                0x08002478                CRS_IRQHandler
                0x08002478                GPDMA1_Channel14_IRQHandler
                0x08002478                LSECSSD_IRQHandler
                0x08002478                EXTI4_IRQHandler
                0x08002478                RTC_S_IRQHandler
                0x08002478                GPDMA1_Channel13_IRQHandler
                0x08002478                RNG_IRQHandler
                0x08002478                COMP_IRQHandler
                0x08002478                TIM1_UP_IRQHandler
                0x08002478                ADC4_IRQHandler
                0x08002478                WWDG_IRQHandler
                0x08002478                I2C4_EV_IRQHandler
                0x08002478                ADF1_IRQHandler
                0x08002478                IWDG_IRQHandler
                0x08002478                LPUART1_IRQHandler
                0x08002478                MDF1_FLT0_IRQHandler
                0x08002478                TIM2_IRQHandler
                0x08002478                GPDMA1_Channel4_IRQHandler
                0x08002478                EXTI7_IRQHandler
                0x08002478                DMA2D_IRQHandler
                0x08002478                TIM1_BRK_IRQHandler
                0x08002478                EXTI1_IRQHandler
                0x08002478                SDMMC2_IRQHandler
                0x08002478                DAC1_IRQHandler
                0x08002478                GTZC_IRQHandler
                0x08002478                MDF1_FLT3_IRQHandler
                0x08002478                USART2_IRQHandler
                0x08002478                GPDMA1_Channel6_IRQHandler
                0x08002478                I2C2_ER_IRQHandler
                0x08002478                TIM8_BRK_IRQHandler
                0x08002478                FLASH_IRQHandler
                0x08002478                USART1_IRQHandler
                0x08002478                OTG_FS_IRQHandler
                0x08002478                SPI3_IRQHandler
                0x08002478                LPDMA1_Channel2_IRQHandler
                0x08002478                I2C1_ER_IRQHandler
                0x08002478                FMC_IRQHandler
                0x08002478                LPTIM1_IRQHandler
                0x08002478                DCMI_PSSI_IRQHandler
                0x08002478                I2C4_ER_IRQHandler
                0x08002478                GPDMA1_Channel10_IRQHandler
                0x08002478                ICACHE_IRQHandler
                0x08002478                SAI1_IRQHandler
                0x08002478                HASH_IRQHandler
 *fill*         0x0800247a        0x2 
 .text.HAL_Init
                0x0800247c       0x60 ./Drivers/STM32U5xx_HAL_Driver/Src/stm32u5xx_hal.o
                0x0800247c                HAL_Init
 .text.HAL_InitTick
                0x080024dc       0xec ./Drivers/STM32U5xx_HAL_Driver/Src/stm32u5xx_hal.o
                0x080024dc                HAL_InitTick
 .text.HAL_IncTick
                0x080025c8       0x28 ./Drivers/STM32U5xx_HAL_Driver/Src/stm32u5xx_hal.o
                0x080025c8                HAL_IncTick
 .text.HAL_GetTick
                0x080025f0       0x18 ./Drivers/STM32U5xx_HAL_Driver/Src/stm32u5xx_hal.o
                0x080025f0                HAL_GetTick
 .text.HAL_Delay
                0x08002608       0x48 ./Drivers/STM32U5xx_HAL_Driver/Src/stm32u5xx_hal.o
                0x08002608                HAL_Delay
 .text.HAL_GetREVID
                0x08002650       0x1c ./Drivers/STM32U5xx_HAL_Driver/Src/stm32u5xx_hal.o
                0x08002650                HAL_GetREVID
 .text.LL_ADC_SetCommonClock
                0x0800266c       0x26 ./Drivers/STM32U5xx_HAL_Driver/Src/stm32u5xx_hal_adc.o
 .text.LL_ADC_SetCommonPathInternalCh
                0x08002692       0x26 ./Drivers/STM32U5xx_HAL_Driver/Src/stm32u5xx_hal_adc.o
 .text.LL_ADC_GetCommonPathInternalCh
                0x080026b8       0x1c ./Drivers/STM32U5xx_HAL_Driver/Src/stm32u5xx_hal_adc.o
 .text.LL_ADC_SetResolution
                0x080026d4       0x40 ./Drivers/STM32U5xx_HAL_Driver/Src/stm32u5xx_hal_adc.o
 .text.LL_ADC_SetOffset
                0x08002714       0x42 ./Drivers/STM32U5xx_HAL_Driver/Src/stm32u5xx_hal_adc.o
 .text.LL_ADC_GetOffsetChannel
                0x08002756       0x58 ./Drivers/STM32U5xx_HAL_Driver/Src/stm32u5xx_hal_adc.o
 .text.LL_ADC_SetOffsetSign
                0x080027ae       0x36 ./Drivers/STM32U5xx_HAL_Driver/Src/stm32u5xx_hal_adc.o
 .text.LL_ADC_SetOffsetSignedSaturation
                0x080027e4       0x36 ./Drivers/STM32U5xx_HAL_Driver/Src/stm32u5xx_hal_adc.o
 .text.LL_ADC_SetOffsetUnsignedSaturation
                0x0800281a       0x36 ./Drivers/STM32U5xx_HAL_Driver/Src/stm32u5xx_hal_adc.o
 .text.LL_ADC_SetGainCompensation
                0x08002850       0x46 ./Drivers/STM32U5xx_HAL_Driver/Src/stm32u5xx_hal_adc.o
 .text.LL_ADC_SetSamplingTimeCommonChannels
                0x08002896       0x3e ./Drivers/STM32U5xx_HAL_Driver/Src/stm32u5xx_hal_adc.o
 .text.LL_ADC_REG_IsTriggerSourceSWStart
                0x080028d4       0x26 ./Drivers/STM32U5xx_HAL_Driver/Src/stm32u5xx_hal_adc.o
 *fill*         0x080028fa        0x2 
 .text.LL_ADC_REG_SetSequencerRanks
                0x080028fc       0xc0 ./Drivers/STM32U5xx_HAL_Driver/Src/stm32u5xx_hal_adc.o
 .text.LL_ADC_REG_SetSequencerChAdd
                0x080029bc       0x66 ./Drivers/STM32U5xx_HAL_Driver/Src/stm32u5xx_hal_adc.o
 .text.LL_ADC_REG_SetSequencerChRem
                0x08002a22       0x30 ./Drivers/STM32U5xx_HAL_Driver/Src/stm32u5xx_hal_adc.o
 .text.LL_ADC_REG_GetDMATransfer
                0x08002a52       0x1c ./Drivers/STM32U5xx_HAL_Driver/Src/stm32u5xx_hal_adc.o
 .text.LL_ADC_INJ_IsTriggerSourceSWStart
                0x08002a6e       0x26 ./Drivers/STM32U5xx_HAL_Driver/Src/stm32u5xx_hal_adc.o
 .text.LL_ADC_SetChannelSamplingTime
                0x08002a94       0xc8 ./Drivers/STM32U5xx_HAL_Driver/Src/stm32u5xx_hal_adc.o
 .text.LL_ADC_SetChannelSingleDiff
                0x08002b5c       0x48 ./Drivers/STM32U5xx_HAL_Driver/Src/stm32u5xx_hal_adc.o
 .text.LL_ADC_DisableDeepPowerDown
                0x08002ba4       0x24 ./Drivers/STM32U5xx_HAL_Driver/Src/stm32u5xx_hal_adc.o
 .text.LL_ADC_IsDeepPowerDownEnabled
                0x08002bc8       0x28 ./Drivers/STM32U5xx_HAL_Driver/Src/stm32u5xx_hal_adc.o
 .text.LL_ADC_EnableInternalRegulator
                0x08002bf0       0x28 ./Drivers/STM32U5xx_HAL_Driver/Src/stm32u5xx_hal_adc.o
 .text.LL_ADC_IsInternalRegulatorEnabled
                0x08002c18       0x28 ./Drivers/STM32U5xx_HAL_Driver/Src/stm32u5xx_hal_adc.o
 .text.LL_ADC_Enable
                0x08002c40       0x28 ./Drivers/STM32U5xx_HAL_Driver/Src/stm32u5xx_hal_adc.o
 .text.LL_ADC_Disable
                0x08002c68       0x28 ./Drivers/STM32U5xx_HAL_Driver/Src/stm32u5xx_hal_adc.o
 .text.LL_ADC_IsEnabled
                0x08002c90       0x26 ./Drivers/STM32U5xx_HAL_Driver/Src/stm32u5xx_hal_adc.o
 .text.LL_ADC_IsDisableOngoing
                0x08002cb6       0x26 ./Drivers/STM32U5xx_HAL_Driver/Src/stm32u5xx_hal_adc.o
 .text.LL_ADC_REG_StartConversion
                0x08002cdc       0x28 ./Drivers/STM32U5xx_HAL_Driver/Src/stm32u5xx_hal_adc.o
 .text.LL_ADC_REG_IsConversionOngoing
                0x08002d04       0x26 ./Drivers/STM32U5xx_HAL_Driver/Src/stm32u5xx_hal_adc.o
 .text.LL_ADC_INJ_IsConversionOngoing
                0x08002d2a       0x26 ./Drivers/STM32U5xx_HAL_Driver/Src/stm32u5xx_hal_adc.o
 .text.HAL_ADC_Init
                0x08002d50      0x594 ./Drivers/STM32U5xx_HAL_Driver/Src/stm32u5xx_hal_adc.o
                0x08002d50                HAL_ADC_Init
 .text.HAL_ADC_Start_DMA
                0x080032e4      0x214 ./Drivers/STM32U5xx_HAL_Driver/Src/stm32u5xx_hal_adc.o
                0x080032e4                HAL_ADC_Start_DMA
 .text.HAL_ADC_IRQHandler
                0x080034f8      0x464 ./Drivers/STM32U5xx_HAL_Driver/Src/stm32u5xx_hal_adc.o
                0x080034f8                HAL_ADC_IRQHandler
 .text.HAL_ADC_ConvHalfCpltCallback
                0x0800395c       0x14 ./Drivers/STM32U5xx_HAL_Driver/Src/stm32u5xx_hal_adc.o
                0x0800395c                HAL_ADC_ConvHalfCpltCallback
 .text.HAL_ADC_LevelOutOfWindowCallback
                0x08003970       0x14 ./Drivers/STM32U5xx_HAL_Driver/Src/stm32u5xx_hal_adc.o
                0x08003970                HAL_ADC_LevelOutOfWindowCallback
 .text.HAL_ADC_ErrorCallback
                0x08003984       0x14 ./Drivers/STM32U5xx_HAL_Driver/Src/stm32u5xx_hal_adc.o
                0x08003984                HAL_ADC_ErrorCallback
 .text.HAL_ADC_CalibrationCpltCallback
                0x08003998       0x14 ./Drivers/STM32U5xx_HAL_Driver/Src/stm32u5xx_hal_adc.o
                0x08003998                HAL_ADC_CalibrationCpltCallback
 .text.HAL_ADC_VoltageRegulatorCallback
                0x080039ac       0x14 ./Drivers/STM32U5xx_HAL_Driver/Src/stm32u5xx_hal_adc.o
                0x080039ac                HAL_ADC_VoltageRegulatorCallback
 .text.HAL_ADC_ADCReadyCallback
                0x080039c0       0x14 ./Drivers/STM32U5xx_HAL_Driver/Src/stm32u5xx_hal_adc.o
                0x080039c0                HAL_ADC_ADCReadyCallback
 .text.HAL_ADC_ConfigChannel
                0x080039d4      0xdb0 ./Drivers/STM32U5xx_HAL_Driver/Src/stm32u5xx_hal_adc.o
                0x080039d4                HAL_ADC_ConfigChannel
 .text.ADC_Enable
                0x08004784       0xe0 ./Drivers/STM32U5xx_HAL_Driver/Src/stm32u5xx_hal_adc.o
                0x08004784                ADC_Enable
 .text.ADC_Disable
                0x08004864       0xbe ./Drivers/STM32U5xx_HAL_Driver/Src/stm32u5xx_hal_adc.o
                0x08004864                ADC_Disable
 .text.ADC_DMAConvCplt
                0x08004922       0xd8 ./Drivers/STM32U5xx_HAL_Driver/Src/stm32u5xx_hal_adc.o
                0x08004922                ADC_DMAConvCplt
 .text.ADC_DMAHalfConvCplt
                0x080049fa       0x1c ./Drivers/STM32U5xx_HAL_Driver/Src/stm32u5xx_hal_adc.o
                0x080049fa                ADC_DMAHalfConvCplt
 .text.ADC_DMAError
                0x08004a16       0x34 ./Drivers/STM32U5xx_HAL_Driver/Src/stm32u5xx_hal_adc.o
                0x08004a16                ADC_DMAError
 *fill*         0x08004a4a        0x2 
 .text.LL_ADC_StartCalibration
                0x08004a4c       0x54 ./Drivers/STM32U5xx_HAL_Driver/Src/stm32u5xx_hal_adc_ex.o
 .text.LL_ADC_IsCalibrationOnGoing
                0x08004aa0       0x28 ./Drivers/STM32U5xx_HAL_Driver/Src/stm32u5xx_hal_adc_ex.o
 .text.HAL_ADCEx_Calibration_Start
                0x08004ac8      0x2ac ./Drivers/STM32U5xx_HAL_Driver/Src/stm32u5xx_hal_adc_ex.o
                0x08004ac8                HAL_ADCEx_Calibration_Start
 .text.HAL_ADCEx_InjectedConvCpltCallback
                0x08004d74       0x14 ./Drivers/STM32U5xx_HAL_Driver/Src/stm32u5xx_hal_adc_ex.o
                0x08004d74                HAL_ADCEx_InjectedConvCpltCallback
 .text.HAL_ADCEx_LevelOutOfWindow2Callback
                0x08004d88       0x14 ./Drivers/STM32U5xx_HAL_Driver/Src/stm32u5xx_hal_adc_ex.o
                0x08004d88                HAL_ADCEx_LevelOutOfWindow2Callback
 .text.HAL_ADCEx_LevelOutOfWindow3Callback
                0x08004d9c       0x14 ./Drivers/STM32U5xx_HAL_Driver/Src/stm32u5xx_hal_adc_ex.o
                0x08004d9c                HAL_ADCEx_LevelOutOfWindow3Callback
 .text.HAL_ADCEx_EndOfSamplingCallback
                0x08004db0       0x14 ./Drivers/STM32U5xx_HAL_Driver/Src/stm32u5xx_hal_adc_ex.o
                0x08004db0                HAL_ADCEx_EndOfSamplingCallback
 .text.__NVIC_SetPriorityGrouping
                0x08004dc4       0x48 ./Drivers/STM32U5xx_HAL_Driver/Src/stm32u5xx_hal_cortex.o
 .text.__NVIC_GetPriorityGrouping
                0x08004e0c       0x1c ./Drivers/STM32U5xx_HAL_Driver/Src/stm32u5xx_hal_cortex.o
 .text.__NVIC_EnableIRQ
                0x08004e28       0x3c ./Drivers/STM32U5xx_HAL_Driver/Src/stm32u5xx_hal_cortex.o
 .text.__NVIC_DisableIRQ
                0x08004e64       0x48 ./Drivers/STM32U5xx_HAL_Driver/Src/stm32u5xx_hal_cortex.o
 .text.__NVIC_SetPriority
                0x08004eac       0x54 ./Drivers/STM32U5xx_HAL_Driver/Src/stm32u5xx_hal_cortex.o
 .text.NVIC_EncodePriority
                0x08004f00       0x66 ./Drivers/STM32U5xx_HAL_Driver/Src/stm32u5xx_hal_cortex.o
 .text.HAL_NVIC_SetPriorityGrouping
                0x08004f66       0x16 ./Drivers/STM32U5xx_HAL_Driver/Src/stm32u5xx_hal_cortex.o
                0x08004f66                HAL_NVIC_SetPriorityGrouping
 .text.HAL_NVIC_SetPriority
                0x08004f7c       0x34 ./Drivers/STM32U5xx_HAL_Driver/Src/stm32u5xx_hal_cortex.o
                0x08004f7c                HAL_NVIC_SetPriority
 .text.HAL_NVIC_EnableIRQ
                0x08004fb0       0x1c ./Drivers/STM32U5xx_HAL_Driver/Src/stm32u5xx_hal_cortex.o
                0x08004fb0                HAL_NVIC_EnableIRQ
 .text.HAL_NVIC_DisableIRQ
                0x08004fcc       0x1c ./Drivers/STM32U5xx_HAL_Driver/Src/stm32u5xx_hal_cortex.o
                0x08004fcc                HAL_NVIC_DisableIRQ
 .text.HAL_SYSTICK_Config
                0x08004fe8       0x44 ./Drivers/STM32U5xx_HAL_Driver/Src/stm32u5xx_hal_cortex.o
                0x08004fe8                HAL_SYSTICK_Config
 .text.HAL_SYSTICK_CLKSourceConfig
                0x0800502c       0xb0 ./Drivers/STM32U5xx_HAL_Driver/Src/stm32u5xx_hal_cortex.o
                0x0800502c                HAL_SYSTICK_CLKSourceConfig
 .text.HAL_SYSTICK_GetCLKSourceConfig
                0x080050dc       0x74 ./Drivers/STM32U5xx_HAL_Driver/Src/stm32u5xx_hal_cortex.o
                0x080050dc                HAL_SYSTICK_GetCLKSourceConfig
 .text.HAL_DAC_Init
                0x08005150       0x44 ./Drivers/STM32U5xx_HAL_Driver/Src/stm32u5xx_hal_dac.o
                0x08005150                HAL_DAC_Init
 .text.HAL_DAC_Start
                0x08005194       0xd8 ./Drivers/STM32U5xx_HAL_Driver/Src/stm32u5xx_hal_dac.o
                0x08005194                HAL_DAC_Start
 .text.HAL_DAC_SetValue
                0x0800526c       0x5a ./Drivers/STM32U5xx_HAL_Driver/Src/stm32u5xx_hal_dac.o
                0x0800526c                HAL_DAC_SetValue
 *fill*         0x080052c6        0x2 
 .text.HAL_DAC_ConfigChannel
                0x080052c8      0x340 ./Drivers/STM32U5xx_HAL_Driver/Src/stm32u5xx_hal_dac.o
                0x080052c8                HAL_DAC_ConfigChannel
 .text.HAL_DACEx_SetConfigAutonomousMode
                0x08005608       0x70 ./Drivers/STM32U5xx_HAL_Driver/Src/stm32u5xx_hal_dac_ex.o
                0x08005608                HAL_DACEx_SetConfigAutonomousMode
 .text.HAL_DMA_Init
                0x08005678      0x284 ./Drivers/STM32U5xx_HAL_Driver/Src/stm32u5xx_hal_dma.o
                0x08005678                HAL_DMA_Init
 .text.HAL_DMA_Start_IT
                0x080058fc       0xc0 ./Drivers/STM32U5xx_HAL_Driver/Src/stm32u5xx_hal_dma.o
                0x080058fc                HAL_DMA_Start_IT
 .text.HAL_DMA_Abort_IT
                0x080059bc       0x52 ./Drivers/STM32U5xx_HAL_Driver/Src/stm32u5xx_hal_dma.o
                0x080059bc                HAL_DMA_Abort_IT
 .text.HAL_DMA_IRQHandler
                0x08005a0e      0x2c2 ./Drivers/STM32U5xx_HAL_Driver/Src/stm32u5xx_hal_dma.o
                0x08005a0e                HAL_DMA_IRQHandler
 .text.HAL_DMA_ConfigChannelAttributes
                0x08005cd0       0x78 ./Drivers/STM32U5xx_HAL_Driver/Src/stm32u5xx_hal_dma.o
                0x08005cd0                HAL_DMA_ConfigChannelAttributes
 .text.DMA_SetConfig
                0x08005d48       0x4a ./Drivers/STM32U5xx_HAL_Driver/Src/stm32u5xx_hal_dma.o
 *fill*         0x08005d92        0x2 
 .text.DMA_Init
                0x08005d94      0x500 ./Drivers/STM32U5xx_HAL_Driver/Src/stm32u5xx_hal_dma.o
 .text.HAL_DMAEx_List_Start_IT
                0x08006294      0x128 ./Drivers/STM32U5xx_HAL_Driver/Src/stm32u5xx_hal_dma_ex.o
                0x08006294                HAL_DMAEx_List_Start_IT
 .text.HAL_DMAEx_List_GetNodeConfig
                0x080063bc       0x2c ./Drivers/STM32U5xx_HAL_Driver/Src/stm32u5xx_hal_dma_ex.o
                0x080063bc                HAL_DMAEx_List_GetNodeConfig
 .text.DMA_List_GetNodeConfig
                0x080063e8      0x214 ./Drivers/STM32U5xx_HAL_Driver/Src/stm32u5xx_hal_dma_ex.o
 .text.DMA_List_GetCLLRNodeInfo
                0x080065fc       0x60 ./Drivers/STM32U5xx_HAL_Driver/Src/stm32u5xx_hal_dma_ex.o
 .text.HAL_EXTI_RegisterCallback
                0x0800665c       0x58 ./Drivers/STM32U5xx_HAL_Driver/Src/stm32u5xx_hal_exti.o
                0x0800665c                HAL_EXTI_RegisterCallback
 .text.HAL_EXTI_GetHandle
                0x080066b4       0x28 ./Drivers/STM32U5xx_HAL_Driver/Src/stm32u5xx_hal_exti.o
                0x080066b4                HAL_EXTI_GetHandle
 .text.HAL_EXTI_IRQHandler
                0x080066dc       0x90 ./Drivers/STM32U5xx_HAL_Driver/Src/stm32u5xx_hal_exti.o
                0x080066dc                HAL_EXTI_IRQHandler
 .text.HAL_FDCAN_Init
                0x0800676c      0x2a4 ./Drivers/STM32U5xx_HAL_Driver/Src/stm32u5xx_hal_fdcan.o
                0x0800676c                HAL_FDCAN_Init
 .text.HAL_FDCAN_IRQHandler
                0x08006a10      0x266 ./Drivers/STM32U5xx_HAL_Driver/Src/stm32u5xx_hal_fdcan.o
                0x08006a10                HAL_FDCAN_IRQHandler
 .text.HAL_FDCAN_TxEventFifoCallback
                0x08006c76       0x16 ./Drivers/STM32U5xx_HAL_Driver/Src/stm32u5xx_hal_fdcan.o
                0x08006c76                HAL_FDCAN_TxEventFifoCallback
 .text.HAL_FDCAN_RxFifo0Callback
                0x08006c8c       0x16 ./Drivers/STM32U5xx_HAL_Driver/Src/stm32u5xx_hal_fdcan.o
                0x08006c8c                HAL_FDCAN_RxFifo0Callback
 .text.HAL_FDCAN_RxFifo1Callback
                0x08006ca2       0x16 ./Drivers/STM32U5xx_HAL_Driver/Src/stm32u5xx_hal_fdcan.o
                0x08006ca2                HAL_FDCAN_RxFifo1Callback
 .text.HAL_FDCAN_TxFifoEmptyCallback
                0x08006cb8       0x14 ./Drivers/STM32U5xx_HAL_Driver/Src/stm32u5xx_hal_fdcan.o
                0x08006cb8                HAL_FDCAN_TxFifoEmptyCallback
 .text.HAL_FDCAN_TxBufferCompleteCallback
                0x08006ccc       0x16 ./Drivers/STM32U5xx_HAL_Driver/Src/stm32u5xx_hal_fdcan.o
                0x08006ccc                HAL_FDCAN_TxBufferCompleteCallback
 .text.HAL_FDCAN_TxBufferAbortCallback
                0x08006ce2       0x16 ./Drivers/STM32U5xx_HAL_Driver/Src/stm32u5xx_hal_fdcan.o
                0x08006ce2                HAL_FDCAN_TxBufferAbortCallback
 .text.HAL_FDCAN_TimestampWraparoundCallback
                0x08006cf8       0x14 ./Drivers/STM32U5xx_HAL_Driver/Src/stm32u5xx_hal_fdcan.o
                0x08006cf8                HAL_FDCAN_TimestampWraparoundCallback
 .text.HAL_FDCAN_TimeoutOccurredCallback
                0x08006d0c       0x14 ./Drivers/STM32U5xx_HAL_Driver/Src/stm32u5xx_hal_fdcan.o
                0x08006d0c                HAL_FDCAN_TimeoutOccurredCallback
 .text.HAL_FDCAN_HighPriorityMessageCallback
                0x08006d20       0x14 ./Drivers/STM32U5xx_HAL_Driver/Src/stm32u5xx_hal_fdcan.o
                0x08006d20                HAL_FDCAN_HighPriorityMessageCallback
 .text.HAL_FDCAN_ErrorCallback
                0x08006d34       0x14 ./Drivers/STM32U5xx_HAL_Driver/Src/stm32u5xx_hal_fdcan.o
                0x08006d34                HAL_FDCAN_ErrorCallback
 .text.HAL_FDCAN_ErrorStatusCallback
                0x08006d48       0x16 ./Drivers/STM32U5xx_HAL_Driver/Src/stm32u5xx_hal_fdcan.o
                0x08006d48                HAL_FDCAN_ErrorStatusCallback
 *fill*         0x08006d5e        0x2 
 .text.FDCAN_CalcultateRamBlockAddresses
                0x08006d60       0xac ./Drivers/STM32U5xx_HAL_Driver/Src/stm32u5xx_hal_fdcan.o
 .text.HAL_GPIO_Init
                0x08006e0c      0x3c0 ./Drivers/STM32U5xx_HAL_Driver/Src/stm32u5xx_hal_gpio.o
                0x08006e0c                HAL_GPIO_Init
 .text.HAL_GPIO_DeInit
                0x080071cc      0x1bc ./Drivers/STM32U5xx_HAL_Driver/Src/stm32u5xx_hal_gpio.o
                0x080071cc                HAL_GPIO_DeInit
 .text.HAL_GPIO_ReadPin
                0x08007388       0x30 ./Drivers/STM32U5xx_HAL_Driver/Src/stm32u5xx_hal_gpio.o
                0x08007388                HAL_GPIO_ReadPin
 .text.HAL_GPIO_WritePin
                0x080073b8       0x30 ./Drivers/STM32U5xx_HAL_Driver/Src/stm32u5xx_hal_gpio.o
                0x080073b8                HAL_GPIO_WritePin
 .text.HAL_GPIO_EXTI_IRQHandler
                0x080073e8       0x4c ./Drivers/STM32U5xx_HAL_Driver/Src/stm32u5xx_hal_gpio.o
                0x080073e8                HAL_GPIO_EXTI_IRQHandler
 .text.HAL_GPIO_EXTI_Rising_Callback
                0x08007434       0x16 ./Drivers/STM32U5xx_HAL_Driver/Src/stm32u5xx_hal_gpio.o
                0x08007434                HAL_GPIO_EXTI_Rising_Callback
 .text.HAL_GPIO_EXTI_Falling_Callback
                0x0800744a       0x16 ./Drivers/STM32U5xx_HAL_Driver/Src/stm32u5xx_hal_gpio.o
                0x0800744a                HAL_GPIO_EXTI_Falling_Callback
 .text.HAL_ICACHE_Enable
                0x08007460       0x20 ./Drivers/STM32U5xx_HAL_Driver/Src/stm32u5xx_hal_icache.o
                0x08007460                HAL_ICACHE_Enable
 .text.HAL_PWREx_ControlVoltageScaling
                0x08007480       0xfc ./Drivers/STM32U5xx_HAL_Driver/Src/stm32u5xx_hal_pwr_ex.o
                0x08007480                HAL_PWREx_ControlVoltageScaling
 .text.HAL_PWREx_GetVoltageRange
                0x0800757c       0x1c ./Drivers/STM32U5xx_HAL_Driver/Src/stm32u5xx_hal_pwr_ex.o
                0x0800757c                HAL_PWREx_GetVoltageRange
 .text.HAL_PWREx_EnableVddA
                0x08007598       0x20 ./Drivers/STM32U5xx_HAL_Driver/Src/stm32u5xx_hal_pwr_ex.o
                0x08007598                HAL_PWREx_EnableVddA
 .text.HAL_RCC_OscConfig
                0x080075b8      0xdb8 ./Drivers/STM32U5xx_HAL_Driver/Src/stm32u5xx_hal_rcc.o
                0x080075b8                HAL_RCC_OscConfig
 .text.HAL_RCC_ClockConfig
                0x08008370      0x3e4 ./Drivers/STM32U5xx_HAL_Driver/Src/stm32u5xx_hal_rcc.o
                0x08008370                HAL_RCC_ClockConfig
 .text.HAL_RCC_GetSysClockFreq
                0x08008754      0x20c ./Drivers/STM32U5xx_HAL_Driver/Src/stm32u5xx_hal_rcc.o
                0x08008754                HAL_RCC_GetSysClockFreq
 .text.HAL_RCC_GetHCLKFreq
                0x08008960       0x34 ./Drivers/STM32U5xx_HAL_Driver/Src/stm32u5xx_hal_rcc.o
                0x08008960                HAL_RCC_GetHCLKFreq
 .text.RCC_SetFlashLatencyFromMSIRange
                0x08008994      0x10c ./Drivers/STM32U5xx_HAL_Driver/Src/stm32u5xx_hal_rcc.o
 .text.HAL_RCCEx_PeriphCLKConfig
                0x08008aa0      0xb48 ./Drivers/STM32U5xx_HAL_Driver/Src/stm32u5xx_hal_rcc_ex.o
                0x08008aa0                HAL_RCCEx_PeriphCLKConfig
 .text.RCCEx_PLL2_Config
                0x080095e8      0x130 ./Drivers/STM32U5xx_HAL_Driver/Src/stm32u5xx_hal_rcc_ex.o
 .text.RCCEx_PLL3_Config
                0x08009718      0x130 ./Drivers/STM32U5xx_HAL_Driver/Src/stm32u5xx_hal_rcc_ex.o
 .text.HAL_SPI_Init
                0x08009848      0x22c ./Drivers/STM32U5xx_HAL_Driver/Src/stm32u5xx_hal_spi.o
                0x08009848                HAL_SPI_Init
 .text.HAL_SPI_TransmitReceive
                0x08009a74      0x6c0 ./Drivers/STM32U5xx_HAL_Driver/Src/stm32u5xx_hal_spi.o
                0x08009a74                HAL_SPI_TransmitReceive
 .text.HAL_SPI_IRQHandler
                0x0800a134      0x3a8 ./Drivers/STM32U5xx_HAL_Driver/Src/stm32u5xx_hal_spi.o
                0x0800a134                HAL_SPI_IRQHandler
 .text.HAL_SPI_TxCpltCallback
                0x0800a4dc       0x14 ./Drivers/STM32U5xx_HAL_Driver/Src/stm32u5xx_hal_spi.o
                0x0800a4dc                HAL_SPI_TxCpltCallback
 .text.HAL_SPI_RxCpltCallback
                0x0800a4f0       0x14 ./Drivers/STM32U5xx_HAL_Driver/Src/stm32u5xx_hal_spi.o
                0x0800a4f0                HAL_SPI_RxCpltCallback
 .text.HAL_SPI_TxRxCpltCallback
                0x0800a504       0x14 ./Drivers/STM32U5xx_HAL_Driver/Src/stm32u5xx_hal_spi.o
                0x0800a504                HAL_SPI_TxRxCpltCallback
 .text.HAL_SPI_ErrorCallback
                0x0800a518       0x14 ./Drivers/STM32U5xx_HAL_Driver/Src/stm32u5xx_hal_spi.o
                0x0800a518                HAL_SPI_ErrorCallback
 .text.HAL_SPI_SuspendCallback
                0x0800a52c       0x14 ./Drivers/STM32U5xx_HAL_Driver/Src/stm32u5xx_hal_spi.o
                0x0800a52c                HAL_SPI_SuspendCallback
 .text.HAL_SPI_GetState
                0x0800a540       0x1c ./Drivers/STM32U5xx_HAL_Driver/Src/stm32u5xx_hal_spi.o
                0x0800a540                HAL_SPI_GetState
 .text.SPI_DMAAbortOnError
                0x0800a55c       0x34 ./Drivers/STM32U5xx_HAL_Driver/Src/stm32u5xx_hal_spi.o
 .text.SPI_CloseTransfer
                0x0800a590      0x140 ./Drivers/STM32U5xx_HAL_Driver/Src/stm32u5xx_hal_spi.o
 .text.SPI_WaitOnFlagUntilTimeout
                0x0800a6d0       0x5c ./Drivers/STM32U5xx_HAL_Driver/Src/stm32u5xx_hal_spi.o
 .text.SPI_GetPacketSize
                0x0800a72c       0x36 ./Drivers/STM32U5xx_HAL_Driver/Src/stm32u5xx_hal_spi.o
 .text.HAL_SPIEx_SetConfigAutonomousMode
                0x0800a762       0x82 ./Drivers/STM32U5xx_HAL_Driver/Src/stm32u5xx_hal_spi_ex.o
                0x0800a762                HAL_SPIEx_SetConfigAutonomousMode
 .text.HAL_TIM_Base_Init
                0x0800a7e4       0xae ./Drivers/STM32U5xx_HAL_Driver/Src/stm32u5xx_hal_tim.o
                0x0800a7e4                HAL_TIM_Base_Init
 .text.HAL_TIM_IRQHandler
                0x0800a892      0x29e ./Drivers/STM32U5xx_HAL_Driver/Src/stm32u5xx_hal_tim.o
                0x0800a892                HAL_TIM_IRQHandler
 .text.HAL_TIM_PeriodElapsedCallback
                0x0800ab30       0x14 ./Drivers/STM32U5xx_HAL_Driver/Src/stm32u5xx_hal_tim.o
                0x0800ab30                HAL_TIM_PeriodElapsedCallback
 .text.HAL_TIM_OC_DelayElapsedCallback
                0x0800ab44       0x14 ./Drivers/STM32U5xx_HAL_Driver/Src/stm32u5xx_hal_tim.o
                0x0800ab44                HAL_TIM_OC_DelayElapsedCallback
 .text.HAL_TIM_IC_CaptureCallback
                0x0800ab58       0x14 ./Drivers/STM32U5xx_HAL_Driver/Src/stm32u5xx_hal_tim.o
                0x0800ab58                HAL_TIM_IC_CaptureCallback
 .text.HAL_TIM_PWM_PulseFinishedCallback
                0x0800ab6c       0x14 ./Drivers/STM32U5xx_HAL_Driver/Src/stm32u5xx_hal_tim.o
                0x0800ab6c                HAL_TIM_PWM_PulseFinishedCallback
 .text.HAL_TIM_TriggerCallback
                0x0800ab80       0x14 ./Drivers/STM32U5xx_HAL_Driver/Src/stm32u5xx_hal_tim.o
                0x0800ab80                HAL_TIM_TriggerCallback
 .text.TIM_Base_SetConfig
                0x0800ab94      0x200 ./Drivers/STM32U5xx_HAL_Driver/Src/stm32u5xx_hal_tim.o
                0x0800ab94                TIM_Base_SetConfig
 .text.HAL_TIMEx_CommutCallback
                0x0800ad94       0x14 ./Drivers/STM32U5xx_HAL_Driver/Src/stm32u5xx_hal_tim_ex.o
                0x0800ad94                HAL_TIMEx_CommutCallback
 .text.HAL_TIMEx_BreakCallback
                0x0800ada8       0x14 ./Drivers/STM32U5xx_HAL_Driver/Src/stm32u5xx_hal_tim_ex.o
                0x0800ada8                HAL_TIMEx_BreakCallback
 .text.HAL_TIMEx_Break2Callback
                0x0800adbc       0x14 ./Drivers/STM32U5xx_HAL_Driver/Src/stm32u5xx_hal_tim_ex.o
                0x0800adbc                HAL_TIMEx_Break2Callback
 .text.HAL_TIMEx_EncoderIndexCallback
                0x0800add0       0x14 ./Drivers/STM32U5xx_HAL_Driver/Src/stm32u5xx_hal_tim_ex.o
                0x0800add0                HAL_TIMEx_EncoderIndexCallback
 .text.HAL_TIMEx_DirectionChangeCallback
                0x0800ade4       0x14 ./Drivers/STM32U5xx_HAL_Driver/Src/stm32u5xx_hal_tim_ex.o
                0x0800ade4                HAL_TIMEx_DirectionChangeCallback
 .text.HAL_TIMEx_IndexErrorCallback
                0x0800adf8       0x14 ./Drivers/STM32U5xx_HAL_Driver/Src/stm32u5xx_hal_tim_ex.o
                0x0800adf8                HAL_TIMEx_IndexErrorCallback
 .text.HAL_TIMEx_TransitionErrorCallback
                0x0800ae0c       0x14 ./Drivers/STM32U5xx_HAL_Driver/Src/stm32u5xx_hal_tim_ex.o
                0x0800ae0c                HAL_TIMEx_TransitionErrorCallback
 .text.hci_disconnection_complete_event_process
                0x0800ae20       0x30 ./Middlewares/ST/BlueNRG-2/hci/bluenrg1_events.o
                0x0800ae20                hci_disconnection_complete_event_process
 .text.hci_encryption_change_event_process
                0x0800ae50       0x30 ./Middlewares/ST/BlueNRG-2/hci/bluenrg1_events.o
                0x0800ae50                hci_encryption_change_event_process
 .text.hci_read_remote_version_information_complete_event_process
                0x0800ae80       0x3e ./Middlewares/ST/BlueNRG-2/hci/bluenrg1_events.o
                0x0800ae80                hci_read_remote_version_information_complete_event_process
 .text.hci_hardware_error_event_process
                0x0800aebe       0x24 ./Middlewares/ST/BlueNRG-2/hci/bluenrg1_events.o
                0x0800aebe                hci_hardware_error_event_process
 .text.hci_number_of_completed_packets_event_process
                0x0800aee2       0xae ./Middlewares/ST/BlueNRG-2/hci/bluenrg1_events.o
                0x0800aee2                hci_number_of_completed_packets_event_process
 .text.hci_data_buffer_overflow_event_process
                0x0800af90       0x24 ./Middlewares/ST/BlueNRG-2/hci/bluenrg1_events.o
                0x0800af90                hci_data_buffer_overflow_event_process
 .text.hci_encryption_key_refresh_complete_event_process
                0x0800afb4       0x2e ./Middlewares/ST/BlueNRG-2/hci/bluenrg1_events.o
                0x0800afb4                hci_encryption_key_refresh_complete_event_process
 .text.aci_blue_initialized_event_process
                0x0800afe2       0x24 ./Middlewares/ST/BlueNRG-2/hci/bluenrg1_events.o
                0x0800afe2                aci_blue_initialized_event_process
 .text.aci_blue_events_lost_event_process
                0x0800b006       0x22 ./Middlewares/ST/BlueNRG-2/hci/bluenrg1_events.o
                0x0800b006                aci_blue_events_lost_event_process
 .text.aci_blue_crash_info_event_process
                0x0800b028       0x84 ./Middlewares/ST/BlueNRG-2/hci/bluenrg1_events.o
                0x0800b028                aci_blue_crash_info_event_process
 .text.aci_hal_end_of_radio_activity_event_process
                0x0800b0ac       0x2e ./Middlewares/ST/BlueNRG-2/hci/bluenrg1_events.o
                0x0800b0ac                aci_hal_end_of_radio_activity_event_process
 .text.aci_hal_scan_req_report_event_process
                0x0800b0da       0x2e ./Middlewares/ST/BlueNRG-2/hci/bluenrg1_events.o
                0x0800b0da                aci_hal_scan_req_report_event_process
 .text.aci_hal_fw_error_event_process
                0x0800b108       0x2c ./Middlewares/ST/BlueNRG-2/hci/bluenrg1_events.o
                0x0800b108                aci_hal_fw_error_event_process
 .text.aci_gap_limited_discoverable_event_process
                0x0800b134       0x1a ./Middlewares/ST/BlueNRG-2/hci/bluenrg1_events.o
                0x0800b134                aci_gap_limited_discoverable_event_process
 .text.aci_gap_pairing_complete_event_process
                0x0800b14e       0x2e ./Middlewares/ST/BlueNRG-2/hci/bluenrg1_events.o
                0x0800b14e                aci_gap_pairing_complete_event_process
 .text.aci_gap_pass_key_req_event_process
                0x0800b17c       0x26 ./Middlewares/ST/BlueNRG-2/hci/bluenrg1_events.o
                0x0800b17c                aci_gap_pass_key_req_event_process
 .text.aci_gap_authorization_req_event_process
                0x0800b1a2       0x26 ./Middlewares/ST/BlueNRG-2/hci/bluenrg1_events.o
                0x0800b1a2                aci_gap_authorization_req_event_process
 .text.aci_gap_slave_security_initiated_event_process
                0x0800b1c8       0x1a ./Middlewares/ST/BlueNRG-2/hci/bluenrg1_events.o
                0x0800b1c8                aci_gap_slave_security_initiated_event_process
 .text.aci_gap_bond_lost_event_process
                0x0800b1e2       0x1a ./Middlewares/ST/BlueNRG-2/hci/bluenrg1_events.o
                0x0800b1e2                aci_gap_bond_lost_event_process
 .text.aci_gap_proc_complete_event_process
                0x0800b1fc       0x2e ./Middlewares/ST/BlueNRG-2/hci/bluenrg1_events.o
                0x0800b1fc                aci_gap_proc_complete_event_process
 .text.aci_gap_addr_not_resolved_event_process
                0x0800b22a       0x26 ./Middlewares/ST/BlueNRG-2/hci/bluenrg1_events.o
                0x0800b22a                aci_gap_addr_not_resolved_event_process
 .text.aci_gap_numeric_comparison_value_event_process
                0x0800b250       0x2e ./Middlewares/ST/BlueNRG-2/hci/bluenrg1_events.o
                0x0800b250                aci_gap_numeric_comparison_value_event_process
 .text.aci_gap_keypress_notification_event_process
                0x0800b27e       0x2c ./Middlewares/ST/BlueNRG-2/hci/bluenrg1_events.o
                0x0800b27e                aci_gap_keypress_notification_event_process
 .text.aci_l2cap_connection_update_resp_event_process
                0x0800b2aa       0x2e ./Middlewares/ST/BlueNRG-2/hci/bluenrg1_events.o
                0x0800b2aa                aci_l2cap_connection_update_resp_event_process
 .text.aci_l2cap_proc_timeout_event_process
                0x0800b2d8       0x2e ./Middlewares/ST/BlueNRG-2/hci/bluenrg1_events.o
                0x0800b2d8                aci_l2cap_proc_timeout_event_process
 .text.aci_l2cap_connection_update_req_event_process
                0x0800b306       0x5c ./Middlewares/ST/BlueNRG-2/hci/bluenrg1_events.o
                0x0800b306                aci_l2cap_connection_update_req_event_process
 .text.aci_l2cap_command_reject_event_process
                0x0800b362       0x3c ./Middlewares/ST/BlueNRG-2/hci/bluenrg1_events.o
                0x0800b362                aci_l2cap_command_reject_event_process
 .text.aci_gatt_attribute_modified_event_process
                0x0800b39e       0x3e ./Middlewares/ST/BlueNRG-2/hci/bluenrg1_events.o
                0x0800b39e                aci_gatt_attribute_modified_event_process
 .text.aci_gatt_proc_timeout_event_process
                0x0800b3dc       0x26 ./Middlewares/ST/BlueNRG-2/hci/bluenrg1_events.o
                0x0800b3dc                aci_gatt_proc_timeout_event_process
 .text.aci_att_exchange_mtu_resp_event_process
                0x0800b402       0x2e ./Middlewares/ST/BlueNRG-2/hci/bluenrg1_events.o
                0x0800b402                aci_att_exchange_mtu_resp_event_process
 .text.aci_att_find_info_resp_event_process
                0x0800b430       0x30 ./Middlewares/ST/BlueNRG-2/hci/bluenrg1_events.o
                0x0800b430                aci_att_find_info_resp_event_process
 .text.aci_att_find_by_type_value_resp_event_process
                0x0800b460       0xb4 ./Middlewares/ST/BlueNRG-2/hci/bluenrg1_events.o
                0x0800b460                aci_att_find_by_type_value_resp_event_process
 .text.aci_att_read_by_type_resp_event_process
                0x0800b514       0x30 ./Middlewares/ST/BlueNRG-2/hci/bluenrg1_events.o
                0x0800b514                aci_att_read_by_type_resp_event_process
 .text.aci_att_read_resp_event_process
                0x0800b544       0x2e ./Middlewares/ST/BlueNRG-2/hci/bluenrg1_events.o
                0x0800b544                aci_att_read_resp_event_process
 .text.aci_att_read_blob_resp_event_process
                0x0800b572       0x2e ./Middlewares/ST/BlueNRG-2/hci/bluenrg1_events.o
                0x0800b572                aci_att_read_blob_resp_event_process
 .text.aci_att_read_multiple_resp_event_process
                0x0800b5a0       0x2e ./Middlewares/ST/BlueNRG-2/hci/bluenrg1_events.o
                0x0800b5a0                aci_att_read_multiple_resp_event_process
 .text.aci_att_read_by_group_type_resp_event_process
                0x0800b5ce       0x30 ./Middlewares/ST/BlueNRG-2/hci/bluenrg1_events.o
                0x0800b5ce                aci_att_read_by_group_type_resp_event_process
 .text.aci_att_prepare_write_resp_event_process
                0x0800b5fe       0x3c ./Middlewares/ST/BlueNRG-2/hci/bluenrg1_events.o
                0x0800b5fe                aci_att_prepare_write_resp_event_process
 .text.aci_att_exec_write_resp_event_process
                0x0800b63a       0x26 ./Middlewares/ST/BlueNRG-2/hci/bluenrg1_events.o
                0x0800b63a                aci_att_exec_write_resp_event_process
 .text.aci_gatt_indication_event_process
                0x0800b660       0x32 ./Middlewares/ST/BlueNRG-2/hci/bluenrg1_events.o
                0x0800b660                aci_gatt_indication_event_process
 .text.aci_gatt_notification_event_process
                0x0800b692       0x32 ./Middlewares/ST/BlueNRG-2/hci/bluenrg1_events.o
                0x0800b692                aci_gatt_notification_event_process
 .text.aci_gatt_proc_complete_event_process
                0x0800b6c4       0x2c ./Middlewares/ST/BlueNRG-2/hci/bluenrg1_events.o
                0x0800b6c4                aci_gatt_proc_complete_event_process
 .text.aci_gatt_error_resp_event_process
                0x0800b6f0       0x34 ./Middlewares/ST/BlueNRG-2/hci/bluenrg1_events.o
                0x0800b6f0                aci_gatt_error_resp_event_process
 .text.aci_gatt_disc_read_char_by_uuid_resp_event_process
                0x0800b724       0x32 ./Middlewares/ST/BlueNRG-2/hci/bluenrg1_events.o
                0x0800b724                aci_gatt_disc_read_char_by_uuid_resp_event_process
 .text.aci_gatt_write_permit_req_event_process
                0x0800b756       0x32 ./Middlewares/ST/BlueNRG-2/hci/bluenrg1_events.o
                0x0800b756                aci_gatt_write_permit_req_event_process
 .text.aci_gatt_read_permit_req_event_process
                0x0800b788       0x32 ./Middlewares/ST/BlueNRG-2/hci/bluenrg1_events.o
                0x0800b788                aci_gatt_read_permit_req_event_process
 .text.aci_gatt_read_multi_permit_req_event_process
                0x0800b7ba       0x8a ./Middlewares/ST/BlueNRG-2/hci/bluenrg1_events.o
                0x0800b7ba                aci_gatt_read_multi_permit_req_event_process
 .text.aci_gatt_tx_pool_available_event_process
                0x0800b844       0x2e ./Middlewares/ST/BlueNRG-2/hci/bluenrg1_events.o
                0x0800b844                aci_gatt_tx_pool_available_event_process
 .text.aci_gatt_server_confirmation_event_process
                0x0800b872       0x26 ./Middlewares/ST/BlueNRG-2/hci/bluenrg1_events.o
                0x0800b872                aci_gatt_server_confirmation_event_process
 .text.aci_gatt_prepare_write_permit_req_event_process
                0x0800b898       0x3c ./Middlewares/ST/BlueNRG-2/hci/bluenrg1_events.o
                0x0800b898                aci_gatt_prepare_write_permit_req_event_process
 .text.hci_le_connection_complete_event_process
                0x0800b8d4       0x68 ./Middlewares/ST/BlueNRG-2/hci/bluenrg1_events.o
                0x0800b8d4                hci_le_connection_complete_event_process
 .text.hci_le_advertising_report_event_process
                0x0800b93c      0x1ba ./Middlewares/ST/BlueNRG-2/hci/bluenrg1_events.o
                0x0800b93c                hci_le_advertising_report_event_process
 .text.hci_le_connection_update_complete_event_process
                0x0800baf6       0x46 ./Middlewares/ST/BlueNRG-2/hci/bluenrg1_events.o
                0x0800baf6                hci_le_connection_update_complete_event_process
 .text.hci_le_read_remote_used_features_complete_event_process
                0x0800bb3c       0x30 ./Middlewares/ST/BlueNRG-2/hci/bluenrg1_events.o
                0x0800bb3c                hci_le_read_remote_used_features_complete_event_process
 .text.hci_le_long_term_key_request_event_process
                0x0800bb6c       0x30 ./Middlewares/ST/BlueNRG-2/hci/bluenrg1_events.o
                0x0800bb6c                hci_le_long_term_key_request_event_process
 .text.hci_le_data_length_change_event_process
                0x0800bb9c       0x40 ./Middlewares/ST/BlueNRG-2/hci/bluenrg1_events.o
                0x0800bb9c                hci_le_data_length_change_event_process
 .text.hci_le_read_local_p256_public_key_complete_event_process
                0x0800bbdc       0x2a ./Middlewares/ST/BlueNRG-2/hci/bluenrg1_events.o
                0x0800bbdc                hci_le_read_local_p256_public_key_complete_event_process
 .text.hci_le_generate_dhkey_complete_event_process
                0x0800bc06       0x2a ./Middlewares/ST/BlueNRG-2/hci/bluenrg1_events.o
                0x0800bc06                hci_le_generate_dhkey_complete_event_process
 .text.hci_le_enhanced_connection_complete_event_process
                0x0800bc30       0x7c ./Middlewares/ST/BlueNRG-2/hci/bluenrg1_events.o
                0x0800bc30                hci_le_enhanced_connection_complete_event_process
 .text.hci_le_direct_advertising_report_event_process
                0x0800bcac      0x15e ./Middlewares/ST/BlueNRG-2/hci/bluenrg1_events.o
                0x0800bcac                hci_le_direct_advertising_report_event_process
 .text.hci_encryption_change_event
                0x0800be0a       0x1e ./Middlewares/ST/BlueNRG-2/hci/bluenrg1_events_cb.o
                0x0800be0a                hci_encryption_change_event
 .text.hci_read_remote_version_information_complete_event
                0x0800be28       0x28 ./Middlewares/ST/BlueNRG-2/hci/bluenrg1_events_cb.o
                0x0800be28                hci_read_remote_version_information_complete_event
 .text.hci_hardware_error_event
                0x0800be50       0x16 ./Middlewares/ST/BlueNRG-2/hci/bluenrg1_events_cb.o
                0x0800be50                hci_hardware_error_event
 .text.hci_number_of_completed_packets_event
                0x0800be66       0x18 ./Middlewares/ST/BlueNRG-2/hci/bluenrg1_events_cb.o
                0x0800be66                hci_number_of_completed_packets_event
 .text.hci_data_buffer_overflow_event
                0x0800be7e       0x16 ./Middlewares/ST/BlueNRG-2/hci/bluenrg1_events_cb.o
                0x0800be7e                hci_data_buffer_overflow_event
 .text.hci_encryption_key_refresh_complete_event
                0x0800be94       0x1c ./Middlewares/ST/BlueNRG-2/hci/bluenrg1_events_cb.o
                0x0800be94                hci_encryption_key_refresh_complete_event
 .text.hci_le_advertising_report_event
                0x0800beb0       0x18 ./Middlewares/ST/BlueNRG-2/hci/bluenrg1_events_cb.o
                0x0800beb0                hci_le_advertising_report_event
 .text.hci_le_connection_update_complete_event
                0x0800bec8       0x28 ./Middlewares/ST/BlueNRG-2/hci/bluenrg1_events_cb.o
                0x0800bec8                hci_le_connection_update_complete_event
 .text.hci_le_read_remote_used_features_complete_event
                0x0800bef0       0x1c ./Middlewares/ST/BlueNRG-2/hci/bluenrg1_events_cb.o
                0x0800bef0                hci_le_read_remote_used_features_complete_event
 .text.hci_le_long_term_key_request_event
                0x0800bf0c       0x1c ./Middlewares/ST/BlueNRG-2/hci/bluenrg1_events_cb.o
                0x0800bf0c                hci_le_long_term_key_request_event
 .text.hci_le_data_length_change_event
                0x0800bf28       0x28 ./Middlewares/ST/BlueNRG-2/hci/bluenrg1_events_cb.o
                0x0800bf28                hci_le_data_length_change_event
 .text.hci_le_read_local_p256_public_key_complete_event
                0x0800bf50       0x18 ./Middlewares/ST/BlueNRG-2/hci/bluenrg1_events_cb.o
                0x0800bf50                hci_le_read_local_p256_public_key_complete_event
 .text.hci_le_generate_dhkey_complete_event
                0x0800bf68       0x18 ./Middlewares/ST/BlueNRG-2/hci/bluenrg1_events_cb.o
                0x0800bf68                hci_le_generate_dhkey_complete_event
 .text.hci_le_enhanced_connection_complete_event
                0x0800bf80       0x28 ./Middlewares/ST/BlueNRG-2/hci/bluenrg1_events_cb.o
                0x0800bf80                hci_le_enhanced_connection_complete_event
 .text.hci_le_direct_advertising_report_event
                0x0800bfa8       0x18 ./Middlewares/ST/BlueNRG-2/hci/bluenrg1_events_cb.o
                0x0800bfa8                hci_le_direct_advertising_report_event
 .text.aci_gap_limited_discoverable_event
                0x0800bfc0        0xe ./Middlewares/ST/BlueNRG-2/hci/bluenrg1_events_cb.o
                0x0800bfc0                aci_gap_limited_discoverable_event
 .text.aci_gap_authorization_req_event
                0x0800bfce       0x16 ./Middlewares/ST/BlueNRG-2/hci/bluenrg1_events_cb.o
                0x0800bfce                aci_gap_authorization_req_event
 .text.aci_gap_slave_security_initiated_event
                0x0800bfe4        0xe ./Middlewares/ST/BlueNRG-2/hci/bluenrg1_events_cb.o
                0x0800bfe4                aci_gap_slave_security_initiated_event
 .text.aci_gap_bond_lost_event
                0x0800bff2        0xe ./Middlewares/ST/BlueNRG-2/hci/bluenrg1_events_cb.o
                0x0800bff2                aci_gap_bond_lost_event
 .text.aci_gap_proc_complete_event
                0x0800c000       0x20 ./Middlewares/ST/BlueNRG-2/hci/bluenrg1_events_cb.o
                0x0800c000                aci_gap_proc_complete_event
 .text.aci_gap_addr_not_resolved_event
                0x0800c020       0x16 ./Middlewares/ST/BlueNRG-2/hci/bluenrg1_events_cb.o
                0x0800c020                aci_gap_addr_not_resolved_event
 .text.aci_gap_numeric_comparison_value_event
                0x0800c036       0x18 ./Middlewares/ST/BlueNRG-2/hci/bluenrg1_events_cb.o
                0x0800c036                aci_gap_numeric_comparison_value_event
 .text.aci_gap_keypress_notification_event
                0x0800c04e       0x1c ./Middlewares/ST/BlueNRG-2/hci/bluenrg1_events_cb.o
                0x0800c04e                aci_gap_keypress_notification_event
 .text.aci_gatt_proc_timeout_event
                0x0800c06a       0x16 ./Middlewares/ST/BlueNRG-2/hci/bluenrg1_events_cb.o
                0x0800c06a                aci_gatt_proc_timeout_event
 .text.aci_att_exchange_mtu_resp_event
                0x0800c080       0x1c ./Middlewares/ST/BlueNRG-2/hci/bluenrg1_events_cb.o
                0x0800c080                aci_att_exchange_mtu_resp_event
 .text.aci_att_find_info_resp_event
                0x0800c09c       0x20 ./Middlewares/ST/BlueNRG-2/hci/bluenrg1_events_cb.o
                0x0800c09c                aci_att_find_info_resp_event
 .text.aci_att_find_by_type_value_resp_event
                0x0800c0bc       0x1c ./Middlewares/ST/BlueNRG-2/hci/bluenrg1_events_cb.o
                0x0800c0bc                aci_att_find_by_type_value_resp_event
 .text.aci_att_read_by_type_resp_event
                0x0800c0d8       0x20 ./Middlewares/ST/BlueNRG-2/hci/bluenrg1_events_cb.o
                0x0800c0d8                aci_att_read_by_type_resp_event
 .text.aci_att_read_resp_event
                0x0800c0f8       0x1c ./Middlewares/ST/BlueNRG-2/hci/bluenrg1_events_cb.o
                0x0800c0f8                aci_att_read_resp_event
 .text.aci_att_read_blob_resp_event
                0x0800c114       0x1c ./Middlewares/ST/BlueNRG-2/hci/bluenrg1_events_cb.o
                0x0800c114                aci_att_read_blob_resp_event
 .text.aci_att_read_multiple_resp_event
                0x0800c130       0x1c ./Middlewares/ST/BlueNRG-2/hci/bluenrg1_events_cb.o
                0x0800c130                aci_att_read_multiple_resp_event
 .text.aci_att_read_by_group_type_resp_event
                0x0800c14c       0x20 ./Middlewares/ST/BlueNRG-2/hci/bluenrg1_events_cb.o
                0x0800c14c                aci_att_read_by_group_type_resp_event
 .text.aci_att_prepare_write_resp_event
                0x0800c16c       0x28 ./Middlewares/ST/BlueNRG-2/hci/bluenrg1_events_cb.o
                0x0800c16c                aci_att_prepare_write_resp_event
 .text.aci_att_exec_write_resp_event
                0x0800c194       0x16 ./Middlewares/ST/BlueNRG-2/hci/bluenrg1_events_cb.o
                0x0800c194                aci_att_exec_write_resp_event
 .text.aci_gatt_indication_event
                0x0800c1aa       0x20 ./Middlewares/ST/BlueNRG-2/hci/bluenrg1_events_cb.o
                0x0800c1aa                aci_gatt_indication_event
 .text.aci_gatt_notification_event
                0x0800c1ca       0x20 ./Middlewares/ST/BlueNRG-2/hci/bluenrg1_events_cb.o
                0x0800c1ca                aci_gatt_notification_event
 .text.aci_gatt_proc_complete_event
                0x0800c1ea       0x1c ./Middlewares/ST/BlueNRG-2/hci/bluenrg1_events_cb.o
                0x0800c1ea                aci_gatt_proc_complete_event
 .text.aci_gatt_error_resp_event
                0x0800c206       0x28 ./Middlewares/ST/BlueNRG-2/hci/bluenrg1_events_cb.o
                0x0800c206                aci_gatt_error_resp_event
 .text.aci_gatt_disc_read_char_by_uuid_resp_event
                0x0800c22e       0x20 ./Middlewares/ST/BlueNRG-2/hci/bluenrg1_events_cb.o
                0x0800c22e                aci_gatt_disc_read_char_by_uuid_resp_event
 .text.aci_gatt_write_permit_req_event
                0x0800c24e       0x20 ./Middlewares/ST/BlueNRG-2/hci/bluenrg1_events_cb.o
                0x0800c24e                aci_gatt_write_permit_req_event
 .text.aci_gatt_read_multi_permit_req_event
                0x0800c26e       0x1c ./Middlewares/ST/BlueNRG-2/hci/bluenrg1_events_cb.o
                0x0800c26e                aci_gatt_read_multi_permit_req_event
 .text.aci_gatt_tx_pool_available_event
                0x0800c28a       0x1c ./Middlewares/ST/BlueNRG-2/hci/bluenrg1_events_cb.o
                0x0800c28a                aci_gatt_tx_pool_available_event
 .text.aci_gatt_server_confirmation_event
                0x0800c2a6       0x16 ./Middlewares/ST/BlueNRG-2/hci/bluenrg1_events_cb.o
                0x0800c2a6                aci_gatt_server_confirmation_event
 .text.aci_gatt_prepare_write_permit_req_event
                0x0800c2bc       0x28 ./Middlewares/ST/BlueNRG-2/hci/bluenrg1_events_cb.o
                0x0800c2bc                aci_gatt_prepare_write_permit_req_event
 .text.aci_l2cap_connection_update_resp_event
                0x0800c2e4       0x1c ./Middlewares/ST/BlueNRG-2/hci/bluenrg1_events_cb.o
                0x0800c2e4                aci_l2cap_connection_update_resp_event
 .text.aci_l2cap_proc_timeout_event
                0x0800c300       0x1c ./Middlewares/ST/BlueNRG-2/hci/bluenrg1_events_cb.o
                0x0800c300                aci_l2cap_proc_timeout_event
 .text.aci_l2cap_connection_update_req_event
                0x0800c31c       0x28 ./Middlewares/ST/BlueNRG-2/hci/bluenrg1_events_cb.o
                0x0800c31c                aci_l2cap_connection_update_req_event
 .text.aci_l2cap_command_reject_event
                0x0800c344       0x28 ./Middlewares/ST/BlueNRG-2/hci/bluenrg1_events_cb.o
                0x0800c344                aci_l2cap_command_reject_event
 .text.aci_blue_initialized_event
                0x0800c36c       0x16 ./Middlewares/ST/BlueNRG-2/hci/bluenrg1_events_cb.o
                0x0800c36c                aci_blue_initialized_event
 .text.aci_blue_events_lost_event
                0x0800c382       0x14 ./Middlewares/ST/BlueNRG-2/hci/bluenrg1_events_cb.o
                0x0800c382                aci_blue_events_lost_event
 .text.aci_blue_crash_info_event
                0x0800c396       0x1c ./Middlewares/ST/BlueNRG-2/hci/bluenrg1_events_cb.o
                0x0800c396                aci_blue_crash_info_event
 .text.aci_hal_end_of_radio_activity_event
                0x0800c3b2       0x1c ./Middlewares/ST/BlueNRG-2/hci/bluenrg1_events_cb.o
                0x0800c3b2                aci_hal_end_of_radio_activity_event
 .text.aci_hal_scan_req_report_event
                0x0800c3ce       0x1c ./Middlewares/ST/BlueNRG-2/hci/bluenrg1_events_cb.o
                0x0800c3ce                aci_hal_scan_req_report_event
 .text.aci_hal_fw_error_event
                0x0800c3ea       0x1c ./Middlewares/ST/BlueNRG-2/hci/bluenrg1_events_cb.o
                0x0800c3ea                aci_hal_fw_error_event
 .text.hci_reset
                0x0800c406       0x52 ./Middlewares/ST/BlueNRG-2/hci/bluenrg1_hci_le.o
                0x0800c406                hci_reset
 .text.hci_read_local_version_information
                0x0800c458       0x8c ./Middlewares/ST/BlueNRG-2/hci/bluenrg1_hci_le.o
                0x0800c458                hci_read_local_version_information
 .text.hci_le_set_scan_response_data
                0x0800c4e4       0xf2 ./Middlewares/ST/BlueNRG-2/hci/bluenrg1_hci_le.o
                0x0800c4e4                hci_le_set_scan_response_data
 .text.aci_gap_set_discoverable
                0x0800c5d6      0x206 ./Middlewares/ST/BlueNRG-2/hci/controller/bluenrg1_gap_aci.o
                0x0800c5d6                aci_gap_set_discoverable
 .text.aci_gap_set_io_capability
                0x0800c7dc       0xba ./Middlewares/ST/BlueNRG-2/hci/controller/bluenrg1_gap_aci.o
                0x0800c7dc                aci_gap_set_io_capability
 .text.aci_gap_set_authentication_requirement
                0x0800c896      0x19a ./Middlewares/ST/BlueNRG-2/hci/controller/bluenrg1_gap_aci.o
                0x0800c896                aci_gap_set_authentication_requirement
 .text.aci_gap_pass_key_resp
                0x0800ca30       0xe0 ./Middlewares/ST/BlueNRG-2/hci/controller/bluenrg1_gap_aci.o
                0x0800ca30                aci_gap_pass_key_resp
 .text.aci_gap_init
                0x0800cb10      0x15a ./Middlewares/ST/BlueNRG-2/hci/controller/bluenrg1_gap_aci.o
                0x0800cb10                aci_gap_init
 .text.aci_gap_slave_security_req
                0x0800cc6a       0xc0 ./Middlewares/ST/BlueNRG-2/hci/controller/bluenrg1_gap_aci.o
                0x0800cc6a                aci_gap_slave_security_req
 .text.aci_gap_update_adv_data
                0x0800cd2a       0xf6 ./Middlewares/ST/BlueNRG-2/hci/controller/bluenrg1_gap_aci.o
                0x0800cd2a                aci_gap_update_adv_data
 .text.aci_gap_clear_security_db
                0x0800ce20       0x52 ./Middlewares/ST/BlueNRG-2/hci/controller/bluenrg1_gap_aci.o
                0x0800ce20                aci_gap_clear_security_db
 .text.aci_gatt_init
                0x0800ce72       0x54 ./Middlewares/ST/BlueNRG-2/hci/controller/bluenrg1_gatt_aci.o
                0x0800ce72                aci_gatt_init
 .text.aci_gatt_add_service
                0x0800cec6      0x1ac ./Middlewares/ST/BlueNRG-2/hci/controller/bluenrg1_gatt_aci.o
                0x0800cec6                aci_gatt_add_service
 .text.aci_gatt_add_char
                0x0800d072      0x210 ./Middlewares/ST/BlueNRG-2/hci/controller/bluenrg1_gatt_aci.o
                0x0800d072                aci_gatt_add_char
 .text.aci_gatt_update_char_value
                0x0800d282      0x164 ./Middlewares/ST/BlueNRG-2/hci/controller/bluenrg1_gatt_aci.o
                0x0800d282                aci_gatt_update_char_value
 .text.aci_gatt_allow_read
                0x0800d3e6       0xbc ./Middlewares/ST/BlueNRG-2/hci/controller/bluenrg1_gatt_aci.o
                0x0800d3e6                aci_gatt_allow_read
 .text.aci_hal_write_config_data
                0x0800d4a2      0x11c ./Middlewares/ST/BlueNRG-2/hci/controller/bluenrg1_hal_aci.o
                0x0800d4a2                aci_hal_write_config_data
 .text.aci_hal_read_config_data
                0x0800d5be      0x108 ./Middlewares/ST/BlueNRG-2/hci/controller/bluenrg1_hal_aci.o
                0x0800d5be                aci_hal_read_config_data
 .text.aci_hal_set_tx_power_level
                0x0800d6c6       0xe0 ./Middlewares/ST/BlueNRG-2/hci/controller/bluenrg1_hal_aci.o
                0x0800d6c6                aci_hal_set_tx_power_level
 .text.verify_packet
                0x0800d7a6       0x40 ./Middlewares/ST/BlueNRG-2/hci/hci_tl_patterns/Basic/hci_tl.o
 *fill*         0x0800d7e6        0x2 
 .text.send_cmd
                0x0800d7e8       0x84 ./Middlewares/ST/BlueNRG-2/hci/hci_tl_patterns/Basic/hci_tl.o
 .text.move_list
                0x0800d86c       0x38 ./Middlewares/ST/BlueNRG-2/hci/hci_tl_patterns/Basic/hci_tl.o
 .text.free_event_list
                0x0800d8a4       0x3c ./Middlewares/ST/BlueNRG-2/hci/hci_tl_patterns/Basic/hci_tl.o
 .text.hci_init
                0x0800d8e0       0x84 ./Middlewares/ST/BlueNRG-2/hci/hci_tl_patterns/Basic/hci_tl.o
                0x0800d8e0                hci_init
 .text.hci_register_io_bus
                0x0800d964       0x40 ./Middlewares/ST/BlueNRG-2/hci/hci_tl_patterns/Basic/hci_tl.o
                0x0800d964                hci_register_io_bus
 .text.hci_send_req
                0x0800d9a4      0x230 ./Middlewares/ST/BlueNRG-2/hci/hci_tl_patterns/Basic/hci_tl.o
                0x0800d9a4                hci_send_req
 .text.hci_user_evt_proc
                0x0800dbd4       0x58 ./Middlewares/ST/BlueNRG-2/hci/hci_tl_patterns/Basic/hci_tl.o
                0x0800dbd4                hci_user_evt_proc
 .text.hci_notify_asynch_evt
                0x0800dc2c       0x9c ./Middlewares/ST/BlueNRG-2/hci/hci_tl_patterns/Basic/hci_tl.o
                0x0800dc2c                hci_notify_asynch_evt
 .text.list_init_head
                0x0800dcc8       0x20 ./Middlewares/ST/BlueNRG-2/utils/ble_list.o
                0x0800dcc8                list_init_head
 .text.list_is_empty
                0x0800dce8       0x44 ./Middlewares/ST/BlueNRG-2/utils/ble_list.o
                0x0800dce8                list_is_empty
 .text.list_insert_head
                0x0800dd2c       0x4c ./Middlewares/ST/BlueNRG-2/utils/ble_list.o
                0x0800dd2c                list_insert_head
 .text.list_insert_tail
                0x0800dd78       0x4c ./Middlewares/ST/BlueNRG-2/utils/ble_list.o
                0x0800dd78                list_insert_tail
 .text.list_remove_node
                0x0800ddc4       0x42 ./Middlewares/ST/BlueNRG-2/utils/ble_list.o
                0x0800ddc4                list_remove_node
 .text.list_remove_head
                0x0800de06       0x4e ./Middlewares/ST/BlueNRG-2/utils/ble_list.o
                0x0800de06                list_remove_head
 .text.list_remove_tail
                0x0800de54       0x4e ./Middlewares/ST/BlueNRG-2/utils/ble_list.o
                0x0800de54                list_remove_tail
 .text.list_get_size
                0x0800dea2       0x50 ./Middlewares/ST/BlueNRG-2/utils/ble_list.o
                0x0800dea2                list_get_size
 .text.memset   0x0800def2       0x10 C:/ST/STM32CubeIDE_1.18.0/STM32CubeIDE/plugins/com.st.stm32cube.ide.mcu.externaltools.gnu-tools-for-stm32.13.3.rel1.win32_1.0.0.202411081344/tools/bin/../lib/gcc/arm-none-eabi/13.3.1/../../../../arm-none-eabi/lib/thumb/v8-m.main+fp/hard\libc_nano.a(libc_a-memset.o)
                0x0800def2                memset
 *fill*         0x0800df02        0x2 
 .text.__libc_init_array
                0x0800df04       0x48 C:/ST/STM32CubeIDE_1.18.0/STM32CubeIDE/plugins/com.st.stm32cube.ide.mcu.externaltools.gnu-tools-for-stm32.13.3.rel1.win32_1.0.0.202411081344/tools/bin/../lib/gcc/arm-none-eabi/13.3.1/../../../../arm-none-eabi/lib/thumb/v8-m.main+fp/hard\libc_nano.a(libc_a-init.o)
                0x0800df04                __libc_init_array
 .text.memcpy   0x0800df4c       0x1a C:/ST/STM32CubeIDE_1.18.0/STM32CubeIDE/plugins/com.st.stm32cube.ide.mcu.externaltools.gnu-tools-for-stm32.13.3.rel1.win32_1.0.0.202411081344/tools/bin/../lib/gcc/arm-none-eabi/13.3.1/../../../../arm-none-eabi/lib/thumb/v8-m.main+fp/hard\libc_nano.a(libc_a-memcpy-stub.o)
                0x0800df4c                memcpy
 *(.glue_7)
 .glue_7        0x0800df66        0x0 linker stubs
 *(.glue_7t)
 .glue_7t       0x0800df66        0x0 linker stubs
 *(.eh_frame)
 *fill*         0x0800df66        0x2 
 .eh_frame      0x0800df68        0x0 C:/ST/STM32CubeIDE_1.18.0/STM32CubeIDE/plugins/com.st.stm32cube.ide.mcu.externaltools.gnu-tools-for-stm32.13.3.rel1.win32_1.0.0.202411081344/tools/bin/../lib/gcc/arm-none-eabi/13.3.1/thumb/v8-m.main+fp/hard/crtbegin.o
 *(.init)
 .init          0x0800df68        0x4 C:/ST/STM32CubeIDE_1.18.0/STM32CubeIDE/plugins/com.st.stm32cube.ide.mcu.externaltools.gnu-tools-for-stm32.13.3.rel1.win32_1.0.0.202411081344/tools/bin/../lib/gcc/arm-none-eabi/13.3.1/thumb/v8-m.main+fp/hard/crti.o
                0x0800df68                _init
 .init          0x0800df6c        0x8 C:/ST/STM32CubeIDE_1.18.0/STM32CubeIDE/plugins/com.st.stm32cube.ide.mcu.externaltools.gnu-tools-for-stm32.13.3.rel1.win32_1.0.0.202411081344/tools/bin/../lib/gcc/arm-none-eabi/13.3.1/thumb/v8-m.main+fp/hard/crtn.o
 *(.fini)
 .fini          0x0800df74        0x4 C:/ST/STM32CubeIDE_1.18.0/STM32CubeIDE/plugins/com.st.stm32cube.ide.mcu.externaltools.gnu-tools-for-stm32.13.3.rel1.win32_1.0.0.202411081344/tools/bin/../lib/gcc/arm-none-eabi/13.3.1/thumb/v8-m.main+fp/hard/crti.o
                0x0800df74                _fini
 .fini          0x0800df78        0x8 C:/ST/STM32CubeIDE_1.18.0/STM32CubeIDE/plugins/com.st.stm32cube.ide.mcu.externaltools.gnu-tools-for-stm32.13.3.rel1.win32_1.0.0.202411081344/tools/bin/../lib/gcc/arm-none-eabi/13.3.1/thumb/v8-m.main+fp/hard/crtn.o
                0x0800df80                        _etext = .

.vfp11_veneer   0x0800df80        0x0
 .vfp11_veneer  0x0800df80        0x0 linker stubs

.v4_bx          0x0800df80        0x0
 .v4_bx         0x0800df80        0x0 linker stubs

.iplt           0x0800df80        0x0
 .iplt          0x0800df80        0x0 C:/ST/STM32CubeIDE_1.18.0/STM32CubeIDE/plugins/com.st.stm32cube.ide.mcu.externaltools.gnu-tools-for-stm32.13.3.rel1.win32_1.0.0.202411081344/tools/bin/../lib/gcc/arm-none-eabi/13.3.1/thumb/v8-m.main+fp/hard/crtbegin.o

.rodata         0x0800df80      0x2c0
 *(.rodata)
 .rodata        0x0800df80        0x7 ./BlueNRG_2/Custom_App/app_bluenrg_2.o
 *fill*         0x0800df87        0x1 
 .rodata        0x0800df88        0x8 ./BlueNRG_2/Custom_App/sensor.o
 *(.rodata*)
 .rodata.AHBPrescTable
                0x0800df90       0x10 ./Core/Src/system_stm32u5xx.o
                0x0800df90                AHBPrescTable
 .rodata.MSIRangeTable
                0x0800dfa0       0x40 ./Core/Src/system_stm32u5xx.o
                0x0800dfa0                MSIRangeTable
 .rodata.LPGPIO_Map
                0x0800dfe0       0x80 ./Drivers/STM32U5xx_HAL_Driver/Src/stm32u5xx_hal_gpio.o
 .rodata.hci_events_table
                0x0800e060       0x38 ./Middlewares/ST/BlueNRG-2/hci/bluenrg1_events.o
                0x0800e060                hci_events_table
 .rodata.hci_le_meta_events_table
                0x0800e098       0x50 ./Middlewares/ST/BlueNRG-2/hci/bluenrg1_events.o
                0x0800e098                hci_le_meta_events_table
 .rodata.hci_vendor_specific_events_table
                0x0800e0e8      0x158 ./Middlewares/ST/BlueNRG-2/hci/bluenrg1_events.o
                0x0800e0e8                hci_vendor_specific_events_table

.ARM.extab
 *(.ARM.extab* .gnu.linkonce.armextab.*)

.ARM            0x0800e240        0x0
                0x0800e240                        __exidx_start = .
 *(.ARM.exidx*)
                0x0800e240                        __exidx_end = .

.preinit_array  0x0800e240        0x0
                0x0800e240                        PROVIDE (__preinit_array_start = .)
 *(.preinit_array*)
                0x0800e240                        PROVIDE (__preinit_array_end = .)

.init_array     0x0800e240        0x4
                0x0800e240                        PROVIDE (__init_array_start = .)
 *(SORT_BY_NAME(.init_array.*))
 *(.init_array*)
 .init_array    0x0800e240        0x4 C:/ST/STM32CubeIDE_1.18.0/STM32CubeIDE/plugins/com.st.stm32cube.ide.mcu.externaltools.gnu-tools-for-stm32.13.3.rel1.win32_1.0.0.202411081344/tools/bin/../lib/gcc/arm-none-eabi/13.3.1/thumb/v8-m.main+fp/hard/crtbegin.o
                0x0800e244                        PROVIDE (__init_array_end = .)

.fini_array     0x0800e244        0x4
                [!provide]                        PROVIDE (__fini_array_start = .)
 *(SORT_BY_NAME(.fini_array.*))
 *(.fini_array*)
 .fini_array    0x0800e244        0x4 C:/ST/STM32CubeIDE_1.18.0/STM32CubeIDE/plugins/com.st.stm32cube.ide.mcu.externaltools.gnu-tools-for-stm32.13.3.rel1.win32_1.0.0.202411081344/tools/bin/../lib/gcc/arm-none-eabi/13.3.1/thumb/v8-m.main+fp/hard/crtbegin.o
                [!provide]                        PROVIDE (__fini_array_end = .)
                0x0800e248                        _sidata = LOADADDR (.data)

.rel.dyn        0x0800e248        0x0
 .rel.iplt      0x0800e248        0x0 C:/ST/STM32CubeIDE_1.18.0/STM32CubeIDE/plugins/com.st.stm32cube.ide.mcu.externaltools.gnu-tools-for-stm32.13.3.rel1.win32_1.0.0.202411081344/tools/bin/../lib/gcc/arm-none-eabi/13.3.1/thumb/v8-m.main+fp/hard/crtbegin.o

.data           0x20000000        0xd load address 0x0800e248
                0x20000000                        _sdata = .
 *(.data)
 *(.data*)
 .data.set_connectable
                0x20000000        0x1 ./BlueNRG_2/Custom_App/sensor.o
                0x20000000                set_connectable
 *fill*         0x20000001        0x3 
 .data.SystemCoreClock
                0x20000004        0x4 ./Core/Src/system_stm32u5xx.o
                0x20000004                SystemCoreClock
 .data.uwTickPrio
                0x20000008        0x4 ./Drivers/STM32U5xx_HAL_Driver/Src/stm32u5xx_hal.o
                0x20000008                uwTickPrio
 .data.uwTickFreq
                0x2000000c        0x1 ./Drivers/STM32U5xx_HAL_Driver/Src/stm32u5xx_hal.o
                0x2000000c                uwTickFreq
 *(.RamFunc)
 *(.RamFunc*)
                0x2000000d                        _edata = .

.igot.plt       0x20000010        0x0 load address 0x0800e255
 .igot.plt      0x20000010        0x0 C:/ST/STM32CubeIDE_1.18.0/STM32CubeIDE/plugins/com.st.stm32cube.ide.mcu.externaltools.gnu-tools-for-stm32.13.3.rel1.win32_1.0.0.202411081344/tools/bin/../lib/gcc/arm-none-eabi/13.3.1/thumb/v8-m.main+fp/hard/crtbegin.o

.bss            0x20000010      0xaec load address 0x0800e255
                0x20000010                        _sbss = .
                0x20000010                        __bss_start__ = _sbss
 *(.bss)
 .bss           0x20000010       0x1c C:/ST/STM32CubeIDE_1.18.0/STM32CubeIDE/plugins/com.st.stm32cube.ide.mcu.externaltools.gnu-tools-for-stm32.13.3.rel1.win32_1.0.0.202411081344/tools/bin/../lib/gcc/arm-none-eabi/13.3.1/thumb/v8-m.main+fp/hard/crtbegin.o
 *(.bss*)
 .bss.bdaddr    0x2000002c        0x6 ./BlueNRG_2/Custom_App/app_bluenrg_2.o
                0x2000002c                bdaddr
 .bss.HWServW2STHandle
                0x20000032        0x2 ./BlueNRG_2/Custom_App/gatt_db.o
                0x20000032                HWServW2STHandle
 .bss.ResCharHandle
                0x20000034        0x2 ./BlueNRG_2/Custom_App/gatt_db.o
                0x20000034                ResCharHandle
 .bss.CapCharHandle
                0x20000036        0x2 ./BlueNRG_2/Custom_App/gatt_db.o
                0x20000036                CapCharHandle
 .bss.service_uuid
                0x20000038       0x10 ./BlueNRG_2/Custom_App/gatt_db.o
                0x20000038                service_uuid
 .bss.char_uuid
                0x20000048       0x10 ./BlueNRG_2/Custom_App/gatt_db.o
                0x20000048                char_uuid
 .bss.send_res  0x20000058        0x1 ./BlueNRG_2/Custom_App/gatt_db.o
                0x20000058                send_res
 .bss.send_cap  0x20000059        0x1 ./BlueNRG_2/Custom_App/gatt_db.o
                0x20000059                send_cap
 .bss.connection_handle
                0x2000005a        0x2 ./BlueNRG_2/Custom_App/sensor.o
                0x2000005a                connection_handle
 .bss.connected
                0x2000005c        0x1 ./BlueNRG_2/Custom_App/sensor.o
                0x2000005c                connected
 .bss.pairing   0x2000005d        0x1 ./BlueNRG_2/Custom_App/sensor.o
                0x2000005d                pairing
 .bss.paired    0x2000005e        0x1 ./BlueNRG_2/Custom_App/sensor.o
                0x2000005e                paired
 *fill*         0x2000005f        0x1 
 .bss.ResMeasurements
                0x20000060       0x1e ./BlueNRG_2/Custom_App/sensor.o
                0x20000060                ResMeasurements
 *fill*         0x2000007e        0x2 
 .bss.CapMeasurements
                0x20000080       0x3c ./BlueNRG_2/Custom_App/sensor.o
                0x20000080                CapMeasurements
 .bss.hexti6    0x200000bc        0xc ./BlueNRG_2/Target/hci_tl_interface.o
                0x200000bc                hexti6
 .bss.read_char_buf.0
                0x200000c8       0xff ./BlueNRG_2/Target/hci_tl_interface.o
 *fill*         0x200001c7        0x1 
 .bss.hspi1     0x200001c8       0x90 ./Core/Src/custom_bus.o
                0x200001c8                hspi1
 .bss.SPI1InitCounter
                0x20000258        0x4 ./Core/Src/custom_bus.o
 .bss.hadc1     0x2000025c       0x8c ./Core/Src/main.o
                0x2000025c                hadc1
 .bss.handle_GPDMA1_Channel0
                0x200002e8       0x78 ./Core/Src/main.o
                0x200002e8                handle_GPDMA1_Channel0
 .bss.hdac1     0x20000360       0x14 ./Core/Src/main.o
                0x20000360                hdac1
 .bss.hfdcan1   0x20000374       0x64 ./Core/Src/main.o
                0x20000374                hfdcan1
 .bss.hspi2     0x200003d8       0x90 ./Core/Src/main.o
                0x200003d8                hspi2
 .bss.htim17    0x20000468       0x4c ./Core/Src/main.o
                0x20000468                htim17
 .bss.DAC_Value1
                0x200004b4        0x2 ./Core/Src/main.o
                0x200004b4                DAC_Value1
 .bss.DAC_Value2
                0x200004b6        0x2 ./Core/Src/main.o
                0x200004b6                DAC_Value2
 .bss.ADC_Values
                0x200004b8       0x3c ./Core/Src/main.o
                0x200004b8                ADC_Values
 .bss.R_Values  0x200004f4       0x1e ./Core/Src/main.o
                0x200004f4                R_Values
 .bss.ADC_eoc_Flag
                0x20000512        0x1 ./Core/Src/main.o
                0x20000512                ADC_eoc_Flag
 *fill*         0x20000513        0x1 
 .bss.C_Values  0x20000514       0x3c ./Core/Src/main.o
                0x20000514                C_Values
 .bss.uwTick    0x20000550        0x4 ./Drivers/STM32U5xx_HAL_Driver/Src/stm32u5xx_hal.o
                0x20000550                uwTick
 .bss.hciReadPktPool
                0x20000554        0x8 ./Middlewares/ST/BlueNRG-2/hci/hci_tl_patterns/Basic/hci_tl.o
                0x20000554                hciReadPktPool
 .bss.hciReadPktRxQueue
                0x2000055c        0x8 ./Middlewares/ST/BlueNRG-2/hci/hci_tl_patterns/Basic/hci_tl.o
                0x2000055c                hciReadPktRxQueue
 .bss.hciReadPacketBuffer
                0x20000564      0x578 ./Middlewares/ST/BlueNRG-2/hci/hci_tl_patterns/Basic/hci_tl.o
 .bss.hciContext
                0x20000adc       0x20 ./Middlewares/ST/BlueNRG-2/hci/hci_tl_patterns/Basic/hci_tl.o
 *(COMMON)
                0x20000afc                        _ebss = .
                0x20000afc                        __bss_end__ = _ebss

._user_heap_stack
                0x20000afc      0x604 load address 0x0800e255
                0x20000b00                        . = ALIGN (0x8)
 *fill*         0x20000afc        0x4 
                [!provide]                        PROVIDE (end = .)
                0x20000b00                        PROVIDE (_end = .)
                0x20000d00                        . = (. + _Min_Heap_Size)
 *fill*         0x20000b00      0x200 
                0x20001100                        . = (. + _Min_Stack_Size)
 *fill*         0x20000d00      0x400 
                0x20001100                        . = ALIGN (0x8)

/DISCARD/
 libc.a(*)
 libm.a(*)